[0.074s] Invoking command in '/home/ros/scout_ws/build/scout_mini_base': CMAKE_PREFIX_PATH=${CMAKE_PREFIX_PATH}:/opt/ros/humble /usr/bin/cmake --build /home/ros/scout_ws/build/scout_mini_base -- -j6 -l6
[0.278s] Invoked command in '/home/ros/scout_ws/build/scout_mini_base' returned '0': CMAKE_PREFIX_PATH=${CMAKE_PREFIX_PATH}:/opt/ros/humble /usr/bin/cmake --build /home/ros/scout_ws/build/scout_mini_base -- -j6 -l6
[0.279s] Invoking command in '/home/ros/scout_ws/build/scout_mini_base': CMAKE_PREFIX_PATH=${CMAKE_PREFIX_PATH}:/opt/ros/humble /usr/bin/cmake --install /home/ros/scout_ws/build/scout_mini_base
[0.323s] -- Install configuration: ""
[0.324s] -- Execute custom install script
[0.325s] -- Up-to-date symlink: /home/ros/scout_ws/install/scout_mini_base/share/scout_mini_base/config/scout_mini.yaml
[0.325s] -- Up-to-date symlink: /home/ros/scout_ws/install/scout_mini_base/share/scout_mini_base/launch/base_launch.py
[0.325s] -- Up-to-date symlink: /home/ros/scout_ws/install/scout_mini_base/share/ament_index/resource_index/package_run_dependencies/scout_mini_base
[0.325s] -- Up-to-date symlink: /home/ros/scout_ws/install/scout_mini_base/share/ament_index/resource_index/parent_prefix_path/scout_mini_base
[0.326s] -- Up-to-date symlink: /home/ros/scout_ws/install/scout_mini_base/share/scout_mini_base/environment/ament_prefix_path.sh
[0.326s] -- Up-to-date symlink: /home/ros/scout_ws/install/scout_mini_base/share/scout_mini_base/environment/ament_prefix_path.dsv
[0.327s] -- Up-to-date symlink: /home/ros/scout_ws/install/scout_mini_base/share/scout_mini_base/environment/path.sh
[0.327s] -- Up-to-date symlink: /home/ros/scout_ws/install/scout_mini_base/share/scout_mini_base/environment/path.dsv
[0.327s] -- Up-to-date symlink: /home/ros/scout_ws/install/scout_mini_base/share/scout_mini_base/local_setup.bash
[0.328s] -- Up-to-date symlink: /home/ros/scout_ws/install/scout_mini_base/share/scout_mini_base/local_setup.sh
[0.328s] -- Up-to-date symlink: /home/ros/scout_ws/install/scout_mini_base/share/scout_mini_base/local_setup.zsh
[0.328s] -- Up-to-date symlink: /home/ros/scout_ws/install/scout_mini_base/share/scout_mini_base/local_setup.dsv
[0.329s] -- Symlinking: /home/ros/scout_ws/install/scout_mini_base/share/scout_mini_base/package.dsv
[0.355s] -- Up-to-date symlink: /home/ros/scout_ws/install/scout_mini_base/share/ament_index/resource_index/packages/scout_mini_base
[0.356s] -- Up-to-date symlink: /home/ros/scout_ws/install/scout_mini_base/share/scout_mini_base/cmake/scout_mini_baseConfig.cmake
[0.357s] -- Up-to-date symlink: /home/ros/scout_ws/install/scout_mini_base/share/scout_mini_base/cmake/scout_mini_baseConfig-version.cmake
[0.358s] -- Up-to-date symlink: /home/ros/scout_ws/install/scout_mini_base/share/scout_mini_base/package.xml
[0.369s] Invoked command in '/home/ros/scout_ws/build/scout_mini_base' returned '0': CMAKE_PREFIX_PATH=${CMAKE_PREFIX_PATH}:/opt/ros/humble /usr/bin/cmake --install /home/ros/scout_ws/build/scout_mini_base
