[0.035s] Invoking command in '/home/ros/scout_ws/build/scout_mini_description': CMAKE_PREFIX_PATH=${CMAKE_PREFIX_PATH}:/opt/ros/humble /usr/bin/cmake --build /home/ros/scout_ws/build/scout_mini_description -- -j6 -l6
[0.158s] Invoked command in '/home/ros/scout_ws/build/scout_mini_description' returned '0': CMAKE_PREFIX_PATH=${CMAKE_PREFIX_PATH}:/opt/ros/humble /usr/bin/cmake --build /home/ros/scout_ws/build/scout_mini_description -- -j6 -l6
[0.186s] Invoking command in '/home/ros/scout_ws/build/scout_mini_description': CMAKE_PREFIX_PATH=${CMAKE_PREFIX_PATH}:/opt/ros/humble /usr/bin/cmake --install /home/ros/scout_ws/build/scout_mini_description
[0.206s] -- Install configuration: ""
[0.206s] -- Up-to-date: /home/ros/scout_ws/install/scout_mini_description/share/scout_mini_description/launch
[0.208s] -- Up-to-date: /home/ros/scout_ws/install/scout_mini_description/share/scout_mini_description/launch/description_launch.py
[0.208s] -- Up-to-date: /home/ros/scout_ws/install/scout_mini_description/share/scout_mini_description/launch/install
[0.208s] -- Up-to-date: /home/ros/scout_ws/install/scout_mini_description/share/scout_mini_description/launch/install/setup.bash
[0.208s] -- Up-to-date: /home/ros/scout_ws/install/scout_mini_description/share/scout_mini_description/launch/install/local_setup.sh
[0.209s] -- Up-to-date: /home/ros/scout_ws/install/scout_mini_description/share/scout_mini_description/launch/install/setup.zsh
[0.209s] -- Up-to-date: /home/ros/scout_ws/install/scout_mini_description/share/scout_mini_description/launch/install/setup.sh
[0.209s] -- Up-to-date: /home/ros/scout_ws/install/scout_mini_description/share/scout_mini_description/launch/install/setup.ps1
[0.209s] -- Up-to-date: /home/ros/scout_ws/install/scout_mini_description/share/scout_mini_description/launch/install/local_setup.bash
[0.210s] -- Up-to-date: /home/ros/scout_ws/install/scout_mini_description/share/scout_mini_description/launch/install/local_setup.ps1
[0.210s] -- Up-to-date: /home/ros/scout_ws/install/scout_mini_description/share/scout_mini_description/launch/install/.colcon_install_layout
[0.211s] -- Up-to-date: /home/ros/scout_ws/install/scout_mini_description/share/scout_mini_description/launch/install/COLCON_IGNORE
[0.211s] -- Up-to-date: /home/ros/scout_ws/install/scout_mini_description/share/scout_mini_description/launch/install/_local_setup_util_ps1.py
[0.211s] -- Up-to-date: /home/ros/scout_ws/install/scout_mini_description/share/scout_mini_description/launch/install/local_setup.zsh
[0.212s] -- Up-to-date: /home/ros/scout_ws/install/scout_mini_description/share/scout_mini_description/launch/install/_local_setup_util_sh.py
[0.212s] -- Installing: /home/ros/scout_ws/install/scout_mini_description/share/scout_mini_description/launch/scout_auto.launch.py
[0.212s] -- Up-to-date: /home/ros/scout_ws/install/scout_mini_description/share/scout_mini_description/launch/log
[0.212s] -- Up-to-date: /home/ros/scout_ws/install/scout_mini_description/share/scout_mini_description/launch/log/latest_build
[0.213s] -- Up-to-date: /home/ros/scout_ws/install/scout_mini_description/share/scout_mini_description/launch/log/build_2026-02-06_18-03-59
[0.213s] -- Up-to-date: /home/ros/scout_ws/install/scout_mini_description/share/scout_mini_description/launch/log/build_2026-02-06_18-03-59/events.log
[0.214s] -- Up-to-date: /home/ros/scout_ws/install/scout_mini_description/share/scout_mini_description/launch/log/build_2026-02-06_18-03-59/logger_all.log
[0.214s] -- Up-to-date: /home/ros/scout_ws/install/scout_mini_description/share/scout_mini_description/launch/log/build_2026-02-06_18-03-30
[0.214s] -- Up-to-date: /home/ros/scout_ws/install/scout_mini_description/share/scout_mini_description/launch/log/build_2026-02-06_18-03-30/events.log
[0.214s] -- Up-to-date: /home/ros/scout_ws/install/scout_mini_description/share/scout_mini_description/launch/log/build_2026-02-06_18-03-30/logger_all.log
[0.215s] -- Up-to-date: /home/ros/scout_ws/install/scout_mini_description/share/scout_mini_description/launch/log/latest
[0.215s] -- Up-to-date: /home/ros/scout_ws/install/scout_mini_description/share/scout_mini_description/launch/log/COLCON_IGNORE
[0.215s] -- Up-to-date: /home/ros/scout_ws/install/scout_mini_description/share/scout_mini_description/launch/rviz2_launch.py
[0.216s] -- Up-to-date: /home/ros/scout_ws/install/scout_mini_description/share/scout_mini_description/launch/headless_sim_launch.py
[0.216s] -- Up-to-date: /home/ros/scout_ws/install/scout_mini_description/share/scout_mini_description/launch/navigation.launch.py
[0.216s] -- Up-to-date: /home/ros/scout_ws/install/scout_mini_description/share/scout_mini_description/launch/build
[0.216s] -- Up-to-date: /home/ros/scout_ws/install/scout_mini_description/share/scout_mini_description/launch/build/.built_by
[0.217s] -- Up-to-date: /home/ros/scout_ws/install/scout_mini_description/share/scout_mini_description/launch/build/COLCON_IGNORE
[0.217s] -- Up-to-date: /home/ros/scout_ws/install/scout_mini_description/share/scout_mini_description/launch/cartographer.launch.py
[0.217s] -- Up-to-date: /home/ros/scout_ws/install/scout_mini_description/share/scout_mini_description/meshes
[0.217s] -- Up-to-date: /home/ros/scout_ws/install/scout_mini_description/share/scout_mini_description/meshes/body.dae
[0.218s] -- Up-to-date: /home/ros/scout_ws/install/scout_mini_description/share/scout_mini_description/meshes/wheel.dae
[0.218s] -- Up-to-date: /home/ros/scout_ws/install/scout_mini_description/share/scout_mini_description/rviz
[0.218s] -- Up-to-date: /home/ros/scout_ws/install/scout_mini_description/share/scout_mini_description/rviz/scout_mini.rviz
[0.218s] -- Up-to-date: /home/ros/scout_ws/install/scout_mini_description/share/scout_mini_description/urdf
[0.219s] -- Up-to-date: /home/ros/scout_ws/install/scout_mini_description/share/scout_mini_description/urdf/scout_mini.urdf.xacro.bak
[0.219s] -- Installing: /home/ros/scout_ws/install/scout_mini_description/share/scout_mini_description/urdf/scout_mini.urdf.xacro
[0.219s] -- Up-to-date: /home/ros/scout_ws/install/scout_mini_description/share/scout_mini_description/config
[0.219s] -- Up-to-date: /home/ros/scout_ws/install/scout_mini_description/share/scout_mini_description/config/scout_nav2.yaml
[0.219s] -- Up-to-date: /home/ros/scout_ws/install/scout_mini_description/share/scout_mini_description/config/scout_cartographer.lua
[0.220s] -- Up-to-date: /home/ros/scout_ws/install/scout_mini_description/share/scout_mini_description/worlds
[0.220s] -- Up-to-date: /home/ros/scout_ws/install/scout_mini_description/share/scout_mini_description/worlds/turtlebot3_slow.world
[0.220s] -- Up-to-date: /home/ros/scout_ws/install/scout_mini_description/share/scout_mini_description/maps
[0.221s] -- Up-to-date: /home/ros/scout_ws/install/scout_mini_description/share/scout_mini_description/maps/my_scout_map.yaml
[0.222s] -- Up-to-date: /home/ros/scout_ws/install/scout_mini_description/share/scout_mini_description/maps/my_scout_map.pgm
[0.222s] -- Up-to-date: /home/ros/scout_ws/install/scout_mini_description/share/ament_index/resource_index/package_run_dependencies/scout_mini_description
[0.223s] -- Up-to-date: /home/ros/scout_ws/install/scout_mini_description/share/ament_index/resource_index/parent_prefix_path/scout_mini_description
[0.223s] -- Up-to-date: /home/ros/scout_ws/install/scout_mini_description/share/scout_mini_description/environment/ament_prefix_path.sh
[0.225s] -- Up-to-date: /home/ros/scout_ws/install/scout_mini_description/share/scout_mini_description/environment/ament_prefix_path.dsv
[0.225s] -- Up-to-date: /home/ros/scout_ws/install/scout_mini_description/share/scout_mini_description/environment/path.sh
[0.227s] -- Up-to-date: /home/ros/scout_ws/install/scout_mini_description/share/scout_mini_description/environment/path.dsv
[0.227s] -- Up-to-date: /home/ros/scout_ws/install/scout_mini_description/share/scout_mini_description/local_setup.bash
[0.227s] -- Up-to-date: /home/ros/scout_ws/install/scout_mini_description/share/scout_mini_description/local_setup.sh
[0.228s] -- Up-to-date: /home/ros/scout_ws/install/scout_mini_description/share/scout_mini_description/local_setup.zsh
[0.228s] -- Up-to-date: /home/ros/scout_ws/install/scout_mini_description/share/scout_mini_description/local_setup.dsv
[0.229s] -- Installing: /home/ros/scout_ws/install/scout_mini_description/share/scout_mini_description/package.dsv
[0.229s] -- Up-to-date: /home/ros/scout_ws/install/scout_mini_description/share/ament_index/resource_index/packages/scout_mini_description
[0.230s] -- Up-to-date: /home/ros/scout_ws/install/scout_mini_description/share/scout_mini_description/cmake/scout_mini_descriptionConfig.cmake
[0.230s] -- Up-to-date: /home/ros/scout_ws/install/scout_mini_description/share/scout_mini_description/cmake/scout_mini_descriptionConfig-version.cmake
[0.230s] -- Up-to-date: /home/ros/scout_ws/install/scout_mini_description/share/scout_mini_description/package.xml
[0.231s] Invoked command in '/home/ros/scout_ws/build/scout_mini_description' returned '0': CMAKE_PREFIX_PATH=${CMAKE_PREFIX_PATH}:/opt/ros/humble /usr/bin/cmake --install /home/ros/scout_ws/build/scout_mini_description
