[  1%] [34m[1mGenerating C code for ROS interfaces[0m
[  2%] [34m[1mGenerating C++ code for ROS interfaces[0m
[  2%] Built target ament_cmake_python_symlink_scout_mini_msgs
running egg_info
creating scout_mini_msgs.egg-info
writing scout_mini_msgs.egg-info/PKG-INFO
writing dependency_links to scout_mini_msgs.egg-info/dependency_links.txt
writing top-level names to scout_mini_msgs.egg-info/top_level.txt
writing manifest file 'scout_mini_msgs.egg-info/SOURCES.txt'
reading manifest file 'scout_mini_msgs.egg-info/SOURCES.txt'
writing manifest file 'scout_mini_msgs.egg-info/SOURCES.txt'
[  2%] Built target ament_cmake_python_build_scout_mini_msgs_egg
[  2%] Built target scout_mini_msgs__cpp
[  4%] [32mBuilding C object CMakeFiles/scout_mini_msgs__rosidl_generator_c.dir/rosidl_generator_c/scout_mini_msgs/msg/detail/light_state__functions.c.o[0m
[  5%] [32mBuilding C object CMakeFiles/scout_mini_msgs__rosidl_generator_c.dir/rosidl_generator_c/scout_mini_msgs/msg/detail/fault_state__functions.c.o[0m
[  7%] [32mBuilding C object CMakeFiles/scout_mini_msgs__rosidl_generator_c.dir/rosidl_generator_c/scout_mini_msgs/msg/detail/driver_state__functions.c.o[0m
[  8%] [32mBuilding C object CMakeFiles/scout_mini_msgs__rosidl_generator_c.dir/rosidl_generator_c/scout_mini_msgs/msg/detail/motor_state__functions.c.o[0m
[  9%] [32mBuilding C object CMakeFiles/scout_mini_msgs__rosidl_generator_c.dir/rosidl_generator_c/scout_mini_msgs/msg/detail/light_command__functions.c.o[0m
[ 11%] [32mBuilding C object CMakeFiles/scout_mini_msgs__rosidl_generator_c.dir/rosidl_generator_c/scout_mini_msgs/msg/detail/robot_state__functions.c.o[0m
[ 12%] [34m[1mGenerating C++ type support dispatch for ROS interfaces[0m
[ 14%] [34m[1mGenerating C++ type support for eProsima Fast-RTPS[0m
[ 15%] [34m[1mGenerating C++ introspection for ROS interfaces[0m
[ 16%] [32m[1mLinking C shared library libscout_mini_msgs__rosidl_generator_c.so[0m
[ 16%] Built target scout_mini_msgs__rosidl_generator_c
[ 18%] [34m[1mGenerating C introspection for ROS interfaces[0m
[ 19%] [34m[1mGenerating C type support for eProsima Fast-RTPS[0m
[ 21%] [34m[1mGenerating C type support dispatch for ROS interfaces[0m
[ 22%] [32mBuilding CXX object CMakeFiles/scout_mini_msgs__rosidl_typesupport_cpp.dir/rosidl_typesupport_cpp/scout_mini_msgs/msg/driver_state__type_support.cpp.o[0m
[ 23%] [32mBuilding CXX object CMakeFiles/scout_mini_msgs__rosidl_typesupport_fastrtps_cpp.dir/rosidl_typesupport_fastrtps_cpp/scout_mini_msgs/msg/detail/dds_fastrtps/driver_state__type_support.cpp.o[0m
[ 25%] [32mBuilding CXX object CMakeFiles/scout_mini_msgs__rosidl_typesupport_introspection_cpp.dir/rosidl_typesupport_introspection_cpp/scout_mini_msgs/msg/detail/driver_state__type_support.cpp.o[0m
[ 26%] [32mBuilding CXX object CMakeFiles/scout_mini_msgs__rosidl_typesupport_c.dir/rosidl_typesupport_c/scout_mini_msgs/msg/driver_state__type_support.cpp.o[0m
[ 28%] [32mBuilding CXX object CMakeFiles/scout_mini_msgs__rosidl_typesupport_c.dir/rosidl_typesupport_c/scout_mini_msgs/msg/fault_state__type_support.cpp.o[0m
[ 29%] [32mBuilding CXX object CMakeFiles/scout_mini_msgs__rosidl_typesupport_c.dir/rosidl_typesupport_c/scout_mini_msgs/msg/light_command__type_support.cpp.o[0m
[ 30%] [32mBuilding C object CMakeFiles/scout_mini_msgs__rosidl_typesupport_introspection_c.dir/rosidl_typesupport_introspection_c/scout_mini_msgs/msg/detail/driver_state__type_support.c.o[0m
[ 32%] [32mBuilding CXX object CMakeFiles/scout_mini_msgs__rosidl_typesupport_fastrtps_c.dir/rosidl_typesupport_fastrtps_c/scout_mini_msgs/msg/detail/driver_state__type_support_c.cpp.o[0m
[ 33%] [32mBuilding CXX object CMakeFiles/scout_mini_msgs__rosidl_typesupport_c.dir/rosidl_typesupport_c/scout_mini_msgs/msg/light_state__type_support.cpp.o[0m
[ 35%] [32mBuilding C object CMakeFiles/scout_mini_msgs__rosidl_typesupport_introspection_c.dir/rosidl_typesupport_introspection_c/scout_mini_msgs/msg/detail/fault_state__type_support.c.o[0m
[ 36%] [32mBuilding CXX object CMakeFiles/scout_mini_msgs__rosidl_typesupport_c.dir/rosidl_typesupport_c/scout_mini_msgs/msg/motor_state__type_support.cpp.o[0m
[ 38%] [32mBuilding CXX object CMakeFiles/scout_mini_msgs__rosidl_typesupport_cpp.dir/rosidl_typesupport_cpp/scout_mini_msgs/msg/fault_state__type_support.cpp.o[0m
[ 39%] [32mBuilding CXX object CMakeFiles/scout_mini_msgs__rosidl_typesupport_c.dir/rosidl_typesupport_c/scout_mini_msgs/msg/robot_state__type_support.cpp.o[0m
[ 40%] [32mBuilding C object CMakeFiles/scout_mini_msgs__rosidl_typesupport_introspection_c.dir/rosidl_typesupport_introspection_c/scout_mini_msgs/msg/detail/light_command__type_support.c.o[0m
[ 42%] [32m[1mLinking CXX shared library libscout_mini_msgs__rosidl_typesupport_c.so[0m
[ 43%] [32mBuilding C object CMakeFiles/scout_mini_msgs__rosidl_typesupport_introspection_c.dir/rosidl_typesupport_introspection_c/scout_mini_msgs/msg/detail/light_state__type_support.c.o[0m
[ 45%] [32mBuilding C object CMakeFiles/scout_mini_msgs__rosidl_typesupport_introspection_c.dir/rosidl_typesupport_introspection_c/scout_mini_msgs/msg/detail/motor_state__type_support.c.o[0m
[ 45%] Built target scout_mini_msgs__rosidl_typesupport_c
[ 46%] [32mBuilding CXX object CMakeFiles/scout_mini_msgs__rosidl_typesupport_introspection_cpp.dir/rosidl_typesupport_introspection_cpp/scout_mini_msgs/msg/detail/fault_state__type_support.cpp.o[0m
[ 47%] [32mBuilding CXX object CMakeFiles/scout_mini_msgs__rosidl_typesupport_cpp.dir/rosidl_typesupport_cpp/scout_mini_msgs/msg/light_command__type_support.cpp.o[0m
[ 49%] [32mBuilding CXX object CMakeFiles/scout_mini_msgs__rosidl_typesupport_fastrtps_cpp.dir/rosidl_typesupport_fastrtps_cpp/scout_mini_msgs/msg/detail/dds_fastrtps/fault_state__type_support.cpp.o[0m
[ 50%] [32mBuilding C object CMakeFiles/scout_mini_msgs__rosidl_typesupport_introspection_c.dir/rosidl_typesupport_introspection_c/scout_mini_msgs/msg/detail/robot_state__type_support.c.o[0m
[ 52%] [32m[1mLinking C shared library libscout_mini_msgs__rosidl_typesupport_introspection_c.so[0m
[ 53%] [32mBuilding CXX object CMakeFiles/scout_mini_msgs__rosidl_typesupport_fastrtps_c.dir/rosidl_typesupport_fastrtps_c/scout_mini_msgs/msg/detail/fault_state__type_support_c.cpp.o[0m
[ 54%] [32mBuilding CXX object CMakeFiles/scout_mini_msgs__rosidl_typesupport_fastrtps_cpp.dir/rosidl_typesupport_fastrtps_cpp/scout_mini_msgs/msg/detail/dds_fastrtps/light_command__type_support.cpp.o[0m
[ 54%] Built target scout_mini_msgs__rosidl_typesupport_introspection_c
[ 56%] [32mBuilding CXX object CMakeFiles/scout_mini_msgs__rosidl_typesupport_introspection_cpp.dir/rosidl_typesupport_introspection_cpp/scout_mini_msgs/msg/detail/light_command__type_support.cpp.o[0m
[ 57%] [32mBuilding CXX object CMakeFiles/scout_mini_msgs__rosidl_typesupport_cpp.dir/rosidl_typesupport_cpp/scout_mini_msgs/msg/light_state__type_support.cpp.o[0m
[ 59%] [32mBuilding CXX object CMakeFiles/scout_mini_msgs__rosidl_typesupport_fastrtps_c.dir/rosidl_typesupport_fastrtps_c/scout_mini_msgs/msg/detail/light_command__type_support_c.cpp.o[0m
[ 60%] [32mBuilding CXX object CMakeFiles/scout_mini_msgs__rosidl_typesupport_cpp.dir/rosidl_typesupport_cpp/scout_mini_msgs/msg/motor_state__type_support.cpp.o[0m
[ 61%] [32mBuilding CXX object CMakeFiles/scout_mini_msgs__rosidl_typesupport_fastrtps_c.dir/rosidl_typesupport_fastrtps_c/scout_mini_msgs/msg/detail/light_state__type_support_c.cpp.o[0m
[ 63%] [32mBuilding CXX object CMakeFiles/scout_mini_msgs__rosidl_typesupport_introspection_cpp.dir/rosidl_typesupport_introspection_cpp/scout_mini_msgs/msg/detail/light_state__type_support.cpp.o[0m
[ 64%] [32mBuilding CXX object CMakeFiles/scout_mini_msgs__rosidl_typesupport_fastrtps_cpp.dir/rosidl_typesupport_fastrtps_cpp/scout_mini_msgs/msg/detail/dds_fastrtps/light_state__type_support.cpp.o[0m
[ 66%] [32mBuilding CXX object CMakeFiles/scout_mini_msgs__rosidl_typesupport_fastrtps_c.dir/rosidl_typesupport_fastrtps_c/scout_mini_msgs/msg/detail/motor_state__type_support_c.cpp.o[0m
[ 67%] [32mBuilding CXX object CMakeFiles/scout_mini_msgs__rosidl_typesupport_cpp.dir/rosidl_typesupport_cpp/scout_mini_msgs/msg/robot_state__type_support.cpp.o[0m
[ 69%] [32mBuilding CXX object CMakeFiles/scout_mini_msgs__rosidl_typesupport_fastrtps_c.dir/rosidl_typesupport_fastrtps_c/scout_mini_msgs/msg/detail/robot_state__type_support_c.cpp.o[0m
[ 70%] [32mBuilding CXX object CMakeFiles/scout_mini_msgs__rosidl_typesupport_introspection_cpp.dir/rosidl_typesupport_introspection_cpp/scout_mini_msgs/msg/detail/motor_state__type_support.cpp.o[0m
[ 71%] [32mBuilding CXX object CMakeFiles/scout_mini_msgs__rosidl_typesupport_fastrtps_cpp.dir/rosidl_typesupport_fastrtps_cpp/scout_mini_msgs/msg/detail/dds_fastrtps/motor_state__type_support.cpp.o[0m
[ 73%] [32mBuilding CXX object CMakeFiles/scout_mini_msgs__rosidl_typesupport_introspection_cpp.dir/rosidl_typesupport_introspection_cpp/scout_mini_msgs/msg/detail/robot_state__type_support.cpp.o[0m
[ 74%] [32mBuilding CXX object CMakeFiles/scout_mini_msgs__rosidl_typesupport_fastrtps_cpp.dir/rosidl_typesupport_fastrtps_cpp/scout_mini_msgs/msg/detail/dds_fastrtps/robot_state__type_support.cpp.o[0m
[ 76%] [32m[1mLinking CXX shared library libscout_mini_msgs__rosidl_typesupport_cpp.so[0m
[ 76%] Built target scout_mini_msgs__rosidl_typesupport_cpp
[ 77%] [32m[1mLinking CXX shared library libscout_mini_msgs__rosidl_typesupport_fastrtps_c.so[0m
[ 77%] Built target scout_mini_msgs__rosidl_typesupport_fastrtps_c
[ 78%] [32m[1mLinking CXX shared library libscout_mini_msgs__rosidl_typesupport_fastrtps_cpp.so[0m
[ 80%] [32m[1mLinking CXX shared library libscout_mini_msgs__rosidl_typesupport_introspection_cpp.so[0m
[ 80%] Built target scout_mini_msgs__rosidl_typesupport_fastrtps_cpp
[ 80%] Built target scout_mini_msgs__rosidl_typesupport_introspection_cpp
[ 80%] Built target scout_mini_msgs
[ 81%] [34m[1mGenerating Python code for ROS interfaces[0m
[ 81%] Built target scout_mini_msgs__py
[ 83%] [32mBuilding C object CMakeFiles/scout_mini_msgs__rosidl_generator_py.dir/rosidl_generator_py/scout_mini_msgs/msg/_fault_state_s.c.o[0m
[ 84%] [32mBuilding C object CMakeFiles/scout_mini_msgs__rosidl_generator_py.dir/rosidl_generator_py/scout_mini_msgs/msg/_driver_state_s.c.o[0m
[ 85%] [32mBuilding C object CMakeFiles/scout_mini_msgs__rosidl_generator_py.dir/rosidl_generator_py/scout_mini_msgs/msg/_motor_state_s.c.o[0m
[ 87%] [32mBuilding C object CMakeFiles/scout_mini_msgs__rosidl_generator_py.dir/rosidl_generator_py/scout_mini_msgs/msg/_light_state_s.c.o[0m
[ 88%] [32mBuilding C object CMakeFiles/scout_mini_msgs__rosidl_generator_py.dir/rosidl_generator_py/scout_mini_msgs/msg/_robot_state_s.c.o[0m
[ 90%] [32mBuilding C object CMakeFiles/scout_mini_msgs__rosidl_generator_py.dir/rosidl_generator_py/scout_mini_msgs/msg/_light_command_s.c.o[0m
[ 91%] [32m[1mLinking C shared library rosidl_generator_py/scout_mini_msgs/libscout_mini_msgs__rosidl_generator_py.so[0m
[ 91%] Built target scout_mini_msgs__rosidl_generator_py
[ 92%] [32mBuilding C object CMakeFiles/scout_mini_msgs__rosidl_typesupport_introspection_c__pyext.dir/rosidl_generator_py/scout_mini_msgs/_scout_mini_msgs_s.ep.rosidl_typesupport_introspection_c.c.o[0m
[ 94%] [32mBuilding C object CMakeFiles/scout_mini_msgs__rosidl_typesupport_fastrtps_c__pyext.dir/rosidl_generator_py/scout_mini_msgs/_scout_mini_msgs_s.ep.rosidl_typesupport_fastrtps_c.c.o[0m
[ 95%] [32mBuilding C object CMakeFiles/scout_mini_msgs__rosidl_typesupport_c__pyext.dir/rosidl_generator_py/scout_mini_msgs/_scout_mini_msgs_s.ep.rosidl_typesupport_c.c.o[0m
[ 97%] [32m[1mLinking C shared library rosidl_generator_py/scout_mini_msgs/scout_mini_msgs_s__rosidl_typesupport_c.cpython-310-x86_64-linux-gnu.so[0m
[ 98%] [32m[1mLinking C shared library rosidl_generator_py/scout_mini_msgs/scout_mini_msgs_s__rosidl_typesupport_introspection_c.cpython-310-x86_64-linux-gnu.so[0m
[100%] [32m[1mLinking C shared library rosidl_generator_py/scout_mini_msgs/scout_mini_msgs_s__rosidl_typesupport_fastrtps_c.cpython-310-x86_64-linux-gnu.so[0m
[100%] Built target scout_mini_msgs__rosidl_typesupport_c__pyext
[100%] Built target scout_mini_msgs__rosidl_typesupport_introspection_c__pyext
[100%] Built target scout_mini_msgs__rosidl_typesupport_fastrtps_c__pyext
