[0.268s] DEBUG:colcon:Command line arguments: ['/usr/bin/colcon', 'build', '--symlink-install']
[0.268s] DEBUG:colcon:Parsed command line arguments: Namespace(log_base=None, log_level=None, verb_name='build', build_base='build', install_base='install', merge_install=False, symlink_install=True, test_result_base=None, continue_on_error=False, executor='parallel', parallel_workers=6, event_handlers=None, ignore_user_meta=False, metas=['./colcon.meta'], base_paths=['.'], packages_ignore=None, packages_ignore_regex=None, paths=None, packages_up_to=None, packages_up_to_regex=None, packages_above=None, packages_above_and_dependencies=None, packages_above_depth=None, packages_select_by_dep=None, packages_skip_by_dep=None, packages_skip_up_to=None, packages_select_build_failed=False, packages_skip_build_finished=False, packages_select_test_failures=False, packages_skip_test_passed=False, packages_select=None, packages_skip=None, packages_select_regex=None, packages_skip_regex=None, packages_start=None, packages_end=None, allow_overriding=[], cmake_args=None, cmake_target=None, cmake_target_skip_unavailable=False, cmake_clean_cache=False, cmake_clean_first=False, cmake_force_configure=False, ament_cmake_args=None, catkin_cmake_args=None, catkin_skip_building_tests=False, mixin_files=None, mixin=None, verb_parser=<colcon_mixin.mixin.mixin_argument.MixinArgumentDecorator object at 0x752aa9a66c20>, verb_extension=<colcon_core.verb.build.BuildVerb object at 0x752aa9a66770>, main=<bound method BuildVerb.main of <colcon_core.verb.build.BuildVerb object at 0x752aa9a66770>>, mixin_verb=('build',))
[0.665s] Level 1:colcon.colcon_core.package_discovery:discover_packages(colcon_meta) check parameters
[0.665s] Level 1:colcon.colcon_core.package_discovery:discover_packages(recursive) check parameters
[0.665s] Level 1:colcon.colcon_core.package_discovery:discover_packages(ignore) check parameters
[0.665s] Level 1:colcon.colcon_core.package_discovery:discover_packages(path) check parameters
[0.665s] Level 1:colcon.colcon_core.package_discovery:discover_packages(colcon_meta) discover
[0.665s] Level 1:colcon.colcon_core.package_discovery:discover_packages(recursive) discover
[0.665s] INFO:colcon.colcon_core.package_discovery:Crawling recursively for packages in '/home/ros/scout_ws'
[0.666s] Level 1:colcon.colcon_core.package_identification:_identify(.) by extensions ['ignore', 'ignore_ament_install']
[0.666s] Level 1:colcon.colcon_core.package_identification:_identify(.) by extension 'ignore'
[0.666s] Level 1:colcon.colcon_core.package_identification:_identify(.) by extension 'ignore_ament_install'
[0.666s] Level 1:colcon.colcon_core.package_identification:_identify(.) by extensions ['colcon_pkg']
[0.666s] Level 1:colcon.colcon_core.package_identification:_identify(.) by extension 'colcon_pkg'
[0.666s] Level 1:colcon.colcon_core.package_identification:_identify(.) by extensions ['colcon_meta']
[0.666s] Level 1:colcon.colcon_core.package_identification:_identify(.) by extension 'colcon_meta'
[0.666s] Level 1:colcon.colcon_core.package_identification:_identify(.) by extensions ['ros']
[0.667s] Level 1:colcon.colcon_core.package_identification:_identify(.) by extension 'ros'
[0.688s] Level 1:colcon.colcon_core.package_identification:_identify(.) by extensions ['cmake', 'python']
[0.688s] Level 1:colcon.colcon_core.package_identification:_identify(.) by extension 'cmake'
[0.688s] Level 1:colcon.colcon_core.package_identification:_identify(.) by extension 'python'
[0.688s] Level 1:colcon.colcon_core.package_identification:_identify(.) by extensions ['python_setup_py']
[0.688s] Level 1:colcon.colcon_core.package_identification:_identify(.) by extension 'python_setup_py'
[0.688s] Level 1:colcon.colcon_core.package_identification:_identify(build) by extensions ['ignore', 'ignore_ament_install']
[0.689s] Level 1:colcon.colcon_core.package_identification:_identify(build) by extension 'ignore'
[0.689s] Level 1:colcon.colcon_core.package_identification:_identify(build) ignored
[0.689s] Level 1:colcon.colcon_core.package_identification:_identify(config) by extensions ['ignore', 'ignore_ament_install']
[0.689s] Level 1:colcon.colcon_core.package_identification:_identify(config) by extension 'ignore'
[0.689s] Level 1:colcon.colcon_core.package_identification:_identify(config) by extension 'ignore_ament_install'
[0.689s] Level 1:colcon.colcon_core.package_identification:_identify(config) by extensions ['colcon_pkg']
[0.689s] Level 1:colcon.colcon_core.package_identification:_identify(config) by extension 'colcon_pkg'
[0.690s] Level 1:colcon.colcon_core.package_identification:_identify(config) by extensions ['colcon_meta']
[0.690s] Level 1:colcon.colcon_core.package_identification:_identify(config) by extension 'colcon_meta'
[0.690s] Level 1:colcon.colcon_core.package_identification:_identify(config) by extensions ['ros']
[0.690s] Level 1:colcon.colcon_core.package_identification:_identify(config) by extension 'ros'
[0.690s] Level 1:colcon.colcon_core.package_identification:_identify(config) by extensions ['cmake', 'python']
[0.690s] Level 1:colcon.colcon_core.package_identification:_identify(config) by extension 'cmake'
[0.690s] Level 1:colcon.colcon_core.package_identification:_identify(config) by extension 'python'
[0.690s] Level 1:colcon.colcon_core.package_identification:_identify(config) by extensions ['python_setup_py']
[0.690s] Level 1:colcon.colcon_core.package_identification:_identify(config) by extension 'python_setup_py'
[0.691s] Level 1:colcon.colcon_core.package_identification:_identify(install) by extensions ['ignore', 'ignore_ament_install']
[0.691s] Level 1:colcon.colcon_core.package_identification:_identify(install) by extension 'ignore'
[0.691s] Level 1:colcon.colcon_core.package_identification:_identify(install) ignored
[0.691s] Level 1:colcon.colcon_core.package_identification:_identify(log) by extensions ['ignore', 'ignore_ament_install']
[0.691s] Level 1:colcon.colcon_core.package_identification:_identify(log) by extension 'ignore'
[0.691s] Level 1:colcon.colcon_core.package_identification:_identify(log) ignored
[0.692s] Level 1:colcon.colcon_core.package_identification:_identify(src) by extensions ['ignore', 'ignore_ament_install']
[0.692s] Level 1:colcon.colcon_core.package_identification:_identify(src) by extension 'ignore'
[0.692s] Level 1:colcon.colcon_core.package_identification:_identify(src) by extension 'ignore_ament_install'
[0.692s] Level 1:colcon.colcon_core.package_identification:_identify(src) by extensions ['colcon_pkg']
[0.692s] Level 1:colcon.colcon_core.package_identification:_identify(src) by extension 'colcon_pkg'
[0.692s] Level 1:colcon.colcon_core.package_identification:_identify(src) by extensions ['colcon_meta']
[0.692s] Level 1:colcon.colcon_core.package_identification:_identify(src) by extension 'colcon_meta'
[0.693s] Level 1:colcon.colcon_core.package_identification:_identify(src) by extensions ['ros']
[0.693s] Level 1:colcon.colcon_core.package_identification:_identify(src) by extension 'ros'
[0.693s] Level 1:colcon.colcon_core.package_identification:_identify(src) by extensions ['cmake', 'python']
[0.693s] Level 1:colcon.colcon_core.package_identification:_identify(src) by extension 'cmake'
[0.693s] Level 1:colcon.colcon_core.package_identification:_identify(src) by extension 'python'
[0.693s] Level 1:colcon.colcon_core.package_identification:_identify(src) by extensions ['python_setup_py']
[0.693s] Level 1:colcon.colcon_core.package_identification:_identify(src) by extension 'python_setup_py'
[0.694s] Level 1:colcon.colcon_core.package_identification:_identify(src/scout_mini_ros2) by extensions ['ignore', 'ignore_ament_install']
[0.694s] Level 1:colcon.colcon_core.package_identification:_identify(src/scout_mini_ros2) by extension 'ignore'
[0.694s] Level 1:colcon.colcon_core.package_identification:_identify(src/scout_mini_ros2) by extension 'ignore_ament_install'
[0.694s] Level 1:colcon.colcon_core.package_identification:_identify(src/scout_mini_ros2) by extensions ['colcon_pkg']
[0.694s] Level 1:colcon.colcon_core.package_identification:_identify(src/scout_mini_ros2) by extension 'colcon_pkg'
[0.694s] Level 1:colcon.colcon_core.package_identification:_identify(src/scout_mini_ros2) by extensions ['colcon_meta']
[0.694s] Level 1:colcon.colcon_core.package_identification:_identify(src/scout_mini_ros2) by extension 'colcon_meta'
[0.694s] Level 1:colcon.colcon_core.package_identification:_identify(src/scout_mini_ros2) by extensions ['ros']
[0.694s] Level 1:colcon.colcon_core.package_identification:_identify(src/scout_mini_ros2) by extension 'ros'
[0.694s] Level 1:colcon.colcon_core.package_identification:_identify(src/scout_mini_ros2) by extensions ['cmake', 'python']
[0.695s] Level 1:colcon.colcon_core.package_identification:_identify(src/scout_mini_ros2) by extension 'cmake'
[0.695s] Level 1:colcon.colcon_core.package_identification:_identify(src/scout_mini_ros2) by extension 'python'
[0.695s] Level 1:colcon.colcon_core.package_identification:_identify(src/scout_mini_ros2) by extensions ['python_setup_py']
[0.695s] Level 1:colcon.colcon_core.package_identification:_identify(src/scout_mini_ros2) by extension 'python_setup_py'
[0.695s] Level 1:colcon.colcon_core.package_identification:_identify(src/scout_mini_ros2/scout_mini_base) by extensions ['ignore', 'ignore_ament_install']
[0.695s] Level 1:colcon.colcon_core.package_identification:_identify(src/scout_mini_ros2/scout_mini_base) by extension 'ignore'
[0.695s] Level 1:colcon.colcon_core.package_identification:_identify(src/scout_mini_ros2/scout_mini_base) by extension 'ignore_ament_install'
[0.695s] Level 1:colcon.colcon_core.package_identification:_identify(src/scout_mini_ros2/scout_mini_base) by extensions ['colcon_pkg']
[0.695s] Level 1:colcon.colcon_core.package_identification:_identify(src/scout_mini_ros2/scout_mini_base) by extension 'colcon_pkg'
[0.695s] Level 1:colcon.colcon_core.package_identification:_identify(src/scout_mini_ros2/scout_mini_base) by extensions ['colcon_meta']
[0.695s] Level 1:colcon.colcon_core.package_identification:_identify(src/scout_mini_ros2/scout_mini_base) by extension 'colcon_meta'
[0.696s] Level 1:colcon.colcon_core.package_identification:_identify(src/scout_mini_ros2/scout_mini_base) by extensions ['ros']
[0.696s] Level 1:colcon.colcon_core.package_identification:_identify(src/scout_mini_ros2/scout_mini_base) by extension 'ros'
[0.699s] DEBUG:colcon.colcon_core.package_identification:Package 'src/scout_mini_ros2/scout_mini_base' with type 'ros.ament_cmake' and name 'scout_mini_base'
[0.699s] Level 1:colcon.colcon_core.package_identification:_identify(src/scout_mini_ros2/scout_mini_description) by extensions ['ignore', 'ignore_ament_install']
[0.700s] Level 1:colcon.colcon_core.package_identification:_identify(src/scout_mini_ros2/scout_mini_description) by extension 'ignore'
[0.700s] Level 1:colcon.colcon_core.package_identification:_identify(src/scout_mini_ros2/scout_mini_description) by extension 'ignore_ament_install'
[0.700s] Level 1:colcon.colcon_core.package_identification:_identify(src/scout_mini_ros2/scout_mini_description) by extensions ['colcon_pkg']
[0.700s] Level 1:colcon.colcon_core.package_identification:_identify(src/scout_mini_ros2/scout_mini_description) by extension 'colcon_pkg'
[0.700s] Level 1:colcon.colcon_core.package_identification:_identify(src/scout_mini_ros2/scout_mini_description) by extensions ['colcon_meta']
[0.700s] Level 1:colcon.colcon_core.package_identification:_identify(src/scout_mini_ros2/scout_mini_description) by extension 'colcon_meta'
[0.700s] Level 1:colcon.colcon_core.package_identification:_identify(src/scout_mini_ros2/scout_mini_description) by extensions ['ros']
[0.700s] Level 1:colcon.colcon_core.package_identification:_identify(src/scout_mini_ros2/scout_mini_description) by extension 'ros'
[0.701s] DEBUG:colcon.colcon_core.package_identification:Package 'src/scout_mini_ros2/scout_mini_description' with type 'ros.ament_cmake' and name 'scout_mini_description'
[0.701s] Level 1:colcon.colcon_core.package_identification:_identify(src/scout_mini_ros2/scout_mini_hardware) by extensions ['ignore', 'ignore_ament_install']
[0.701s] Level 1:colcon.colcon_core.package_identification:_identify(src/scout_mini_ros2/scout_mini_hardware) by extension 'ignore'
[0.701s] Level 1:colcon.colcon_core.package_identification:_identify(src/scout_mini_ros2/scout_mini_hardware) by extension 'ignore_ament_install'
[0.701s] Level 1:colcon.colcon_core.package_identification:_identify(src/scout_mini_ros2/scout_mini_hardware) by extensions ['colcon_pkg']
[0.701s] Level 1:colcon.colcon_core.package_identification:_identify(src/scout_mini_ros2/scout_mini_hardware) by extension 'colcon_pkg'
[0.702s] Level 1:colcon.colcon_core.package_identification:_identify(src/scout_mini_ros2/scout_mini_hardware) by extensions ['colcon_meta']
[0.702s] Level 1:colcon.colcon_core.package_identification:_identify(src/scout_mini_ros2/scout_mini_hardware) by extension 'colcon_meta'
[0.702s] Level 1:colcon.colcon_core.package_identification:_identify(src/scout_mini_ros2/scout_mini_hardware) by extensions ['ros']
[0.702s] Level 1:colcon.colcon_core.package_identification:_identify(src/scout_mini_ros2/scout_mini_hardware) by extension 'ros'
[0.703s] DEBUG:colcon.colcon_core.package_identification:Package 'src/scout_mini_ros2/scout_mini_hardware' with type 'ros.ament_cmake' and name 'scout_mini_hardware'
[0.703s] Level 1:colcon.colcon_core.package_identification:_identify(src/scout_mini_ros2/scout_mini_msgs) by extensions ['ignore', 'ignore_ament_install']
[0.704s] Level 1:colcon.colcon_core.package_identification:_identify(src/scout_mini_ros2/scout_mini_msgs) by extension 'ignore'
[0.704s] Level 1:colcon.colcon_core.package_identification:_identify(src/scout_mini_ros2/scout_mini_msgs) by extension 'ignore_ament_install'
[0.704s] Level 1:colcon.colcon_core.package_identification:_identify(src/scout_mini_ros2/scout_mini_msgs) by extensions ['colcon_pkg']
[0.704s] Level 1:colcon.colcon_core.package_identification:_identify(src/scout_mini_ros2/scout_mini_msgs) by extension 'colcon_pkg'
[0.704s] Level 1:colcon.colcon_core.package_identification:_identify(src/scout_mini_ros2/scout_mini_msgs) by extensions ['colcon_meta']
[0.704s] Level 1:colcon.colcon_core.package_identification:_identify(src/scout_mini_ros2/scout_mini_msgs) by extension 'colcon_meta'
[0.704s] Level 1:colcon.colcon_core.package_identification:_identify(src/scout_mini_ros2/scout_mini_msgs) by extensions ['ros']
[0.704s] Level 1:colcon.colcon_core.package_identification:_identify(src/scout_mini_ros2/scout_mini_msgs) by extension 'ros'
[0.705s] DEBUG:colcon.colcon_core.package_identification:Package 'src/scout_mini_ros2/scout_mini_msgs' with type 'ros.ament_cmake' and name 'scout_mini_msgs'
[0.705s] Level 1:colcon.colcon_core.package_identification:_identify(src/scout_mini_ros2/scout_mini_ros2) by extensions ['ignore', 'ignore_ament_install']
[0.705s] Level 1:colcon.colcon_core.package_identification:_identify(src/scout_mini_ros2/scout_mini_ros2) by extension 'ignore'
[0.705s] Level 1:colcon.colcon_core.package_identification:_identify(src/scout_mini_ros2/scout_mini_ros2) by extension 'ignore_ament_install'
[0.705s] Level 1:colcon.colcon_core.package_identification:_identify(src/scout_mini_ros2/scout_mini_ros2) by extensions ['colcon_pkg']
[0.705s] Level 1:colcon.colcon_core.package_identification:_identify(src/scout_mini_ros2/scout_mini_ros2) by extension 'colcon_pkg'
[0.705s] Level 1:colcon.colcon_core.package_identification:_identify(src/scout_mini_ros2/scout_mini_ros2) by extensions ['colcon_meta']
[0.706s] Level 1:colcon.colcon_core.package_identification:_identify(src/scout_mini_ros2/scout_mini_ros2) by extension 'colcon_meta'
[0.706s] Level 1:colcon.colcon_core.package_identification:_identify(src/scout_mini_ros2/scout_mini_ros2) by extensions ['ros']
[0.706s] Level 1:colcon.colcon_core.package_identification:_identify(src/scout_mini_ros2/scout_mini_ros2) by extension 'ros'
[0.707s] DEBUG:colcon.colcon_core.package_identification:Package 'src/scout_mini_ros2/scout_mini_ros2' with type 'ros.ament_cmake' and name 'scout_mini_ros2'
[0.707s] Level 1:colcon.colcon_core.package_discovery:discover_packages(recursive) using defaults
[0.707s] Level 1:colcon.colcon_core.package_discovery:discover_packages(ignore) discover
[0.707s] Level 1:colcon.colcon_core.package_discovery:discover_packages(ignore) using defaults
[0.707s] Level 1:colcon.colcon_core.package_discovery:discover_packages(path) discover
[0.707s] Level 1:colcon.colcon_core.package_discovery:discover_packages(path) using defaults
[0.759s] Level 1:colcon.colcon_core.package_discovery:discover_packages(prefix_path) check parameters
[0.760s] Level 1:colcon.colcon_core.package_discovery:discover_packages(prefix_path) discover
[0.764s] DEBUG:colcon.colcon_installed_package_information.package_discovery:Found 2 installed packages in /home/ros/scout_ws/install
[0.771s] DEBUG:colcon.colcon_installed_package_information.package_discovery:Found 453 installed packages in /opt/ros/humble
[0.775s] Level 1:colcon.colcon_core.package_discovery:discover_packages(prefix_path) using defaults
[0.906s] Level 5:colcon.colcon_core.verb:set package 'scout_mini_base' build argument 'cmake_args' from command line to 'None'
[0.906s] Level 5:colcon.colcon_core.verb:set package 'scout_mini_base' build argument 'cmake_target' from command line to 'None'
[0.906s] Level 5:colcon.colcon_core.verb:set package 'scout_mini_base' build argument 'cmake_target_skip_unavailable' from command line to 'False'
[0.906s] Level 5:colcon.colcon_core.verb:set package 'scout_mini_base' build argument 'cmake_clean_cache' from command line to 'False'
[0.906s] Level 5:colcon.colcon_core.verb:set package 'scout_mini_base' build argument 'cmake_clean_first' from command line to 'False'
[0.906s] Level 5:colcon.colcon_core.verb:set package 'scout_mini_base' build argument 'cmake_force_configure' from command line to 'False'
[0.906s] Level 5:colcon.colcon_core.verb:set package 'scout_mini_base' build argument 'ament_cmake_args' from command line to 'None'
[0.906s] Level 5:colcon.colcon_core.verb:set package 'scout_mini_base' build argument 'catkin_cmake_args' from command line to 'None'
[0.906s] Level 5:colcon.colcon_core.verb:set package 'scout_mini_base' build argument 'catkin_skip_building_tests' from command line to 'False'
[0.907s] DEBUG:colcon.colcon_core.verb:Building package 'scout_mini_base' with the following arguments: {'ament_cmake_args': None, 'build_base': '/home/ros/scout_ws/build/scout_mini_base', 'catkin_cmake_args': None, 'catkin_skip_building_tests': False, 'cmake_args': None, 'cmake_clean_cache': False, 'cmake_clean_first': False, 'cmake_force_configure': False, 'cmake_target': None, 'cmake_target_skip_unavailable': False, 'install_base': '/home/ros/scout_ws/install/scout_mini_base', 'merge_install': False, 'path': '/home/ros/scout_ws/src/scout_mini_ros2/scout_mini_base', 'symlink_install': True, 'test_result_base': None}
[0.907s] Level 5:colcon.colcon_core.verb:set package 'scout_mini_description' build argument 'cmake_args' from command line to 'None'
[0.908s] Level 5:colcon.colcon_core.verb:set package 'scout_mini_description' build argument 'cmake_target' from command line to 'None'
[0.908s] Level 5:colcon.colcon_core.verb:set package 'scout_mini_description' build argument 'cmake_target_skip_unavailable' from command line to 'False'
[0.908s] Level 5:colcon.colcon_core.verb:set package 'scout_mini_description' build argument 'cmake_clean_cache' from command line to 'False'
[0.908s] Level 5:colcon.colcon_core.verb:set package 'scout_mini_description' build argument 'cmake_clean_first' from command line to 'False'
[0.908s] Level 5:colcon.colcon_core.verb:set package 'scout_mini_description' build argument 'cmake_force_configure' from command line to 'False'
[0.908s] Level 5:colcon.colcon_core.verb:set package 'scout_mini_description' build argument 'ament_cmake_args' from command line to 'None'
[0.908s] Level 5:colcon.colcon_core.verb:set package 'scout_mini_description' build argument 'catkin_cmake_args' from command line to 'None'
[0.908s] Level 5:colcon.colcon_core.verb:set package 'scout_mini_description' build argument 'catkin_skip_building_tests' from command line to 'False'
[0.908s] DEBUG:colcon.colcon_core.verb:Building package 'scout_mini_description' with the following arguments: {'ament_cmake_args': None, 'build_base': '/home/ros/scout_ws/build/scout_mini_description', 'catkin_cmake_args': None, 'catkin_skip_building_tests': False, 'cmake_args': None, 'cmake_clean_cache': False, 'cmake_clean_first': False, 'cmake_force_configure': False, 'cmake_target': None, 'cmake_target_skip_unavailable': False, 'install_base': '/home/ros/scout_ws/install/scout_mini_description', 'merge_install': False, 'path': '/home/ros/scout_ws/src/scout_mini_ros2/scout_mini_description', 'symlink_install': True, 'test_result_base': None}
[0.909s] Level 5:colcon.colcon_core.verb:set package 'scout_mini_hardware' build argument 'cmake_args' from command line to 'None'
[0.909s] Level 5:colcon.colcon_core.verb:set package 'scout_mini_hardware' build argument 'cmake_target' from command line to 'None'
[0.909s] Level 5:colcon.colcon_core.verb:set package 'scout_mini_hardware' build argument 'cmake_target_skip_unavailable' from command line to 'False'
[0.909s] Level 5:colcon.colcon_core.verb:set package 'scout_mini_hardware' build argument 'cmake_clean_cache' from command line to 'False'
[0.909s] Level 5:colcon.colcon_core.verb:set package 'scout_mini_hardware' build argument 'cmake_clean_first' from command line to 'False'
[0.909s] Level 5:colcon.colcon_core.verb:set package 'scout_mini_hardware' build argument 'cmake_force_configure' from command line to 'False'
[0.910s] Level 5:colcon.colcon_core.verb:set package 'scout_mini_hardware' build argument 'ament_cmake_args' from command line to 'None'
[0.910s] Level 5:colcon.colcon_core.verb:set package 'scout_mini_hardware' build argument 'catkin_cmake_args' from command line to 'None'
[0.910s] Level 5:colcon.colcon_core.verb:set package 'scout_mini_hardware' build argument 'catkin_skip_building_tests' from command line to 'False'
[0.910s] DEBUG:colcon.colcon_core.verb:Building package 'scout_mini_hardware' with the following arguments: {'ament_cmake_args': None, 'build_base': '/home/ros/scout_ws/build/scout_mini_hardware', 'catkin_cmake_args': None, 'catkin_skip_building_tests': False, 'cmake_args': None, 'cmake_clean_cache': False, 'cmake_clean_first': False, 'cmake_force_configure': False, 'cmake_target': None, 'cmake_target_skip_unavailable': False, 'install_base': '/home/ros/scout_ws/install/scout_mini_hardware', 'merge_install': False, 'path': '/home/ros/scout_ws/src/scout_mini_ros2/scout_mini_hardware', 'symlink_install': True, 'test_result_base': None}
[0.911s] Level 5:colcon.colcon_core.verb:set package 'scout_mini_msgs' build argument 'cmake_args' from command line to 'None'
[0.911s] Level 5:colcon.colcon_core.verb:set package 'scout_mini_msgs' build argument 'cmake_target' from command line to 'None'
[0.911s] Level 5:colcon.colcon_core.verb:set package 'scout_mini_msgs' build argument 'cmake_target_skip_unavailable' from command line to 'False'
[0.911s] Level 5:colcon.colcon_core.verb:set package 'scout_mini_msgs' build argument 'cmake_clean_cache' from command line to 'False'
[0.911s] Level 5:colcon.colcon_core.verb:set package 'scout_mini_msgs' build argument 'cmake_clean_first' from command line to 'False'
[0.911s] Level 5:colcon.colcon_core.verb:set package 'scout_mini_msgs' build argument 'cmake_force_configure' from command line to 'False'
[0.911s] Level 5:colcon.colcon_core.verb:set package 'scout_mini_msgs' build argument 'ament_cmake_args' from command line to 'None'
[0.911s] Level 5:colcon.colcon_core.verb:set package 'scout_mini_msgs' build argument 'catkin_cmake_args' from command line to 'None'
[0.911s] Level 5:colcon.colcon_core.verb:set package 'scout_mini_msgs' build argument 'catkin_skip_building_tests' from command line to 'False'
[0.911s] DEBUG:colcon.colcon_core.verb:Building package 'scout_mini_msgs' with the following arguments: {'ament_cmake_args': None, 'build_base': '/home/ros/scout_ws/build/scout_mini_msgs', 'catkin_cmake_args': None, 'catkin_skip_building_tests': False, 'cmake_args': None, 'cmake_clean_cache': False, 'cmake_clean_first': False, 'cmake_force_configure': False, 'cmake_target': None, 'cmake_target_skip_unavailable': False, 'install_base': '/home/ros/scout_ws/install/scout_mini_msgs', 'merge_install': False, 'path': '/home/ros/scout_ws/src/scout_mini_ros2/scout_mini_msgs', 'symlink_install': True, 'test_result_base': None}
[0.912s] Level 5:colcon.colcon_core.verb:set package 'scout_mini_ros2' build argument 'cmake_args' from command line to 'None'
[0.912s] Level 5:colcon.colcon_core.verb:set package 'scout_mini_ros2' build argument 'cmake_target' from command line to 'None'
[0.912s] Level 5:colcon.colcon_core.verb:set package 'scout_mini_ros2' build argument 'cmake_target_skip_unavailable' from command line to 'False'
[0.912s] Level 5:colcon.colcon_core.verb:set package 'scout_mini_ros2' build argument 'cmake_clean_cache' from command line to 'False'
[0.912s] Level 5:colcon.colcon_core.verb:set package 'scout_mini_ros2' build argument 'cmake_clean_first' from command line to 'False'
[0.912s] Level 5:colcon.colcon_core.verb:set package 'scout_mini_ros2' build argument 'cmake_force_configure' from command line to 'False'
[0.912s] Level 5:colcon.colcon_core.verb:set package 'scout_mini_ros2' build argument 'ament_cmake_args' from command line to 'None'
[0.912s] Level 5:colcon.colcon_core.verb:set package 'scout_mini_ros2' build argument 'catkin_cmake_args' from command line to 'None'
[0.913s] Level 5:colcon.colcon_core.verb:set package 'scout_mini_ros2' build argument 'catkin_skip_building_tests' from command line to 'False'
[0.913s] DEBUG:colcon.colcon_core.verb:Building package 'scout_mini_ros2' with the following arguments: {'ament_cmake_args': None, 'build_base': '/home/ros/scout_ws/build/scout_mini_ros2', 'catkin_cmake_args': None, 'catkin_skip_building_tests': False, 'cmake_args': None, 'cmake_clean_cache': False, 'cmake_clean_first': False, 'cmake_force_configure': False, 'cmake_target': None, 'cmake_target_skip_unavailable': False, 'install_base': '/home/ros/scout_ws/install/scout_mini_ros2', 'merge_install': False, 'path': '/home/ros/scout_ws/src/scout_mini_ros2/scout_mini_ros2', 'symlink_install': True, 'test_result_base': None}
[0.913s] INFO:colcon.colcon_core.executor:Executing jobs using 'parallel' executor
[0.915s] DEBUG:colcon.colcon_parallel_executor.executor.parallel:run_until_complete
[0.915s] INFO:colcon.colcon_ros.task.ament_cmake.build:Building ROS package in '/home/ros/scout_ws/src/scout_mini_ros2/scout_mini_base' with build type 'ament_cmake'
[0.915s] INFO:colcon.colcon_cmake.task.cmake.build:Building CMake package in '/home/ros/scout_ws/src/scout_mini_ros2/scout_mini_base'
[0.923s] INFO:colcon.colcon_core.plugin_system:Skipping extension 'colcon_core.shell.bat': Not used on non-Windows systems
[0.923s] INFO:colcon.colcon_core.shell:Skip shell extension 'powershell' for command environment: Not usable outside of PowerShell
[0.923s] DEBUG:colcon.colcon_core.shell:Skip shell extension 'dsv' for command environment
[0.938s] INFO:colcon.colcon_ros.task.ament_cmake.build:Building ROS package in '/home/ros/scout_ws/src/scout_mini_ros2/scout_mini_description' with build type 'ament_cmake'
[0.938s] INFO:colcon.colcon_cmake.task.cmake.build:Building CMake package in '/home/ros/scout_ws/src/scout_mini_ros2/scout_mini_description'
[0.938s] INFO:colcon.colcon_core.shell:Skip shell extension 'powershell' for command environment: Not usable outside of PowerShell
[0.939s] DEBUG:colcon.colcon_core.shell:Skip shell extension 'dsv' for command environment
[0.956s] INFO:colcon.colcon_ros.task.ament_cmake.build:Building ROS package in '/home/ros/scout_ws/src/scout_mini_ros2/scout_mini_hardware' with build type 'ament_cmake'
[0.957s] INFO:colcon.colcon_cmake.task.cmake.build:Building CMake package in '/home/ros/scout_ws/src/scout_mini_ros2/scout_mini_hardware'
[0.957s] INFO:colcon.colcon_core.shell:Skip shell extension 'powershell' for command environment: Not usable outside of PowerShell
[0.957s] DEBUG:colcon.colcon_core.shell:Skip shell extension 'dsv' for command environment
[0.976s] INFO:colcon.colcon_ros.task.ament_cmake.build:Building ROS package in '/home/ros/scout_ws/src/scout_mini_ros2/scout_mini_msgs' with build type 'ament_cmake'
[0.976s] INFO:colcon.colcon_cmake.task.cmake.build:Building CMake package in '/home/ros/scout_ws/src/scout_mini_ros2/scout_mini_msgs'
[0.977s] INFO:colcon.colcon_core.shell:Skip shell extension 'powershell' for command environment: Not usable outside of PowerShell
[0.977s] DEBUG:colcon.colcon_core.shell:Skip shell extension 'dsv' for command environment
[1.006s] DEBUG:colcon.colcon_core.event_handler.log_command:Invoking command in '/home/ros/scout_ws/build/scout_mini_base': CMAKE_PREFIX_PATH=${CMAKE_PREFIX_PATH}:/opt/ros/humble /usr/bin/cmake --build /home/ros/scout_ws/build/scout_mini_base -- -j6 -l6
[1.029s] DEBUG:colcon.colcon_core.event_handler.log_command:Invoking command in '/home/ros/scout_ws/build/scout_mini_description': CMAKE_PREFIX_PATH=${CMAKE_PREFIX_PATH}:/opt/ros/humble /usr/bin/cmake --build /home/ros/scout_ws/build/scout_mini_description -- -j6 -l6
[1.057s] DEBUG:colcon.colcon_core.event_handler.log_command:Invoking command in '/home/ros/scout_ws/build/scout_mini_hardware': CMAKE_PREFIX_PATH=${CMAKE_PREFIX_PATH}:/opt/ros/humble /usr/bin/cmake /home/ros/scout_ws/src/scout_mini_ros2/scout_mini_hardware -DAMENT_CMAKE_SYMLINK_INSTALL=1 -DCMAKE_INSTALL_PREFIX=/home/ros/scout_ws/install/scout_mini_hardware
[1.087s] DEBUG:colcon.colcon_core.event_handler.log_command:Invoking command in '/home/ros/scout_ws/build/scout_mini_msgs': CMAKE_PREFIX_PATH=${CMAKE_PREFIX_PATH}:/opt/ros/humble /usr/bin/cmake --build /home/ros/scout_ws/build/scout_mini_msgs -- -j6 -l6
[1.233s] DEBUG:colcon.colcon_core.event_handler.log_command:Invoked command in '/home/ros/scout_ws/build/scout_mini_base' returned '0': CMAKE_PREFIX_PATH=${CMAKE_PREFIX_PATH}:/opt/ros/humble /usr/bin/cmake --build /home/ros/scout_ws/build/scout_mini_base -- -j6 -l6
[1.274s] DEBUG:colcon.colcon_core.event_handler.log_command:Invoking command in '/home/ros/scout_ws/build/scout_mini_base': CMAKE_PREFIX_PATH=${CMAKE_PREFIX_PATH}:/opt/ros/humble /usr/bin/cmake --install /home/ros/scout_ws/build/scout_mini_base
[1.293s] DEBUG:colcon.colcon_core.event_handler.log_command:Invoked command in '/home/ros/scout_ws/build/scout_mini_description' returned '0': CMAKE_PREFIX_PATH=${CMAKE_PREFIX_PATH}:/opt/ros/humble /usr/bin/cmake --build /home/ros/scout_ws/build/scout_mini_description -- -j6 -l6
[1.294s] DEBUG:colcon.colcon_core.event_handler.log_command:Invoking command in '/home/ros/scout_ws/build/scout_mini_description': CMAKE_PREFIX_PATH=${CMAKE_PREFIX_PATH}:/opt/ros/humble /usr/bin/cmake --install /home/ros/scout_ws/build/scout_mini_description
[1.442s] Level 1:colcon.colcon_core.environment:create_environment_scripts_only(scout_mini_description)
[1.444s] DEBUG:colcon.colcon_core.event_handler.log_command:Invoked command in '/home/ros/scout_ws/build/scout_mini_description' returned '0': CMAKE_PREFIX_PATH=${CMAKE_PREFIX_PATH}:/opt/ros/humble /usr/bin/cmake --install /home/ros/scout_ws/build/scout_mini_description
[1.460s] Level 1:colcon.colcon_core.environment:checking '/home/ros/scout_ws/install/scout_mini_description' for CMake module files
[1.461s] Level 1:colcon.colcon_core.environment:checking '/home/ros/scout_ws/install/scout_mini_description' for CMake config files
[1.463s] Level 1:colcon.colcon_core.shell:create_environment_hook('scout_mini_description', 'cmake_prefix_path')
[1.464s] INFO:colcon.colcon_core.shell:Creating environment hook '/home/ros/scout_ws/install/scout_mini_description/share/scout_mini_description/hook/cmake_prefix_path.ps1'
[1.465s] INFO:colcon.colcon_core.shell:Creating environment descriptor '/home/ros/scout_ws/install/scout_mini_description/share/scout_mini_description/hook/cmake_prefix_path.dsv'
[1.466s] INFO:colcon.colcon_core.shell:Creating environment hook '/home/ros/scout_ws/install/scout_mini_description/share/scout_mini_description/hook/cmake_prefix_path.sh'
[1.470s] Level 1:colcon.colcon_core.environment:checking '/home/ros/scout_ws/install/scout_mini_description/bin'
[1.470s] Level 1:colcon.colcon_core.environment:checking '/home/ros/scout_ws/install/scout_mini_description/lib/pkgconfig/scout_mini_description.pc'
[1.471s] Level 1:colcon.colcon_core.environment:checking '/home/ros/scout_ws/install/scout_mini_description/lib/python3.10/site-packages'
[1.471s] Level 1:colcon.colcon_core.environment:checking '/home/ros/scout_ws/install/scout_mini_description/bin'
[1.472s] INFO:colcon.colcon_core.shell:Creating package script '/home/ros/scout_ws/install/scout_mini_description/share/scout_mini_description/package.ps1'
[1.473s] INFO:colcon.colcon_core.shell:Creating package descriptor '/home/ros/scout_ws/install/scout_mini_description/share/scout_mini_description/package.dsv'
[1.474s] INFO:colcon.colcon_core.shell:Creating package script '/home/ros/scout_ws/install/scout_mini_description/share/scout_mini_description/package.sh'
[1.476s] INFO:colcon.colcon_core.shell:Creating package script '/home/ros/scout_ws/install/scout_mini_description/share/scout_mini_description/package.bash'
[1.477s] INFO:colcon.colcon_core.shell:Creating package script '/home/ros/scout_ws/install/scout_mini_description/share/scout_mini_description/package.zsh'
[1.479s] Level 1:colcon.colcon_core.environment:create_file_with_runtime_dependencies(/home/ros/scout_ws/install/scout_mini_description/share/colcon-core/packages/scout_mini_description)
[1.482s] Level 1:colcon.colcon_core.environment:create_environment_scripts_only(scout_mini_description)
[1.482s] Level 1:colcon.colcon_core.environment:checking '/home/ros/scout_ws/install/scout_mini_description' for CMake module files
[1.484s] Level 1:colcon.colcon_core.environment:checking '/home/ros/scout_ws/install/scout_mini_description' for CMake config files
[1.487s] Level 1:colcon.colcon_core.shell:create_environment_hook('scout_mini_description', 'cmake_prefix_path')
[1.488s] INFO:colcon.colcon_core.shell:Creating environment hook '/home/ros/scout_ws/install/scout_mini_description/share/scout_mini_description/hook/cmake_prefix_path.ps1'
[1.489s] INFO:colcon.colcon_core.shell:Creating environment descriptor '/home/ros/scout_ws/install/scout_mini_description/share/scout_mini_description/hook/cmake_prefix_path.dsv'
[1.491s] INFO:colcon.colcon_core.shell:Creating environment hook '/home/ros/scout_ws/install/scout_mini_description/share/scout_mini_description/hook/cmake_prefix_path.sh'
[1.494s] Level 1:colcon.colcon_core.environment:checking '/home/ros/scout_ws/install/scout_mini_description/bin'
[1.494s] Level 1:colcon.colcon_core.environment:checking '/home/ros/scout_ws/install/scout_mini_description/lib/pkgconfig/scout_mini_description.pc'
[1.495s] Level 1:colcon.colcon_core.environment:checking '/home/ros/scout_ws/install/scout_mini_description/lib/python3.10/site-packages'
[1.495s] Level 1:colcon.colcon_core.environment:checking '/home/ros/scout_ws/install/scout_mini_description/bin'
[1.496s] INFO:colcon.colcon_core.shell:Creating package script '/home/ros/scout_ws/install/scout_mini_description/share/scout_mini_description/package.ps1'
[1.498s] INFO:colcon.colcon_core.shell:Creating package descriptor '/home/ros/scout_ws/install/scout_mini_description/share/scout_mini_description/package.dsv'
[1.500s] INFO:colcon.colcon_core.shell:Creating package script '/home/ros/scout_ws/install/scout_mini_description/share/scout_mini_description/package.sh'
[1.502s] INFO:colcon.colcon_core.shell:Creating package script '/home/ros/scout_ws/install/scout_mini_description/share/scout_mini_description/package.bash'
[1.503s] INFO:colcon.colcon_core.shell:Creating package script '/home/ros/scout_ws/install/scout_mini_description/share/scout_mini_description/package.zsh'
[1.506s] Level 1:colcon.colcon_core.environment:create_file_with_runtime_dependencies(/home/ros/scout_ws/install/scout_mini_description/share/colcon-core/packages/scout_mini_description)
[2.062s] Level 1:colcon.colcon_core.environment:create_environment_scripts_only(scout_mini_base)
[2.062s] Level 1:colcon.colcon_core.environment:checking '/home/ros/scout_ws/install/scout_mini_base' for CMake module files
[2.064s] DEBUG:colcon.colcon_core.event_handler.log_command:Invoked command in '/home/ros/scout_ws/build/scout_mini_base' returned '0': CMAKE_PREFIX_PATH=${CMAKE_PREFIX_PATH}:/opt/ros/humble /usr/bin/cmake --install /home/ros/scout_ws/build/scout_mini_base
[2.064s] Level 1:colcon.colcon_core.environment:checking '/home/ros/scout_ws/install/scout_mini_base' for CMake config files
[2.065s] Level 1:colcon.colcon_core.shell:create_environment_hook('scout_mini_base', 'cmake_prefix_path')
[2.066s] INFO:colcon.colcon_core.shell:Creating environment hook '/home/ros/scout_ws/install/scout_mini_base/share/scout_mini_base/hook/cmake_prefix_path.ps1'
[2.070s] INFO:colcon.colcon_core.shell:Creating environment descriptor '/home/ros/scout_ws/install/scout_mini_base/share/scout_mini_base/hook/cmake_prefix_path.dsv'
[2.074s] INFO:colcon.colcon_core.shell:Creating environment hook '/home/ros/scout_ws/install/scout_mini_base/share/scout_mini_base/hook/cmake_prefix_path.sh'
[2.087s] Level 1:colcon.colcon_core.environment:checking '/home/ros/scout_ws/install/scout_mini_base/bin'
[2.087s] Level 1:colcon.colcon_core.environment:checking '/home/ros/scout_ws/install/scout_mini_base/lib/pkgconfig/scout_mini_base.pc'
[2.088s] Level 1:colcon.colcon_core.environment:checking '/home/ros/scout_ws/install/scout_mini_base/lib/python3.10/site-packages'
[2.089s] Level 1:colcon.colcon_core.environment:checking '/home/ros/scout_ws/install/scout_mini_base/bin'
[2.089s] INFO:colcon.colcon_core.shell:Creating package script '/home/ros/scout_ws/install/scout_mini_base/share/scout_mini_base/package.ps1'
[2.101s] INFO:colcon.colcon_core.shell:Creating package descriptor '/home/ros/scout_ws/install/scout_mini_base/share/scout_mini_base/package.dsv'
[2.102s] INFO:colcon.colcon_core.shell:Creating package script '/home/ros/scout_ws/install/scout_mini_base/share/scout_mini_base/package.sh'
[2.103s] INFO:colcon.colcon_core.shell:Creating package script '/home/ros/scout_ws/install/scout_mini_base/share/scout_mini_base/package.bash'
[2.104s] INFO:colcon.colcon_core.shell:Creating package script '/home/ros/scout_ws/install/scout_mini_base/share/scout_mini_base/package.zsh'
[2.105s] Level 1:colcon.colcon_core.environment:create_file_with_runtime_dependencies(/home/ros/scout_ws/install/scout_mini_base/share/colcon-core/packages/scout_mini_base)
[2.108s] Level 1:colcon.colcon_core.environment:create_environment_scripts_only(scout_mini_base)
[2.108s] Level 1:colcon.colcon_core.environment:checking '/home/ros/scout_ws/install/scout_mini_base' for CMake module files
[2.109s] Level 1:colcon.colcon_core.environment:checking '/home/ros/scout_ws/install/scout_mini_base' for CMake config files
[2.110s] Level 1:colcon.colcon_core.shell:create_environment_hook('scout_mini_base', 'cmake_prefix_path')
[2.111s] INFO:colcon.colcon_core.shell:Creating environment hook '/home/ros/scout_ws/install/scout_mini_base/share/scout_mini_base/hook/cmake_prefix_path.ps1'
[2.112s] INFO:colcon.colcon_core.shell:Creating environment descriptor '/home/ros/scout_ws/install/scout_mini_base/share/scout_mini_base/hook/cmake_prefix_path.dsv'
[2.113s] INFO:colcon.colcon_core.shell:Creating environment hook '/home/ros/scout_ws/install/scout_mini_base/share/scout_mini_base/hook/cmake_prefix_path.sh'
[2.118s] Level 1:colcon.colcon_core.environment:checking '/home/ros/scout_ws/install/scout_mini_base/bin'
[2.118s] Level 1:colcon.colcon_core.environment:checking '/home/ros/scout_ws/install/scout_mini_base/lib/pkgconfig/scout_mini_base.pc'
[2.119s] Level 1:colcon.colcon_core.environment:checking '/home/ros/scout_ws/install/scout_mini_base/lib/python3.10/site-packages'
[2.120s] Level 1:colcon.colcon_core.environment:checking '/home/ros/scout_ws/install/scout_mini_base/bin'
[2.120s] INFO:colcon.colcon_core.shell:Creating package script '/home/ros/scout_ws/install/scout_mini_base/share/scout_mini_base/package.ps1'
[2.123s] INFO:colcon.colcon_core.shell:Creating package descriptor '/home/ros/scout_ws/install/scout_mini_base/share/scout_mini_base/package.dsv'
[2.125s] INFO:colcon.colcon_core.shell:Creating package script '/home/ros/scout_ws/install/scout_mini_base/share/scout_mini_base/package.sh'
[2.126s] INFO:colcon.colcon_core.shell:Creating package script '/home/ros/scout_ws/install/scout_mini_base/share/scout_mini_base/package.bash'
[2.129s] INFO:colcon.colcon_core.shell:Creating package script '/home/ros/scout_ws/install/scout_mini_base/share/scout_mini_base/package.zsh'
[2.130s] Level 1:colcon.colcon_core.environment:create_file_with_runtime_dependencies(/home/ros/scout_ws/install/scout_mini_base/share/colcon-core/packages/scout_mini_base)
[2.773s] DEBUG:colcon.colcon_core.event_handler.log_command:Invoked command in '/home/ros/scout_ws/build/scout_mini_hardware' returned '1': CMAKE_PREFIX_PATH=${CMAKE_PREFIX_PATH}:/opt/ros/humble /usr/bin/cmake /home/ros/scout_ws/src/scout_mini_ros2/scout_mini_hardware -DAMENT_CMAKE_SYMLINK_INSTALL=1 -DCMAKE_INSTALL_PREFIX=/home/ros/scout_ws/install/scout_mini_hardware
[2.823s] Level 1:colcon.colcon_core.environment:create_environment_scripts_only(scout_mini_hardware)
[2.823s] Level 1:colcon.colcon_core.environment:checking '/home/ros/scout_ws/install/scout_mini_hardware' for CMake module files
[2.824s] Level 1:colcon.colcon_core.environment:checking '/home/ros/scout_ws/install/scout_mini_hardware' for CMake config files
[2.825s] Level 1:colcon.colcon_core.environment:checking '/home/ros/scout_ws/install/scout_mini_hardware/bin'
[2.825s] Level 1:colcon.colcon_core.environment:checking '/home/ros/scout_ws/install/scout_mini_hardware/lib/pkgconfig/scout_mini_hardware.pc'
[2.825s] Level 1:colcon.colcon_core.environment:checking '/home/ros/scout_ws/install/scout_mini_hardware/lib/python3.10/site-packages'
[2.830s] Level 1:colcon.colcon_core.environment:checking '/home/ros/scout_ws/install/scout_mini_hardware/bin'
[2.831s] INFO:colcon.colcon_core.shell:Creating package script '/home/ros/scout_ws/install/scout_mini_hardware/share/scout_mini_hardware/package.ps1'
[2.832s] INFO:colcon.colcon_core.shell:Creating package descriptor '/home/ros/scout_ws/install/scout_mini_hardware/share/scout_mini_hardware/package.dsv'
[2.833s] INFO:colcon.colcon_core.shell:Creating package script '/home/ros/scout_ws/install/scout_mini_hardware/share/scout_mini_hardware/package.sh'
[2.837s] INFO:colcon.colcon_core.shell:Creating package script '/home/ros/scout_ws/install/scout_mini_hardware/share/scout_mini_hardware/package.bash'
[2.838s] INFO:colcon.colcon_core.shell:Creating package script '/home/ros/scout_ws/install/scout_mini_hardware/share/scout_mini_hardware/package.zsh'
[2.840s] Level 1:colcon.colcon_core.environment:create_file_with_runtime_dependencies(/home/ros/scout_ws/install/scout_mini_hardware/share/colcon-core/packages/scout_mini_hardware)
[14.873s] DEBUG:colcon.colcon_parallel_executor.executor.parallel:closing loop
[14.874s] DEBUG:colcon.colcon_parallel_executor.executor.parallel:loop closed
[14.874s] DEBUG:colcon.colcon_parallel_executor.executor.parallel:run_until_complete finished with '1'
[14.874s] DEBUG:colcon.colcon_core.event_reactor:joining thread
[14.892s] INFO:colcon.colcon_core.plugin_system:Skipping extension 'colcon_notification.desktop_notification.terminal_notifier': Not used on non-Darwin systems
[14.892s] INFO:colcon.colcon_core.plugin_system:Skipping extension 'colcon_notification.desktop_notification.win32': Not used on non-Windows systems
[14.892s] INFO:colcon.colcon_notification.desktop_notification:Sending desktop notification using 'notify2'
[14.930s] DEBUG:colcon.colcon_core.event_reactor:joined thread
[14.931s] INFO:colcon.colcon_core.shell:Creating prefix script '/home/ros/scout_ws/install/local_setup.ps1'
[14.933s] INFO:colcon.colcon_core.shell:Creating prefix util module '/home/ros/scout_ws/install/_local_setup_util_ps1.py'
[14.935s] INFO:colcon.colcon_core.shell:Creating prefix chain script '/home/ros/scout_ws/install/setup.ps1'
[14.938s] INFO:colcon.colcon_core.shell:Creating prefix script '/home/ros/scout_ws/install/local_setup.sh'
[14.940s] INFO:colcon.colcon_core.shell:Creating prefix util module '/home/ros/scout_ws/install/_local_setup_util_sh.py'
[14.941s] INFO:colcon.colcon_core.shell:Creating prefix chain script '/home/ros/scout_ws/install/setup.sh'
[14.943s] INFO:colcon.colcon_core.shell:Creating prefix script '/home/ros/scout_ws/install/local_setup.bash'
[14.944s] INFO:colcon.colcon_core.shell:Creating prefix chain script '/home/ros/scout_ws/install/setup.bash'
[14.946s] INFO:colcon.colcon_core.shell:Creating prefix script '/home/ros/scout_ws/install/local_setup.zsh'
[14.947s] INFO:colcon.colcon_core.shell:Creating prefix chain script '/home/ros/scout_ws/install/setup.zsh'
