[0.069s] Invoking command in '/home/ros/scout_ws/build/scout_mini_msgs': CMAKE_PREFIX_PATH=${CMAKE_PREFIX_PATH}:/opt/ros/humble /usr/bin/cmake --build /home/ros/scout_ws/build/scout_mini_msgs -- -j6 -l6
[0.276s] [  1%] Built target scout_mini_msgs__cpp
[0.289s] [ 12%] Built target scout_mini_msgs__rosidl_generator_c
[0.308s] [ 12%] Built target ament_cmake_python_symlink_scout_mini_msgs
[0.365s] [ 23%] Built target scout_mini_msgs__rosidl_typesupport_cpp
[0.386s] [ 35%] Built target scout_mini_msgs__rosidl_typesupport_fastrtps_cpp
[0.402s] [ 46%] Built target scout_mini_msgs__rosidl_typesupport_introspection_c
[0.408s] [ 57%] Built target scout_mini_msgs__rosidl_typesupport_introspection_cpp
[0.462s] [ 69%] Built target scout_mini_msgs__rosidl_typesupport_c
[0.494s] [ 80%] Built target scout_mini_msgs__rosidl_typesupport_fastrtps_c
[0.560s] [ 80%] Built target scout_mini_msgs
[0.634s] [ 81%] Built target scout_mini_msgs__py
[0.712s] [ 91%] Built target scout_mini_msgs__rosidl_generator_py
[0.789s] [ 94%] Built target scout_mini_msgs__rosidl_typesupport_fastrtps_c__pyext
[0.866s] [ 97%] Built target scout_mini_msgs__rosidl_typesupport_c__pyext
[0.944s] [100%] Built target scout_mini_msgs__rosidl_typesupport_introspection_c__pyext
[0.947s] running egg_info
[0.948s] writing scout_mini_msgs.egg-info/PKG-INFO
[0.949s] writing dependency_links to scout_mini_msgs.egg-info/dependency_links.txt
[0.951s] writing top-level names to scout_mini_msgs.egg-info/top_level.txt
[0.954s] reading manifest file 'scout_mini_msgs.egg-info/SOURCES.txt'
[0.955s] writing manifest file 'scout_mini_msgs.egg-info/SOURCES.txt'
[1.005s] [100%] Built target ament_cmake_python_build_scout_mini_msgs_egg
[1.040s] Invoked command in '/home/ros/scout_ws/build/scout_mini_msgs' returned '0': CMAKE_PREFIX_PATH=${CMAKE_PREFIX_PATH}:/opt/ros/humble /usr/bin/cmake --build /home/ros/scout_ws/build/scout_mini_msgs -- -j6 -l6
[1.046s] Invoking command in '/home/ros/scout_ws/build/scout_mini_msgs': CMAKE_PREFIX_PATH=${CMAKE_PREFIX_PATH}:/opt/ros/humble /usr/bin/cmake --install /home/ros/scout_ws/build/scout_mini_msgs
[1.068s] -- Install configuration: ""
[1.069s] -- Execute custom install script
[1.070s] -- Up-to-date symlink: /home/ros/scout_ws/install/scout_mini_msgs/share/ament_index/resource_index/rosidl_interfaces/scout_mini_msgs
[1.072s] -- Up-to-date symlink: /home/ros/scout_ws/install/scout_mini_msgs/include/scout_mini_msgs/scout_mini_msgs/msg/detail/driver_state__functions.h
[1.073s] -- Up-to-date symlink: /home/ros/scout_ws/install/scout_mini_msgs/include/scout_mini_msgs/scout_mini_msgs/msg/detail/driver_state__struct.h
[1.073s] -- Up-to-date symlink: /home/ros/scout_ws/install/scout_mini_msgs/include/scout_mini_msgs/scout_mini_msgs/msg/detail/driver_state__type_support.h
[1.074s] -- Up-to-date symlink: /home/ros/scout_ws/install/scout_mini_msgs/include/scout_mini_msgs/scout_mini_msgs/msg/detail/fault_state__functions.h
[1.074s] -- Up-to-date symlink: /home/ros/scout_ws/install/scout_mini_msgs/include/scout_mini_msgs/scout_mini_msgs/msg/detail/fault_state__struct.h
[1.074s] -- Up-to-date symlink: /home/ros/scout_ws/install/scout_mini_msgs/include/scout_mini_msgs/scout_mini_msgs/msg/detail/fault_state__type_support.h
[1.075s] -- Up-to-date symlink: /home/ros/scout_ws/install/scout_mini_msgs/include/scout_mini_msgs/scout_mini_msgs/msg/detail/light_command__functions.h
[1.075s] -- Up-to-date symlink: /home/ros/scout_ws/install/scout_mini_msgs/include/scout_mini_msgs/scout_mini_msgs/msg/detail/light_command__struct.h
[1.076s] -- Up-to-date symlink: /home/ros/scout_ws/install/scout_mini_msgs/include/scout_mini_msgs/scout_mini_msgs/msg/detail/light_command__type_support.h
[1.076s] -- Up-to-date symlink: /home/ros/scout_ws/install/scout_mini_msgs/include/scout_mini_msgs/scout_mini_msgs/msg/detail/light_state__functions.h
[1.077s] -- Up-to-date symlink: /home/ros/scout_ws/install/scout_mini_msgs/include/scout_mini_msgs/scout_mini_msgs/msg/detail/light_state__struct.h
[1.078s] -- Up-to-date symlink: /home/ros/scout_ws/install/scout_mini_msgs/include/scout_mini_msgs/scout_mini_msgs/msg/detail/light_state__type_support.h
[1.078s] -- Up-to-date symlink: /home/ros/scout_ws/install/scout_mini_msgs/include/scout_mini_msgs/scout_mini_msgs/msg/detail/motor_state__functions.h
[1.078s] -- Up-to-date symlink: /home/ros/scout_ws/install/scout_mini_msgs/include/scout_mini_msgs/scout_mini_msgs/msg/detail/motor_state__struct.h
[1.079s] -- Up-to-date symlink: /home/ros/scout_ws/install/scout_mini_msgs/include/scout_mini_msgs/scout_mini_msgs/msg/detail/motor_state__type_support.h
[1.079s] -- Up-to-date symlink: /home/ros/scout_ws/install/scout_mini_msgs/include/scout_mini_msgs/scout_mini_msgs/msg/detail/robot_state__functions.h
[1.081s] -- Up-to-date symlink: /home/ros/scout_ws/install/scout_mini_msgs/include/scout_mini_msgs/scout_mini_msgs/msg/detail/robot_state__struct.h
[1.082s] -- Up-to-date symlink: /home/ros/scout_ws/install/scout_mini_msgs/include/scout_mini_msgs/scout_mini_msgs/msg/detail/robot_state__type_support.h
[1.082s] -- Up-to-date symlink: /home/ros/scout_ws/install/scout_mini_msgs/include/scout_mini_msgs/scout_mini_msgs/msg/driver_state.h
[1.083s] -- Up-to-date symlink: /home/ros/scout_ws/install/scout_mini_msgs/include/scout_mini_msgs/scout_mini_msgs/msg/fault_state.h
[1.083s] -- Up-to-date symlink: /home/ros/scout_ws/install/scout_mini_msgs/include/scout_mini_msgs/scout_mini_msgs/msg/light_command.h
[1.084s] -- Up-to-date symlink: /home/ros/scout_ws/install/scout_mini_msgs/include/scout_mini_msgs/scout_mini_msgs/msg/light_state.h
[1.085s] -- Up-to-date symlink: /home/ros/scout_ws/install/scout_mini_msgs/include/scout_mini_msgs/scout_mini_msgs/msg/motor_state.h
[1.085s] -- Up-to-date symlink: /home/ros/scout_ws/install/scout_mini_msgs/include/scout_mini_msgs/scout_mini_msgs/msg/robot_state.h
[1.086s] -- Up-to-date symlink: /home/ros/scout_ws/install/scout_mini_msgs/include/scout_mini_msgs/scout_mini_msgs/msg/rosidl_generator_c__visibility_control.h
[1.087s] -- Up-to-date symlink: /home/ros/scout_ws/install/scout_mini_msgs/share/scout_mini_msgs/environment/library_path.sh
[1.087s] -- Up-to-date symlink: /home/ros/scout_ws/install/scout_mini_msgs/share/scout_mini_msgs/environment/library_path.dsv
[1.089s] -- Up-to-date symlink: /home/ros/scout_ws/install/scout_mini_msgs/include/scout_mini_msgs/scout_mini_msgs/msg/detail/driver_state__rosidl_typesupport_fastrtps_c.h
[1.089s] -- Up-to-date symlink: /home/ros/scout_ws/install/scout_mini_msgs/include/scout_mini_msgs/scout_mini_msgs/msg/detail/fault_state__rosidl_typesupport_fastrtps_c.h
[1.090s] -- Up-to-date symlink: /home/ros/scout_ws/install/scout_mini_msgs/include/scout_mini_msgs/scout_mini_msgs/msg/detail/light_command__rosidl_typesupport_fastrtps_c.h
[1.090s] -- Up-to-date symlink: /home/ros/scout_ws/install/scout_mini_msgs/include/scout_mini_msgs/scout_mini_msgs/msg/detail/light_state__rosidl_typesupport_fastrtps_c.h
[1.091s] -- Up-to-date symlink: /home/ros/scout_ws/install/scout_mini_msgs/include/scout_mini_msgs/scout_mini_msgs/msg/detail/motor_state__rosidl_typesupport_fastrtps_c.h
[1.091s] -- Up-to-date symlink: /home/ros/scout_ws/install/scout_mini_msgs/include/scout_mini_msgs/scout_mini_msgs/msg/detail/robot_state__rosidl_typesupport_fastrtps_c.h
[1.092s] -- Up-to-date symlink: /home/ros/scout_ws/install/scout_mini_msgs/include/scout_mini_msgs/scout_mini_msgs/msg/rosidl_typesupport_fastrtps_c__visibility_control.h
[1.093s] -- Up-to-date symlink: /home/ros/scout_ws/install/scout_mini_msgs/include/scout_mini_msgs/scout_mini_msgs/msg/detail/driver_state__rosidl_typesupport_introspection_c.h
[1.093s] -- Up-to-date symlink: /home/ros/scout_ws/install/scout_mini_msgs/include/scout_mini_msgs/scout_mini_msgs/msg/detail/fault_state__rosidl_typesupport_introspection_c.h
[1.093s] -- Up-to-date symlink: /home/ros/scout_ws/install/scout_mini_msgs/include/scout_mini_msgs/scout_mini_msgs/msg/detail/light_command__rosidl_typesupport_introspection_c.h
[1.094s] -- Up-to-date symlink: /home/ros/scout_ws/install/scout_mini_msgs/include/scout_mini_msgs/scout_mini_msgs/msg/detail/light_state__rosidl_typesupport_introspection_c.h
[1.095s] -- Up-to-date symlink: /home/ros/scout_ws/install/scout_mini_msgs/include/scout_mini_msgs/scout_mini_msgs/msg/detail/motor_state__rosidl_typesupport_introspection_c.h
[1.095s] -- Up-to-date symlink: /home/ros/scout_ws/install/scout_mini_msgs/include/scout_mini_msgs/scout_mini_msgs/msg/detail/robot_state__rosidl_typesupport_introspection_c.h
[1.096s] -- Up-to-date symlink: /home/ros/scout_ws/install/scout_mini_msgs/include/scout_mini_msgs/scout_mini_msgs/msg/rosidl_typesupport_introspection_c__visibility_control.h
[1.097s] -- Up-to-date symlink: /home/ros/scout_ws/install/scout_mini_msgs/include/scout_mini_msgs/scout_mini_msgs/msg/detail/driver_state__builder.hpp
[1.098s] -- Up-to-date symlink: /home/ros/scout_ws/install/scout_mini_msgs/include/scout_mini_msgs/scout_mini_msgs/msg/detail/driver_state__struct.hpp
[1.098s] -- Up-to-date symlink: /home/ros/scout_ws/install/scout_mini_msgs/include/scout_mini_msgs/scout_mini_msgs/msg/detail/driver_state__traits.hpp
[1.099s] -- Up-to-date symlink: /home/ros/scout_ws/install/scout_mini_msgs/include/scout_mini_msgs/scout_mini_msgs/msg/detail/driver_state__type_support.hpp
[1.099s] -- Up-to-date symlink: /home/ros/scout_ws/install/scout_mini_msgs/include/scout_mini_msgs/scout_mini_msgs/msg/detail/fault_state__builder.hpp
[1.099s] -- Up-to-date symlink: /home/ros/scout_ws/install/scout_mini_msgs/include/scout_mini_msgs/scout_mini_msgs/msg/detail/fault_state__struct.hpp
[1.100s] -- Up-to-date symlink: /home/ros/scout_ws/install/scout_mini_msgs/include/scout_mini_msgs/scout_mini_msgs/msg/detail/fault_state__traits.hpp
[1.101s] -- Up-to-date symlink: /home/ros/scout_ws/install/scout_mini_msgs/include/scout_mini_msgs/scout_mini_msgs/msg/detail/fault_state__type_support.hpp
[1.103s] -- Up-to-date symlink: /home/ros/scout_ws/install/scout_mini_msgs/include/scout_mini_msgs/scout_mini_msgs/msg/detail/light_command__builder.hpp
[1.104s] -- Up-to-date symlink: /home/ros/scout_ws/install/scout_mini_msgs/include/scout_mini_msgs/scout_mini_msgs/msg/detail/light_command__struct.hpp
[1.105s] -- Up-to-date symlink: /home/ros/scout_ws/install/scout_mini_msgs/include/scout_mini_msgs/scout_mini_msgs/msg/detail/light_command__traits.hpp
[1.105s] -- Up-to-date symlink: /home/ros/scout_ws/install/scout_mini_msgs/include/scout_mini_msgs/scout_mini_msgs/msg/detail/light_command__type_support.hpp
[1.107s] -- Up-to-date symlink: /home/ros/scout_ws/install/scout_mini_msgs/include/scout_mini_msgs/scout_mini_msgs/msg/detail/light_state__builder.hpp
[1.108s] -- Up-to-date symlink: /home/ros/scout_ws/install/scout_mini_msgs/include/scout_mini_msgs/scout_mini_msgs/msg/detail/light_state__struct.hpp
[1.108s] -- Up-to-date symlink: /home/ros/scout_ws/install/scout_mini_msgs/include/scout_mini_msgs/scout_mini_msgs/msg/detail/light_state__traits.hpp
[1.108s] -- Up-to-date symlink: /home/ros/scout_ws/install/scout_mini_msgs/include/scout_mini_msgs/scout_mini_msgs/msg/detail/light_state__type_support.hpp
[1.109s] -- Up-to-date symlink: /home/ros/scout_ws/install/scout_mini_msgs/include/scout_mini_msgs/scout_mini_msgs/msg/detail/motor_state__builder.hpp
[1.110s] -- Up-to-date symlink: /home/ros/scout_ws/install/scout_mini_msgs/include/scout_mini_msgs/scout_mini_msgs/msg/detail/motor_state__struct.hpp
[1.110s] -- Up-to-date symlink: /home/ros/scout_ws/install/scout_mini_msgs/include/scout_mini_msgs/scout_mini_msgs/msg/detail/motor_state__traits.hpp
[1.110s] -- Up-to-date symlink: /home/ros/scout_ws/install/scout_mini_msgs/include/scout_mini_msgs/scout_mini_msgs/msg/detail/motor_state__type_support.hpp
[1.111s] -- Up-to-date symlink: /home/ros/scout_ws/install/scout_mini_msgs/include/scout_mini_msgs/scout_mini_msgs/msg/detail/robot_state__builder.hpp
[1.111s] -- Up-to-date symlink: /home/ros/scout_ws/install/scout_mini_msgs/include/scout_mini_msgs/scout_mini_msgs/msg/detail/robot_state__struct.hpp
[1.111s] -- Up-to-date symlink: /home/ros/scout_ws/install/scout_mini_msgs/include/scout_mini_msgs/scout_mini_msgs/msg/detail/robot_state__traits.hpp
[1.112s] -- Up-to-date symlink: /home/ros/scout_ws/install/scout_mini_msgs/include/scout_mini_msgs/scout_mini_msgs/msg/detail/robot_state__type_support.hpp
[1.112s] -- Up-to-date symlink: /home/ros/scout_ws/install/scout_mini_msgs/include/scout_mini_msgs/scout_mini_msgs/msg/driver_state.hpp
[1.112s] -- Up-to-date symlink: /home/ros/scout_ws/install/scout_mini_msgs/include/scout_mini_msgs/scout_mini_msgs/msg/fault_state.hpp
[1.112s] -- Up-to-date symlink: /home/ros/scout_ws/install/scout_mini_msgs/include/scout_mini_msgs/scout_mini_msgs/msg/light_command.hpp
[1.113s] -- Up-to-date symlink: /home/ros/scout_ws/install/scout_mini_msgs/include/scout_mini_msgs/scout_mini_msgs/msg/light_state.hpp
[1.113s] -- Up-to-date symlink: /home/ros/scout_ws/install/scout_mini_msgs/include/scout_mini_msgs/scout_mini_msgs/msg/motor_state.hpp
[1.113s] -- Up-to-date symlink: /home/ros/scout_ws/install/scout_mini_msgs/include/scout_mini_msgs/scout_mini_msgs/msg/robot_state.hpp
[1.113s] -- Up-to-date symlink: /home/ros/scout_ws/install/scout_mini_msgs/include/scout_mini_msgs/scout_mini_msgs/msg/rosidl_generator_cpp__visibility_control.hpp
[1.114s] -- Up-to-date symlink: /home/ros/scout_ws/install/scout_mini_msgs/include/scout_mini_msgs/scout_mini_msgs/msg/detail/driver_state__rosidl_typesupport_fastrtps_cpp.hpp
[1.114s] -- Up-to-date symlink: /home/ros/scout_ws/install/scout_mini_msgs/include/scout_mini_msgs/scout_mini_msgs/msg/detail/fault_state__rosidl_typesupport_fastrtps_cpp.hpp
[1.114s] -- Up-to-date symlink: /home/ros/scout_ws/install/scout_mini_msgs/include/scout_mini_msgs/scout_mini_msgs/msg/detail/light_command__rosidl_typesupport_fastrtps_cpp.hpp
[1.115s] -- Up-to-date symlink: /home/ros/scout_ws/install/scout_mini_msgs/include/scout_mini_msgs/scout_mini_msgs/msg/detail/light_state__rosidl_typesupport_fastrtps_cpp.hpp
[1.115s] -- Up-to-date symlink: /home/ros/scout_ws/install/scout_mini_msgs/include/scout_mini_msgs/scout_mini_msgs/msg/detail/motor_state__rosidl_typesupport_fastrtps_cpp.hpp
[1.115s] -- Up-to-date symlink: /home/ros/scout_ws/install/scout_mini_msgs/include/scout_mini_msgs/scout_mini_msgs/msg/detail/robot_state__rosidl_typesupport_fastrtps_cpp.hpp
[1.115s] -- Up-to-date symlink: /home/ros/scout_ws/install/scout_mini_msgs/include/scout_mini_msgs/scout_mini_msgs/msg/rosidl_typesupport_fastrtps_cpp__visibility_control.h
[1.116s] -- Up-to-date symlink: /home/ros/scout_ws/install/scout_mini_msgs/include/scout_mini_msgs/scout_mini_msgs/msg/detail/driver_state__rosidl_typesupport_introspection_cpp.hpp
[1.117s] -- Up-to-date symlink: /home/ros/scout_ws/install/scout_mini_msgs/include/scout_mini_msgs/scout_mini_msgs/msg/detail/fault_state__rosidl_typesupport_introspection_cpp.hpp
[1.117s] -- Up-to-date symlink: /home/ros/scout_ws/install/scout_mini_msgs/include/scout_mini_msgs/scout_mini_msgs/msg/detail/light_command__rosidl_typesupport_introspection_cpp.hpp
[1.118s] -- Up-to-date symlink: /home/ros/scout_ws/install/scout_mini_msgs/include/scout_mini_msgs/scout_mini_msgs/msg/detail/light_state__rosidl_typesupport_introspection_cpp.hpp
[1.118s] -- Up-to-date symlink: /home/ros/scout_ws/install/scout_mini_msgs/include/scout_mini_msgs/scout_mini_msgs/msg/detail/motor_state__rosidl_typesupport_introspection_cpp.hpp
[1.118s] -- Up-to-date symlink: /home/ros/scout_ws/install/scout_mini_msgs/include/scout_mini_msgs/scout_mini_msgs/msg/detail/robot_state__rosidl_typesupport_introspection_cpp.hpp
[1.119s] -- Up-to-date symlink: /home/ros/scout_ws/install/scout_mini_msgs/share/scout_mini_msgs/environment/pythonpath.sh
[1.119s] -- Up-to-date symlink: /home/ros/scout_ws/install/scout_mini_msgs/share/scout_mini_msgs/environment/pythonpath.dsv
[1.120s] -- Up-to-date symlink: /home/ros/scout_ws/install/scout_mini_msgs/local/lib/python3.10/dist-packages/scout_mini_msgs-0.1.0-py3.10.egg-info/PKG-INFO
[1.121s] -- Up-to-date symlink: /home/ros/scout_ws/install/scout_mini_msgs/local/lib/python3.10/dist-packages/scout_mini_msgs-0.1.0-py3.10.egg-info/SOURCES.txt
[1.121s] -- Up-to-date symlink: /home/ros/scout_ws/install/scout_mini_msgs/local/lib/python3.10/dist-packages/scout_mini_msgs-0.1.0-py3.10.egg-info/dependency_links.txt
[1.122s] -- Up-to-date symlink: /home/ros/scout_ws/install/scout_mini_msgs/local/lib/python3.10/dist-packages/scout_mini_msgs-0.1.0-py3.10.egg-info/top_level.txt
[1.124s] -- Up-to-date symlink: /home/ros/scout_ws/install/scout_mini_msgs/local/lib/python3.10/dist-packages/scout_mini_msgs/__init__.py
[1.125s] -- Up-to-date symlink: /home/ros/scout_ws/install/scout_mini_msgs/local/lib/python3.10/dist-packages/scout_mini_msgs/_scout_mini_msgs_s.ep.rosidl_typesupport_c.c
[1.126s] -- Up-to-date symlink: /home/ros/scout_ws/install/scout_mini_msgs/local/lib/python3.10/dist-packages/scout_mini_msgs/_scout_mini_msgs_s.ep.rosidl_typesupport_fastrtps_c.c
[1.126s] -- Up-to-date symlink: /home/ros/scout_ws/install/scout_mini_msgs/local/lib/python3.10/dist-packages/scout_mini_msgs/_scout_mini_msgs_s.ep.rosidl_typesupport_introspection_c.c
[1.126s] -- Up-to-date symlink: /home/ros/scout_ws/install/scout_mini_msgs/local/lib/python3.10/dist-packages/scout_mini_msgs/libscout_mini_msgs__rosidl_generator_py.so
[1.127s] -- Up-to-date symlink: /home/ros/scout_ws/install/scout_mini_msgs/local/lib/python3.10/dist-packages/scout_mini_msgs/msg/__init__.py
[1.127s] -- Up-to-date symlink: /home/ros/scout_ws/install/scout_mini_msgs/local/lib/python3.10/dist-packages/scout_mini_msgs/msg/_driver_state.py
[1.128s] -- Up-to-date symlink: /home/ros/scout_ws/install/scout_mini_msgs/local/lib/python3.10/dist-packages/scout_mini_msgs/msg/_driver_state_s.c
[1.128s] -- Up-to-date symlink: /home/ros/scout_ws/install/scout_mini_msgs/local/lib/python3.10/dist-packages/scout_mini_msgs/msg/_fault_state.py
[1.129s] -- Up-to-date symlink: /home/ros/scout_ws/install/scout_mini_msgs/local/lib/python3.10/dist-packages/scout_mini_msgs/msg/_fault_state_s.c
[1.130s] -- Up-to-date symlink: /home/ros/scout_ws/install/scout_mini_msgs/local/lib/python3.10/dist-packages/scout_mini_msgs/msg/_light_command.py
[1.130s] -- Up-to-date symlink: /home/ros/scout_ws/install/scout_mini_msgs/local/lib/python3.10/dist-packages/scout_mini_msgs/msg/_light_command_s.c
[1.130s] -- Up-to-date symlink: /home/ros/scout_ws/install/scout_mini_msgs/local/lib/python3.10/dist-packages/scout_mini_msgs/msg/_light_state.py
[1.131s] -- Up-to-date symlink: /home/ros/scout_ws/install/scout_mini_msgs/local/lib/python3.10/dist-packages/scout_mini_msgs/msg/_light_state_s.c
[1.131s] -- Up-to-date symlink: /home/ros/scout_ws/install/scout_mini_msgs/local/lib/python3.10/dist-packages/scout_mini_msgs/msg/_motor_state.py
[1.132s] -- Up-to-date symlink: /home/ros/scout_ws/install/scout_mini_msgs/local/lib/python3.10/dist-packages/scout_mini_msgs/msg/_motor_state_s.c
[1.133s] -- Up-to-date symlink: /home/ros/scout_ws/install/scout_mini_msgs/local/lib/python3.10/dist-packages/scout_mini_msgs/msg/_robot_state.py
[1.133s] -- Up-to-date symlink: /home/ros/scout_ws/install/scout_mini_msgs/local/lib/python3.10/dist-packages/scout_mini_msgs/msg/_robot_state_s.c
[1.134s] -- Up-to-date symlink: /home/ros/scout_ws/install/scout_mini_msgs/local/lib/python3.10/dist-packages/scout_mini_msgs/scout_mini_msgs_s__rosidl_typesupport_c.cpython-310-x86_64-linux-gnu.so
[1.134s] -- Up-to-date symlink: /home/ros/scout_ws/install/scout_mini_msgs/local/lib/python3.10/dist-packages/scout_mini_msgs/scout_mini_msgs_s__rosidl_typesupport_fastrtps_c.cpython-310-x86_64-linux-gnu.so
[1.134s] -- Up-to-date symlink: /home/ros/scout_ws/install/scout_mini_msgs/local/lib/python3.10/dist-packages/scout_mini_msgs/scout_mini_msgs_s__rosidl_typesupport_introspection_c.cpython-310-x86_64-linux-gnu.so
[1.135s] -- Up-to-date symlink: /home/ros/scout_ws/install/scout_mini_msgs/local/lib/python3.10/dist-packages/scout_mini_msgs/scout_mini_msgs_s__rosidl_typesupport_fastrtps_c.cpython-310-x86_64-linux-gnu.so
[1.136s] -- Up-to-date symlink: /home/ros/scout_ws/install/scout_mini_msgs/local/lib/python3.10/dist-packages/scout_mini_msgs/scout_mini_msgs_s__rosidl_typesupport_introspection_c.cpython-310-x86_64-linux-gnu.so
[1.137s] -- Up-to-date symlink: /home/ros/scout_ws/install/scout_mini_msgs/local/lib/python3.10/dist-packages/scout_mini_msgs/scout_mini_msgs_s__rosidl_typesupport_c.cpython-310-x86_64-linux-gnu.so
[1.137s] -- Up-to-date symlink: /home/ros/scout_ws/install/scout_mini_msgs/share/scout_mini_msgs/msg/DriverState.idl
[1.138s] -- Up-to-date symlink: /home/ros/scout_ws/install/scout_mini_msgs/share/scout_mini_msgs/msg/FaultState.idl
[1.139s] -- Up-to-date symlink: /home/ros/scout_ws/install/scout_mini_msgs/share/scout_mini_msgs/msg/LightCommand.idl
[1.140s] -- Up-to-date symlink: /home/ros/scout_ws/install/scout_mini_msgs/share/scout_mini_msgs/msg/LightState.idl
[1.140s] -- Up-to-date symlink: /home/ros/scout_ws/install/scout_mini_msgs/share/scout_mini_msgs/msg/MotorState.idl
[1.140s] -- Up-to-date symlink: /home/ros/scout_ws/install/scout_mini_msgs/share/scout_mini_msgs/msg/RobotState.idl
[1.141s] -- Up-to-date symlink: /home/ros/scout_ws/install/scout_mini_msgs/share/scout_mini_msgs/msg/DriverState.msg
[1.141s] -- Up-to-date symlink: /home/ros/scout_ws/install/scout_mini_msgs/share/scout_mini_msgs/msg/FaultState.msg
[1.142s] -- Up-to-date symlink: /home/ros/scout_ws/install/scout_mini_msgs/share/scout_mini_msgs/msg/LightCommand.msg
[1.143s] -- Up-to-date symlink: /home/ros/scout_ws/install/scout_mini_msgs/share/scout_mini_msgs/msg/LightState.msg
[1.143s] -- Up-to-date symlink: /home/ros/scout_ws/install/scout_mini_msgs/share/scout_mini_msgs/msg/MotorState.msg
[1.143s] -- Up-to-date symlink: /home/ros/scout_ws/install/scout_mini_msgs/share/scout_mini_msgs/msg/RobotState.msg
[1.144s] -- Up-to-date symlink: /home/ros/scout_ws/install/scout_mini_msgs/share/ament_index/resource_index/package_run_dependencies/scout_mini_msgs
[1.145s] -- Up-to-date symlink: /home/ros/scout_ws/install/scout_mini_msgs/share/ament_index/resource_index/parent_prefix_path/scout_mini_msgs
[1.145s] -- Up-to-date symlink: /home/ros/scout_ws/install/scout_mini_msgs/share/scout_mini_msgs/environment/ament_prefix_path.sh
[1.146s] -- Up-to-date symlink: /home/ros/scout_ws/install/scout_mini_msgs/share/scout_mini_msgs/environment/ament_prefix_path.dsv
[1.146s] -- Up-to-date symlink: /home/ros/scout_ws/install/scout_mini_msgs/share/scout_mini_msgs/environment/path.sh
[1.147s] -- Up-to-date symlink: /home/ros/scout_ws/install/scout_mini_msgs/share/scout_mini_msgs/environment/path.dsv
[1.147s] -- Up-to-date symlink: /home/ros/scout_ws/install/scout_mini_msgs/share/scout_mini_msgs/local_setup.bash
[1.148s] -- Up-to-date symlink: /home/ros/scout_ws/install/scout_mini_msgs/share/scout_mini_msgs/local_setup.sh
[1.149s] -- Up-to-date symlink: /home/ros/scout_ws/install/scout_mini_msgs/share/scout_mini_msgs/local_setup.zsh
[1.149s] -- Up-to-date symlink: /home/ros/scout_ws/install/scout_mini_msgs/share/scout_mini_msgs/local_setup.dsv
[1.150s] -- Up-to-date symlink: /home/ros/scout_ws/install/scout_mini_msgs/share/scout_mini_msgs/package.dsv
[1.150s] -- Up-to-date symlink: /home/ros/scout_ws/install/scout_mini_msgs/share/ament_index/resource_index/packages/scout_mini_msgs
[1.151s] -- Up-to-date symlink: /home/ros/scout_ws/install/scout_mini_msgs/share/scout_mini_msgs/cmake/rosidl_cmake-extras.cmake
[1.151s] -- Up-to-date symlink: /home/ros/scout_ws/install/scout_mini_msgs/share/scout_mini_msgs/cmake/ament_cmake_export_dependencies-extras.cmake
[1.152s] -- Up-to-date symlink: /home/ros/scout_ws/install/scout_mini_msgs/share/scout_mini_msgs/cmake/ament_cmake_export_include_directories-extras.cmake
[1.152s] -- Up-to-date symlink: /home/ros/scout_ws/install/scout_mini_msgs/share/scout_mini_msgs/cmake/ament_cmake_export_libraries-extras.cmake
[1.152s] -- Up-to-date symlink: /home/ros/scout_ws/install/scout_mini_msgs/share/scout_mini_msgs/cmake/ament_cmake_export_targets-extras.cmake
[1.152s] -- Up-to-date symlink: /home/ros/scout_ws/install/scout_mini_msgs/share/scout_mini_msgs/cmake/rosidl_cmake_export_typesupport_targets-extras.cmake
[1.153s] -- Up-to-date symlink: /home/ros/scout_ws/install/scout_mini_msgs/share/scout_mini_msgs/cmake/rosidl_cmake_export_typesupport_libraries-extras.cmake
[1.154s] -- Up-to-date symlink: /home/ros/scout_ws/install/scout_mini_msgs/share/scout_mini_msgs/cmake/scout_mini_msgsConfig.cmake
[1.154s] -- Up-to-date symlink: /home/ros/scout_ws/install/scout_mini_msgs/share/scout_mini_msgs/cmake/scout_mini_msgsConfig-version.cmake
[1.155s] -- Up-to-date symlink: /home/ros/scout_ws/install/scout_mini_msgs/share/scout_mini_msgs/package.xml
[1.157s] -- Up-to-date: /home/ros/scout_ws/install/scout_mini_msgs/lib/libscout_mini_msgs__rosidl_generator_c.so
[1.160s] -- Up-to-date: /home/ros/scout_ws/install/scout_mini_msgs/lib/libscout_mini_msgs__rosidl_typesupport_fastrtps_c.so
[1.162s] -- Up-to-date: /home/ros/scout_ws/install/scout_mini_msgs/lib/libscout_mini_msgs__rosidl_typesupport_introspection_c.so
[1.164s] -- Up-to-date: /home/ros/scout_ws/install/scout_mini_msgs/lib/libscout_mini_msgs__rosidl_typesupport_c.so
[1.167s] -- Up-to-date: /home/ros/scout_ws/install/scout_mini_msgs/lib/libscout_mini_msgs__rosidl_typesupport_fastrtps_cpp.so
[1.169s] -- Up-to-date: /home/ros/scout_ws/install/scout_mini_msgs/lib/libscout_mini_msgs__rosidl_typesupport_introspection_cpp.so
[1.172s] -- Up-to-date: /home/ros/scout_ws/install/scout_mini_msgs/lib/libscout_mini_msgs__rosidl_typesupport_cpp.so
[1.230s] Listing '/home/ros/scout_ws/install/scout_mini_msgs/local/lib/python3.10/dist-packages/scout_mini_msgs'...
[1.230s] Listing '/home/ros/scout_ws/install/scout_mini_msgs/local/lib/python3.10/dist-packages/scout_mini_msgs/msg'...
[1.236s] -- Up-to-date: /home/ros/scout_ws/install/scout_mini_msgs/lib/libscout_mini_msgs__rosidl_generator_py.so
[1.238s] -- Up-to-date: /home/ros/scout_ws/install/scout_mini_msgs/share/scout_mini_msgs/cmake/export_scout_mini_msgs__rosidl_generator_cExport.cmake
[1.238s] -- Up-to-date: /home/ros/scout_ws/install/scout_mini_msgs/share/scout_mini_msgs/cmake/export_scout_mini_msgs__rosidl_generator_cExport-noconfig.cmake
[1.239s] -- Up-to-date: /home/ros/scout_ws/install/scout_mini_msgs/share/scout_mini_msgs/cmake/export_scout_mini_msgs__rosidl_typesupport_fastrtps_cExport.cmake
[1.239s] -- Up-to-date: /home/ros/scout_ws/install/scout_mini_msgs/share/scout_mini_msgs/cmake/export_scout_mini_msgs__rosidl_typesupport_fastrtps_cExport-noconfig.cmake
[1.240s] -- Up-to-date: /home/ros/scout_ws/install/scout_mini_msgs/share/scout_mini_msgs/cmake/scout_mini_msgs__rosidl_typesupport_introspection_cExport.cmake
[1.240s] -- Up-to-date: /home/ros/scout_ws/install/scout_mini_msgs/share/scout_mini_msgs/cmake/scout_mini_msgs__rosidl_typesupport_introspection_cExport-noconfig.cmake
[1.240s] -- Up-to-date: /home/ros/scout_ws/install/scout_mini_msgs/share/scout_mini_msgs/cmake/scout_mini_msgs__rosidl_typesupport_cExport.cmake
[1.241s] -- Up-to-date: /home/ros/scout_ws/install/scout_mini_msgs/share/scout_mini_msgs/cmake/scout_mini_msgs__rosidl_typesupport_cExport-noconfig.cmake
[1.241s] -- Up-to-date: /home/ros/scout_ws/install/scout_mini_msgs/share/scout_mini_msgs/cmake/export_scout_mini_msgs__rosidl_generator_cppExport.cmake
[1.241s] -- Up-to-date: /home/ros/scout_ws/install/scout_mini_msgs/share/scout_mini_msgs/cmake/export_scout_mini_msgs__rosidl_typesupport_fastrtps_cppExport.cmake
[1.242s] -- Up-to-date: /home/ros/scout_ws/install/scout_mini_msgs/share/scout_mini_msgs/cmake/export_scout_mini_msgs__rosidl_typesupport_fastrtps_cppExport-noconfig.cmake
[1.242s] -- Up-to-date: /home/ros/scout_ws/install/scout_mini_msgs/share/scout_mini_msgs/cmake/scout_mini_msgs__rosidl_typesupport_introspection_cppExport.cmake
[1.242s] -- Up-to-date: /home/ros/scout_ws/install/scout_mini_msgs/share/scout_mini_msgs/cmake/scout_mini_msgs__rosidl_typesupport_introspection_cppExport-noconfig.cmake
[1.243s] -- Up-to-date: /home/ros/scout_ws/install/scout_mini_msgs/share/scout_mini_msgs/cmake/scout_mini_msgs__rosidl_typesupport_cppExport.cmake
[1.243s] -- Up-to-date: /home/ros/scout_ws/install/scout_mini_msgs/share/scout_mini_msgs/cmake/scout_mini_msgs__rosidl_typesupport_cppExport-noconfig.cmake
[1.243s] -- Up-to-date: /home/ros/scout_ws/install/scout_mini_msgs/share/scout_mini_msgs/cmake/export_scout_mini_msgs__rosidl_generator_pyExport.cmake
[1.243s] -- Up-to-date: /home/ros/scout_ws/install/scout_mini_msgs/share/scout_mini_msgs/cmake/export_scout_mini_msgs__rosidl_generator_pyExport-noconfig.cmake
[1.249s] Invoked command in '/home/ros/scout_ws/build/scout_mini_msgs' returned '0': CMAKE_PREFIX_PATH=${CMAKE_PREFIX_PATH}:/opt/ros/humble /usr/bin/cmake --install /home/ros/scout_ws/build/scout_mini_msgs
