[0.121s] Invoking command in '/home/ros/scout_ws/build/scout_mini_msgs': CMAKE_PREFIX_PATH=${CMAKE_PREFIX_PATH}:/opt/ros/humble /usr/bin/cmake /home/ros/scout_ws/src/scout_mini_ros2/scout_mini_msgs -DAMENT_CMAKE_SYMLINK_INSTALL=1 -DCMAKE_INSTALL_PREFIX=/home/ros/scout_ws/install/scout_mini_msgs
[0.734s] -- The C compiler identification is GNU 11.4.0
[1.247s] -- The CXX compiler identification is GNU 11.4.0
[1.277s] -- Detecting C compiler ABI info
[1.657s] -- Detecting C compiler ABI info - done
[1.670s] -- Check for working C compiler: /usr/bin/cc - skipped
[1.672s] -- Detecting C compile features
[1.673s] -- Detecting C compile features - done
[1.683s] -- Detecting CXX compiler ABI info
[2.104s] -- Detecting CXX compiler ABI info - done
[2.122s] -- Check for working CXX compiler: /usr/bin/c++ - skipped
[2.123s] -- Detecting CXX compile features
[2.128s] -- Detecting CXX compile features - done
[2.139s] -- Found ament_cmake: 1.3.12 (/opt/ros/humble/share/ament_cmake/cmake)
[2.597s] -- Found Python3: /usr/bin/python3 (found version "3.10.12") found components: Interpreter 
[2.777s] -- Override CMake install command with custom implementation using symlinks instead of copying resources
[2.891s] -- Found rosidl_default_generators: 1.2.0 (/opt/ros/humble/share/rosidl_default_generators/cmake)
[2.906s] -- Using all available rosidl_typesupport_c: rosidl_typesupport_fastrtps_c;rosidl_typesupport_introspection_c
[2.942s] -- Found rosidl_adapter: 3.1.8 (/opt/ros/humble/share/rosidl_adapter/cmake)
[3.088s] -- Using all available rosidl_typesupport_cpp: rosidl_typesupport_fastrtps_cpp;rosidl_typesupport_introspection_cpp
[3.233s] -- Found builtin_interfaces: 1.2.2 (/opt/ros/humble/share/builtin_interfaces/cmake)
[3.269s] -- Found std_msgs: 4.9.0 (/opt/ros/humble/share/std_msgs/cmake)
[4.274s] -- Found ament_cmake_ros: 0.10.0 (/opt/ros/humble/share/ament_cmake_ros/cmake)
[5.112s] -- Using all available rosidl_typesupport_c: rosidl_typesupport_fastrtps_c;rosidl_typesupport_introspection_c
[6.001s] -- Using all available rosidl_typesupport_cpp: rosidl_typesupport_fastrtps_cpp;rosidl_typesupport_introspection_cpp
[6.062s] -- Found PythonInterp: /usr/bin/python3 (found suitable version "3.10.12", minimum required is "3.6") 
[6.071s] -- Found python_cmake_module: 0.10.0 (/opt/ros/humble/share/python_cmake_module/cmake)
[6.144s] -- Found PythonLibs: /usr/lib/x86_64-linux-gnu/libpython3.10.so (found suitable version "3.10.12", minimum required is "3.5") 
[6.144s] -- Using PYTHON_EXECUTABLE: /usr/bin/python3
[6.144s] -- Using PYTHON_INCLUDE_DIRS: /usr/include/python3.10
[6.144s] -- Using PYTHON_LIBRARIES: /usr/lib/x86_64-linux-gnu/libpython3.10.so
[6.197s] -- Found PythonExtra: .so  
[6.374s] -- Configuring done
[6.552s] -- Generating done
[6.578s] -- Build files have been written to: /home/ros/scout_ws/build/scout_mini_msgs
