[0.097s] Invoking command in '/home/ros/scout_ws/build/scout_mini_hardware': CMAKE_PREFIX_PATH=${CMAKE_PREFIX_PATH}:/opt/ros/humble /usr/bin/cmake /home/ros/scout_ws/src/scout_mini_ros2/scout_mini_hardware -DAMENT_CMAKE_SYMLINK_INSTALL=1 -DCMAKE_INSTALL_PREFIX=/home/ros/scout_ws/install/scout_mini_hardware
[0.150s] -- Found ament_cmake: 1.3.12 (/opt/ros/humble/share/ament_cmake/cmake)
[0.564s] -- Override CMake install command with custom implementation using symlinks instead of copying resources
[0.623s] -- Found rclcpp: 16.0.17 (/opt/ros/humble/share/rclcpp/cmake)
[0.760s] -- Found rosidl_generator_c: 3.1.8 (/opt/ros/humble/share/rosidl_generator_c/cmake)
[0.772s] -- Found rosidl_adapter: 3.1.8 (/opt/ros/humble/share/rosidl_adapter/cmake)
[0.787s] -- Found rosidl_generator_cpp: 3.1.8 (/opt/ros/humble/share/rosidl_generator_cpp/cmake)
[0.822s] -- Using all available rosidl_typesupport_c: rosidl_typesupport_fastrtps_c;rosidl_typesupport_introspection_c
[0.869s] -- Using all available rosidl_typesupport_cpp: rosidl_typesupport_fastrtps_cpp;rosidl_typesupport_introspection_cpp
[0.972s] -- Found rmw_implementation_cmake: 6.1.2 (/opt/ros/humble/share/rmw_implementation_cmake/cmake)
[0.976s] -- Found rmw_fastrtps_cpp: 6.2.9 (/opt/ros/humble/share/rmw_fastrtps_cpp/cmake)
[1.284s] -- Using RMW implementation 'rmw_fastrtps_cpp' as default
[1.396s] -- Found hardware_interface: 2.53.0 (/opt/ros/humble/share/hardware_interface/cmake)
[1.646s] -- Found realtime_tools: 2.15.0 (/opt/ros/humble/share/realtime_tools/cmake)
[1.653s] -- Found can_msgs: 2.0.0 (/opt/ros/humble/share/can_msgs/cmake)
[1.684s] -- Found ros2_socketcan: 1.3.0 (/opt/ros/humble/share/ros2_socketcan/cmake)
[1.782s] [31mCMake Error at CMakeLists.txt:27 (find_package):
[1.785s]   By not providing "Findscout_mini_msgs.cmake" in CMAKE_MODULE_PATH this
[1.785s]   project has asked CMake to find a package configuration file provided by
[1.786s]   "scout_mini_msgs", but CMake did not find one.
[1.786s] 
[1.786s]   Could not find a package configuration file provided by "scout_mini_msgs"
[1.786s]   with any of the following names:
[1.787s] 
[1.788s]     scout_mini_msgsConfig.cmake
[1.788s] -- Configuring incomplete, errors occurred!
[1.788s] See also "/home/ros/scout_ws/build/scout_mini_hardware/CMakeFiles/CMakeOutput.log".
[1.789s]     scout_mini_msgs-config.cmake
[1.789s] 
[1.789s]   Add the installation prefix of "scout_mini_msgs" to CMAKE_PREFIX_PATH or
[1.790s]   set "scout_mini_msgs_DIR" to a directory containing one of the above files.
[1.790s]   If "scout_mini_msgs" provides a separate development package or SDK, be
[1.790s]   sure it has been installed.
[1.790s] 
[1.791s] [0m
[1.813s] Invoked command in '/home/ros/scout_ws/build/scout_mini_hardware' returned '1': CMAKE_PREFIX_PATH=${CMAKE_PREFIX_PATH}:/opt/ros/humble /usr/bin/cmake /home/ros/scout_ws/src/scout_mini_ros2/scout_mini_hardware -DAMENT_CMAKE_SYMLINK_INSTALL=1 -DCMAKE_INSTALL_PREFIX=/home/ros/scout_ws/install/scout_mini_hardware
