-- Install configuration: ""
-- Execute custom install script
[33mCMake Warning (dev) at ament_cmake_symlink_install/ament_cmake_symlink_install.cmake:62 (file):
  Policy CMP0009 is not set: FILE GLOB_RECURSE calls should not follow
  symlinks by default.  Run "cmake --help-policy CMP0009" for policy details.
  Use the cmake_policy command to set the policy and suppress this warning.
Call Stack (most recent call first):
  ament_cmake_symlink_install/ament_cmake_symlink_install.cmake:314 (ament_cmake_symlink_install_directory)
  cmake_install.cmake:46 (include)
This warning is for project developers.  Use -Wno-dev to suppress it.
[0m
-- Up-to-date symlink: /home/ros/scout_ws/install/scout_mini_description/share/scout_mini_description/launch/build/.built_by
-- Up-to-date symlink: /home/ros/scout_ws/install/scout_mini_description/share/scout_mini_description/launch/build/COLCON_IGNORE
-- Up-to-date symlink: /home/ros/scout_ws/install/scout_mini_description/share/scout_mini_description/launch/cartographer.launch.py
-- Up-to-date symlink: /home/ros/scout_ws/install/scout_mini_description/share/scout_mini_description/launch/description_launch.py
-- Up-to-date symlink: /home/ros/scout_ws/install/scout_mini_description/share/scout_mini_description/launch/headless_sim_launch.py
-- Up-to-date symlink: /home/ros/scout_ws/install/scout_mini_description/share/scout_mini_description/launch/install/.colcon_install_layout
-- Up-to-date symlink: /home/ros/scout_ws/install/scout_mini_description/share/scout_mini_description/launch/install/COLCON_IGNORE
-- Up-to-date symlink: /home/ros/scout_ws/install/scout_mini_description/share/scout_mini_description/launch/install/_local_setup_util_ps1.py
-- Up-to-date symlink: /home/ros/scout_ws/install/scout_mini_description/share/scout_mini_description/launch/install/_local_setup_util_sh.py
-- Up-to-date symlink: /home/ros/scout_ws/install/scout_mini_description/share/scout_mini_description/launch/install/local_setup.bash
-- Up-to-date symlink: /home/ros/scout_ws/install/scout_mini_description/share/scout_mini_description/launch/install/local_setup.ps1
-- Up-to-date symlink: /home/ros/scout_ws/install/scout_mini_description/share/scout_mini_description/launch/install/local_setup.sh
-- Up-to-date symlink: /home/ros/scout_ws/install/scout_mini_description/share/scout_mini_description/launch/install/local_setup.zsh
-- Up-to-date symlink: /home/ros/scout_ws/install/scout_mini_description/share/scout_mini_description/launch/install/setup.bash
-- Up-to-date symlink: /home/ros/scout_ws/install/scout_mini_description/share/scout_mini_description/launch/install/setup.ps1
-- Up-to-date symlink: /home/ros/scout_ws/install/scout_mini_description/share/scout_mini_description/launch/install/setup.sh
-- Up-to-date symlink: /home/ros/scout_ws/install/scout_mini_description/share/scout_mini_description/launch/install/setup.zsh
-- Up-to-date symlink: /home/ros/scout_ws/install/scout_mini_description/share/scout_mini_description/launch/log/COLCON_IGNORE
-- Up-to-date symlink: /home/ros/scout_ws/install/scout_mini_description/share/scout_mini_description/launch/log/build_2026-02-06_18-03-30/events.log
-- Up-to-date symlink: /home/ros/scout_ws/install/scout_mini_description/share/scout_mini_description/launch/log/build_2026-02-06_18-03-30/logger_all.log
-- Up-to-date symlink: /home/ros/scout_ws/install/scout_mini_description/share/scout_mini_description/launch/log/build_2026-02-06_18-03-59/events.log
-- Up-to-date symlink: /home/ros/scout_ws/install/scout_mini_description/share/scout_mini_description/launch/log/build_2026-02-06_18-03-59/logger_all.log
-- Up-to-date symlink: /home/ros/scout_ws/install/scout_mini_description/share/scout_mini_description/launch/log/latest/events.log
-- Up-to-date symlink: /home/ros/scout_ws/install/scout_mini_description/share/scout_mini_description/launch/log/latest/logger_all.log
-- Up-to-date symlink: /home/ros/scout_ws/install/scout_mini_description/share/scout_mini_description/launch/log/latest_build/events.log
-- Up-to-date symlink: /home/ros/scout_ws/install/scout_mini_description/share/scout_mini_description/launch/log/latest_build/logger_all.log
-- Up-to-date symlink: /home/ros/scout_ws/install/scout_mini_description/share/scout_mini_description/launch/navigation.launch.py
-- Up-to-date symlink: /home/ros/scout_ws/install/scout_mini_description/share/scout_mini_description/launch/rviz2_launch.py
-- Up-to-date symlink: /home/ros/scout_ws/install/scout_mini_description/share/scout_mini_description/launch/scout_auto.launch.py
-- Up-to-date symlink: /home/ros/scout_ws/install/scout_mini_description/share/scout_mini_description/meshes/body.dae
-- Up-to-date symlink: /home/ros/scout_ws/install/scout_mini_description/share/scout_mini_description/meshes/wheel.dae
-- Up-to-date symlink: /home/ros/scout_ws/install/scout_mini_description/share/scout_mini_description/rviz/scout_mini.rviz
-- Up-to-date symlink: /home/ros/scout_ws/install/scout_mini_description/share/scout_mini_description/urdf/scout_mini.urdf.xacro
-- Up-to-date symlink: /home/ros/scout_ws/install/scout_mini_description/share/scout_mini_description/urdf/scout_mini.urdf.xacro.bak
-- Up-to-date symlink: /home/ros/scout_ws/install/scout_mini_description/share/scout_mini_description/config/scout_cartographer.lua
-- Up-to-date symlink: /home/ros/scout_ws/install/scout_mini_description/share/scout_mini_description/config/scout_nav2.yaml
-- Up-to-date symlink: /home/ros/scout_ws/install/scout_mini_description/share/scout_mini_description/worlds/turtlebot3_slow.world
-- Up-to-date symlink: /home/ros/scout_ws/install/scout_mini_description/share/scout_mini_description/maps/my_scout_map.pgm
-- Up-to-date symlink: /home/ros/scout_ws/install/scout_mini_description/share/scout_mini_description/maps/my_scout_map.yaml
-- Up-to-date symlink: /home/ros/scout_ws/install/scout_mini_description/share/ament_index/resource_index/package_run_dependencies/scout_mini_description
-- Up-to-date symlink: /home/ros/scout_ws/install/scout_mini_description/share/ament_index/resource_index/parent_prefix_path/scout_mini_description
-- Up-to-date symlink: /home/ros/scout_ws/install/scout_mini_description/share/scout_mini_description/environment/ament_prefix_path.sh
-- Up-to-date symlink: /home/ros/scout_ws/install/scout_mini_description/share/scout_mini_description/environment/ament_prefix_path.dsv
-- Up-to-date symlink: /home/ros/scout_ws/install/scout_mini_description/share/scout_mini_description/environment/path.sh
-- Up-to-date symlink: /home/ros/scout_ws/install/scout_mini_description/share/scout_mini_description/environment/path.dsv
-- Up-to-date symlink: /home/ros/scout_ws/install/scout_mini_description/share/scout_mini_description/local_setup.bash
-- Up-to-date symlink: /home/ros/scout_ws/install/scout_mini_description/share/scout_mini_description/local_setup.sh
-- Up-to-date symlink: /home/ros/scout_ws/install/scout_mini_description/share/scout_mini_description/local_setup.zsh
-- Up-to-date symlink: /home/ros/scout_ws/install/scout_mini_description/share/scout_mini_description/local_setup.dsv
-- Symlinking: /home/ros/scout_ws/install/scout_mini_description/share/scout_mini_description/package.dsv
-- Up-to-date symlink: /home/ros/scout_ws/install/scout_mini_description/share/ament_index/resource_index/packages/scout_mini_description
-- Up-to-date symlink: /home/ros/scout_ws/install/scout_mini_description/share/scout_mini_description/cmake/scout_mini_descriptionConfig.cmake
-- Up-to-date symlink: /home/ros/scout_ws/install/scout_mini_description/share/scout_mini_description/cmake/scout_mini_descriptionConfig-version.cmake
-- Up-to-date symlink: /home/ros/scout_ws/install/scout_mini_description/share/scout_mini_description/package.xml
