[0.218s] DEBUG:colcon:Command line arguments: ['/usr/bin/colcon', 'build', '--symlink-install']
[0.218s] DEBUG:colcon:Parsed command line arguments: Namespace(log_base=None, log_level=None, verb_name='build', build_base='build', install_base='install', merge_install=False, symlink_install=True, test_result_base=None, continue_on_error=False, executor='parallel', parallel_workers=6, event_handlers=None, ignore_user_meta=False, metas=['./colcon.meta'], base_paths=['.'], packages_ignore=None, packages_ignore_regex=None, paths=None, packages_up_to=None, packages_up_to_regex=None, packages_above=None, packages_above_and_dependencies=None, packages_above_depth=None, packages_select_by_dep=None, packages_skip_by_dep=None, packages_skip_up_to=None, packages_select_build_failed=False, packages_skip_build_finished=False, packages_select_test_failures=False, packages_skip_test_passed=False, packages_select=None, packages_skip=None, packages_select_regex=None, packages_skip_regex=None, packages_start=None, packages_end=None, allow_overriding=[], cmake_args=None, cmake_target=None, cmake_target_skip_unavailable=False, cmake_clean_cache=False, cmake_clean_first=False, cmake_force_configure=False, ament_cmake_args=None, catkin_cmake_args=None, catkin_skip_building_tests=False, mixin_files=None, mixin=None, verb_parser=<colcon_mixin.mixin.mixin_argument.MixinArgumentDecorator object at 0x73aacf75ec20>, verb_extension=<colcon_core.verb.build.BuildVerb object at 0x73aacf75e770>, main=<bound method BuildVerb.main of <colcon_core.verb.build.BuildVerb object at 0x73aacf75e770>>, mixin_verb=('build',))
[0.608s] Level 1:colcon.colcon_core.package_discovery:discover_packages(colcon_meta) check parameters
[0.608s] Level 1:colcon.colcon_core.package_discovery:discover_packages(recursive) check parameters
[0.608s] Level 1:colcon.colcon_core.package_discovery:discover_packages(ignore) check parameters
[0.608s] Level 1:colcon.colcon_core.package_discovery:discover_packages(path) check parameters
[0.609s] Level 1:colcon.colcon_core.package_discovery:discover_packages(colcon_meta) discover
[0.609s] Level 1:colcon.colcon_core.package_discovery:discover_packages(recursive) discover
[0.609s] INFO:colcon.colcon_core.package_discovery:Crawling recursively for packages in '/home/ros/scout_ws'
[0.609s] Level 1:colcon.colcon_core.package_identification:_identify(.) by extensions ['ignore', 'ignore_ament_install']
[0.609s] Level 1:colcon.colcon_core.package_identification:_identify(.) by extension 'ignore'
[0.609s] Level 1:colcon.colcon_core.package_identification:_identify(.) by extension 'ignore_ament_install'
[0.610s] Level 1:colcon.colcon_core.package_identification:_identify(.) by extensions ['colcon_pkg']
[0.610s] Level 1:colcon.colcon_core.package_identification:_identify(.) by extension 'colcon_pkg'
[0.610s] Level 1:colcon.colcon_core.package_identification:_identify(.) by extensions ['colcon_meta']
[0.610s] Level 1:colcon.colcon_core.package_identification:_identify(.) by extension 'colcon_meta'
[0.610s] Level 1:colcon.colcon_core.package_identification:_identify(.) by extensions ['ros']
[0.610s] Level 1:colcon.colcon_core.package_identification:_identify(.) by extension 'ros'
[0.632s] Level 1:colcon.colcon_core.package_identification:_identify(.) by extensions ['cmake', 'python']
[0.632s] Level 1:colcon.colcon_core.package_identification:_identify(.) by extension 'cmake'
[0.633s] Level 1:colcon.colcon_core.package_identification:_identify(.) by extension 'python'
[0.633s] Level 1:colcon.colcon_core.package_identification:_identify(.) by extensions ['python_setup_py']
[0.633s] Level 1:colcon.colcon_core.package_identification:_identify(.) by extension 'python_setup_py'
[0.633s] Level 1:colcon.colcon_core.package_identification:_identify(build) by extensions ['ignore', 'ignore_ament_install']
[0.633s] Level 1:colcon.colcon_core.package_identification:_identify(build) by extension 'ignore'
[0.633s] Level 1:colcon.colcon_core.package_identification:_identify(build) ignored
[0.634s] Level 1:colcon.colcon_core.package_identification:_identify(config) by extensions ['ignore', 'ignore_ament_install']
[0.634s] Level 1:colcon.colcon_core.package_identification:_identify(config) by extension 'ignore'
[0.634s] Level 1:colcon.colcon_core.package_identification:_identify(config) by extension 'ignore_ament_install'
[0.634s] Level 1:colcon.colcon_core.package_identification:_identify(config) by extensions ['colcon_pkg']
[0.634s] Level 1:colcon.colcon_core.package_identification:_identify(config) by extension 'colcon_pkg'
[0.634s] Level 1:colcon.colcon_core.package_identification:_identify(config) by extensions ['colcon_meta']
[0.634s] Level 1:colcon.colcon_core.package_identification:_identify(config) by extension 'colcon_meta'
[0.634s] Level 1:colcon.colcon_core.package_identification:_identify(config) by extensions ['ros']
[0.634s] Level 1:colcon.colcon_core.package_identification:_identify(config) by extension 'ros'
[0.635s] Level 1:colcon.colcon_core.package_identification:_identify(config) by extensions ['cmake', 'python']
[0.635s] Level 1:colcon.colcon_core.package_identification:_identify(config) by extension 'cmake'
[0.635s] Level 1:colcon.colcon_core.package_identification:_identify(config) by extension 'python'
[0.635s] Level 1:colcon.colcon_core.package_identification:_identify(config) by extensions ['python_setup_py']
[0.635s] Level 1:colcon.colcon_core.package_identification:_identify(config) by extension 'python_setup_py'
[0.635s] Level 1:colcon.colcon_core.package_identification:_identify(install) by extensions ['ignore', 'ignore_ament_install']
[0.635s] Level 1:colcon.colcon_core.package_identification:_identify(install) by extension 'ignore'
[0.635s] Level 1:colcon.colcon_core.package_identification:_identify(install) ignored
[0.636s] Level 1:colcon.colcon_core.package_identification:_identify(log) by extensions ['ignore', 'ignore_ament_install']
[0.636s] Level 1:colcon.colcon_core.package_identification:_identify(log) by extension 'ignore'
[0.636s] Level 1:colcon.colcon_core.package_identification:_identify(log) ignored
[0.636s] Level 1:colcon.colcon_core.package_identification:_identify(src) by extensions ['ignore', 'ignore_ament_install']
[0.636s] Level 1:colcon.colcon_core.package_identification:_identify(src) by extension 'ignore'
[0.636s] Level 1:colcon.colcon_core.package_identification:_identify(src) by extension 'ignore_ament_install'
[0.636s] Level 1:colcon.colcon_core.package_identification:_identify(src) by extensions ['colcon_pkg']
[0.636s] Level 1:colcon.colcon_core.package_identification:_identify(src) by extension 'colcon_pkg'
[0.636s] Level 1:colcon.colcon_core.package_identification:_identify(src) by extensions ['colcon_meta']
[0.637s] Level 1:colcon.colcon_core.package_identification:_identify(src) by extension 'colcon_meta'
[0.637s] Level 1:colcon.colcon_core.package_identification:_identify(src) by extensions ['ros']
[0.637s] Level 1:colcon.colcon_core.package_identification:_identify(src) by extension 'ros'
[0.637s] Level 1:colcon.colcon_core.package_identification:_identify(src) by extensions ['cmake', 'python']
[0.637s] Level 1:colcon.colcon_core.package_identification:_identify(src) by extension 'cmake'
[0.637s] Level 1:colcon.colcon_core.package_identification:_identify(src) by extension 'python'
[0.637s] Level 1:colcon.colcon_core.package_identification:_identify(src) by extensions ['python_setup_py']
[0.637s] Level 1:colcon.colcon_core.package_identification:_identify(src) by extension 'python_setup_py'
[0.637s] Level 1:colcon.colcon_core.package_identification:_identify(src/scout_mini_ros2) by extensions ['ignore', 'ignore_ament_install']
[0.637s] Level 1:colcon.colcon_core.package_identification:_identify(src/scout_mini_ros2) by extension 'ignore'
[0.637s] Level 1:colcon.colcon_core.package_identification:_identify(src/scout_mini_ros2) by extension 'ignore_ament_install'
[0.638s] Level 1:colcon.colcon_core.package_identification:_identify(src/scout_mini_ros2) by extensions ['colcon_pkg']
[0.638s] Level 1:colcon.colcon_core.package_identification:_identify(src/scout_mini_ros2) by extension 'colcon_pkg'
[0.638s] Level 1:colcon.colcon_core.package_identification:_identify(src/scout_mini_ros2) by extensions ['colcon_meta']
[0.638s] Level 1:colcon.colcon_core.package_identification:_identify(src/scout_mini_ros2) by extension 'colcon_meta'
[0.638s] Level 1:colcon.colcon_core.package_identification:_identify(src/scout_mini_ros2) by extensions ['ros']
[0.638s] Level 1:colcon.colcon_core.package_identification:_identify(src/scout_mini_ros2) by extension 'ros'
[0.638s] Level 1:colcon.colcon_core.package_identification:_identify(src/scout_mini_ros2) by extensions ['cmake', 'python']
[0.638s] Level 1:colcon.colcon_core.package_identification:_identify(src/scout_mini_ros2) by extension 'cmake'
[0.639s] Level 1:colcon.colcon_core.package_identification:_identify(src/scout_mini_ros2) by extension 'python'
[0.639s] Level 1:colcon.colcon_core.package_identification:_identify(src/scout_mini_ros2) by extensions ['python_setup_py']
[0.639s] Level 1:colcon.colcon_core.package_identification:_identify(src/scout_mini_ros2) by extension 'python_setup_py'
[0.639s] Level 1:colcon.colcon_core.package_identification:_identify(src/scout_mini_ros2/scout_mini_base) by extensions ['ignore', 'ignore_ament_install']
[0.639s] Level 1:colcon.colcon_core.package_identification:_identify(src/scout_mini_ros2/scout_mini_base) by extension 'ignore'
[0.639s] Level 1:colcon.colcon_core.package_identification:_identify(src/scout_mini_ros2/scout_mini_base) by extension 'ignore_ament_install'
[0.639s] Level 1:colcon.colcon_core.package_identification:_identify(src/scout_mini_ros2/scout_mini_base) by extensions ['colcon_pkg']
[0.639s] Level 1:colcon.colcon_core.package_identification:_identify(src/scout_mini_ros2/scout_mini_base) by extension 'colcon_pkg'
[0.639s] Level 1:colcon.colcon_core.package_identification:_identify(src/scout_mini_ros2/scout_mini_base) by extensions ['colcon_meta']
[0.639s] Level 1:colcon.colcon_core.package_identification:_identify(src/scout_mini_ros2/scout_mini_base) by extension 'colcon_meta'
[0.639s] Level 1:colcon.colcon_core.package_identification:_identify(src/scout_mini_ros2/scout_mini_base) by extensions ['ros']
[0.639s] Level 1:colcon.colcon_core.package_identification:_identify(src/scout_mini_ros2/scout_mini_base) by extension 'ros'
[0.643s] DEBUG:colcon.colcon_core.package_identification:Package 'src/scout_mini_ros2/scout_mini_base' with type 'ros.ament_cmake' and name 'scout_mini_base'
[0.644s] Level 1:colcon.colcon_core.package_identification:_identify(src/scout_mini_ros2/scout_mini_description) by extensions ['ignore', 'ignore_ament_install']
[0.644s] Level 1:colcon.colcon_core.package_identification:_identify(src/scout_mini_ros2/scout_mini_description) by extension 'ignore'
[0.644s] Level 1:colcon.colcon_core.package_identification:_identify(src/scout_mini_ros2/scout_mini_description) by extension 'ignore_ament_install'
[0.644s] Level 1:colcon.colcon_core.package_identification:_identify(src/scout_mini_ros2/scout_mini_description) by extensions ['colcon_pkg']
[0.644s] Level 1:colcon.colcon_core.package_identification:_identify(src/scout_mini_ros2/scout_mini_description) by extension 'colcon_pkg'
[0.644s] Level 1:colcon.colcon_core.package_identification:_identify(src/scout_mini_ros2/scout_mini_description) by extensions ['colcon_meta']
[0.644s] Level 1:colcon.colcon_core.package_identification:_identify(src/scout_mini_ros2/scout_mini_description) by extension 'colcon_meta'
[0.644s] Level 1:colcon.colcon_core.package_identification:_identify(src/scout_mini_ros2/scout_mini_description) by extensions ['ros']
[0.645s] Level 1:colcon.colcon_core.package_identification:_identify(src/scout_mini_ros2/scout_mini_description) by extension 'ros'
[0.645s] DEBUG:colcon.colcon_core.package_identification:Package 'src/scout_mini_ros2/scout_mini_description' with type 'ros.ament_cmake' and name 'scout_mini_description'
[0.646s] Level 1:colcon.colcon_core.package_identification:_identify(src/scout_mini_ros2/scout_mini_hardware) by extensions ['ignore', 'ignore_ament_install']
[0.646s] Level 1:colcon.colcon_core.package_identification:_identify(src/scout_mini_ros2/scout_mini_hardware) by extension 'ignore'
[0.646s] Level 1:colcon.colcon_core.package_identification:_identify(src/scout_mini_ros2/scout_mini_hardware) by extension 'ignore_ament_install'
[0.646s] Level 1:colcon.colcon_core.package_identification:_identify(src/scout_mini_ros2/scout_mini_hardware) by extensions ['colcon_pkg']
[0.646s] Level 1:colcon.colcon_core.package_identification:_identify(src/scout_mini_ros2/scout_mini_hardware) by extension 'colcon_pkg'
[0.646s] Level 1:colcon.colcon_core.package_identification:_identify(src/scout_mini_ros2/scout_mini_hardware) by extensions ['colcon_meta']
[0.646s] Level 1:colcon.colcon_core.package_identification:_identify(src/scout_mini_ros2/scout_mini_hardware) by extension 'colcon_meta'
[0.646s] Level 1:colcon.colcon_core.package_identification:_identify(src/scout_mini_ros2/scout_mini_hardware) by extensions ['ros']
[0.646s] Level 1:colcon.colcon_core.package_identification:_identify(src/scout_mini_ros2/scout_mini_hardware) by extension 'ros'
[0.648s] DEBUG:colcon.colcon_core.package_identification:Package 'src/scout_mini_ros2/scout_mini_hardware' with type 'ros.ament_cmake' and name 'scout_mini_hardware'
[0.648s] Level 1:colcon.colcon_core.package_identification:_identify(src/scout_mini_ros2/scout_mini_msgs) by extensions ['ignore', 'ignore_ament_install']
[0.648s] Level 1:colcon.colcon_core.package_identification:_identify(src/scout_mini_ros2/scout_mini_msgs) by extension 'ignore'
[0.648s] Level 1:colcon.colcon_core.package_identification:_identify(src/scout_mini_ros2/scout_mini_msgs) by extension 'ignore_ament_install'
[0.648s] Level 1:colcon.colcon_core.package_identification:_identify(src/scout_mini_ros2/scout_mini_msgs) by extensions ['colcon_pkg']
[0.648s] Level 1:colcon.colcon_core.package_identification:_identify(src/scout_mini_ros2/scout_mini_msgs) by extension 'colcon_pkg'
[0.648s] Level 1:colcon.colcon_core.package_identification:_identify(src/scout_mini_ros2/scout_mini_msgs) by extensions ['colcon_meta']
[0.648s] Level 1:colcon.colcon_core.package_identification:_identify(src/scout_mini_ros2/scout_mini_msgs) by extension 'colcon_meta'
[0.649s] Level 1:colcon.colcon_core.package_identification:_identify(src/scout_mini_ros2/scout_mini_msgs) by extensions ['ros']
[0.649s] Level 1:colcon.colcon_core.package_identification:_identify(src/scout_mini_ros2/scout_mini_msgs) by extension 'ros'
[0.650s] DEBUG:colcon.colcon_core.package_identification:Package 'src/scout_mini_ros2/scout_mini_msgs' with type 'ros.ament_cmake' and name 'scout_mini_msgs'
[0.650s] Level 1:colcon.colcon_core.package_identification:_identify(src/scout_mini_ros2/scout_mini_ros2) by extensions ['ignore', 'ignore_ament_install']
[0.651s] Level 1:colcon.colcon_core.package_identification:_identify(src/scout_mini_ros2/scout_mini_ros2) by extension 'ignore'
[0.651s] Level 1:colcon.colcon_core.package_identification:_identify(src/scout_mini_ros2/scout_mini_ros2) by extension 'ignore_ament_install'
[0.651s] Level 1:colcon.colcon_core.package_identification:_identify(src/scout_mini_ros2/scout_mini_ros2) by extensions ['colcon_pkg']
[0.651s] Level 1:colcon.colcon_core.package_identification:_identify(src/scout_mini_ros2/scout_mini_ros2) by extension 'colcon_pkg'
[0.651s] Level 1:colcon.colcon_core.package_identification:_identify(src/scout_mini_ros2/scout_mini_ros2) by extensions ['colcon_meta']
[0.651s] Level 1:colcon.colcon_core.package_identification:_identify(src/scout_mini_ros2/scout_mini_ros2) by extension 'colcon_meta'
[0.651s] Level 1:colcon.colcon_core.package_identification:_identify(src/scout_mini_ros2/scout_mini_ros2) by extensions ['ros']
[0.651s] Level 1:colcon.colcon_core.package_identification:_identify(src/scout_mini_ros2/scout_mini_ros2) by extension 'ros'
[0.652s] DEBUG:colcon.colcon_core.package_identification:Package 'src/scout_mini_ros2/scout_mini_ros2' with type 'ros.ament_cmake' and name 'scout_mini_ros2'
[0.652s] Level 1:colcon.colcon_core.package_discovery:discover_packages(recursive) using defaults
[0.652s] Level 1:colcon.colcon_core.package_discovery:discover_packages(ignore) discover
[0.652s] Level 1:colcon.colcon_core.package_discovery:discover_packages(ignore) using defaults
[0.652s] Level 1:colcon.colcon_core.package_discovery:discover_packages(path) discover
[0.652s] Level 1:colcon.colcon_core.package_discovery:discover_packages(path) using defaults
[0.708s] Level 1:colcon.colcon_core.package_discovery:discover_packages(prefix_path) check parameters
[0.708s] Level 1:colcon.colcon_core.package_discovery:discover_packages(prefix_path) discover
[0.712s] DEBUG:colcon.colcon_installed_package_information.package_discovery:Found 3 installed packages in /home/ros/scout_ws/install
[0.719s] DEBUG:colcon.colcon_installed_package_information.package_discovery:Found 453 installed packages in /opt/ros/humble
[0.722s] Level 1:colcon.colcon_core.package_discovery:discover_packages(prefix_path) using defaults
[0.836s] Level 5:colcon.colcon_core.verb:set package 'scout_mini_base' build argument 'cmake_args' from command line to 'None'
[0.836s] Level 5:colcon.colcon_core.verb:set package 'scout_mini_base' build argument 'cmake_target' from command line to 'None'
[0.836s] Level 5:colcon.colcon_core.verb:set package 'scout_mini_base' build argument 'cmake_target_skip_unavailable' from command line to 'False'
[0.836s] Level 5:colcon.colcon_core.verb:set package 'scout_mini_base' build argument 'cmake_clean_cache' from command line to 'False'
[0.836s] Level 5:colcon.colcon_core.verb:set package 'scout_mini_base' build argument 'cmake_clean_first' from command line to 'False'
[0.836s] Level 5:colcon.colcon_core.verb:set package 'scout_mini_base' build argument 'cmake_force_configure' from command line to 'False'
[0.836s] Level 5:colcon.colcon_core.verb:set package 'scout_mini_base' build argument 'ament_cmake_args' from command line to 'None'
[0.836s] Level 5:colcon.colcon_core.verb:set package 'scout_mini_base' build argument 'catkin_cmake_args' from command line to 'None'
[0.836s] Level 5:colcon.colcon_core.verb:set package 'scout_mini_base' build argument 'catkin_skip_building_tests' from command line to 'False'
[0.836s] DEBUG:colcon.colcon_core.verb:Building package 'scout_mini_base' with the following arguments: {'ament_cmake_args': None, 'build_base': '/home/ros/scout_ws/build/scout_mini_base', 'catkin_cmake_args': None, 'catkin_skip_building_tests': False, 'cmake_args': None, 'cmake_clean_cache': False, 'cmake_clean_first': False, 'cmake_force_configure': False, 'cmake_target': None, 'cmake_target_skip_unavailable': False, 'install_base': '/home/ros/scout_ws/install/scout_mini_base', 'merge_install': False, 'path': '/home/ros/scout_ws/src/scout_mini_ros2/scout_mini_base', 'symlink_install': True, 'test_result_base': None}
[0.837s] Level 5:colcon.colcon_core.verb:set package 'scout_mini_description' build argument 'cmake_args' from command line to 'None'
[0.837s] Level 5:colcon.colcon_core.verb:set package 'scout_mini_description' build argument 'cmake_target' from command line to 'None'
[0.837s] Level 5:colcon.colcon_core.verb:set package 'scout_mini_description' build argument 'cmake_target_skip_unavailable' from command line to 'False'
[0.837s] Level 5:colcon.colcon_core.verb:set package 'scout_mini_description' build argument 'cmake_clean_cache' from command line to 'False'
[0.837s] Level 5:colcon.colcon_core.verb:set package 'scout_mini_description' build argument 'cmake_clean_first' from command line to 'False'
[0.837s] Level 5:colcon.colcon_core.verb:set package 'scout_mini_description' build argument 'cmake_force_configure' from command line to 'False'
[0.837s] Level 5:colcon.colcon_core.verb:set package 'scout_mini_description' build argument 'ament_cmake_args' from command line to 'None'
[0.838s] Level 5:colcon.colcon_core.verb:set package 'scout_mini_description' build argument 'catkin_cmake_args' from command line to 'None'
[0.838s] Level 5:colcon.colcon_core.verb:set package 'scout_mini_description' build argument 'catkin_skip_building_tests' from command line to 'False'
[0.838s] DEBUG:colcon.colcon_core.verb:Building package 'scout_mini_description' with the following arguments: {'ament_cmake_args': None, 'build_base': '/home/ros/scout_ws/build/scout_mini_description', 'catkin_cmake_args': None, 'catkin_skip_building_tests': False, 'cmake_args': None, 'cmake_clean_cache': False, 'cmake_clean_first': False, 'cmake_force_configure': False, 'cmake_target': None, 'cmake_target_skip_unavailable': False, 'install_base': '/home/ros/scout_ws/install/scout_mini_description', 'merge_install': False, 'path': '/home/ros/scout_ws/src/scout_mini_ros2/scout_mini_description', 'symlink_install': True, 'test_result_base': None}
[0.838s] Level 5:colcon.colcon_core.verb:set package 'scout_mini_hardware' build argument 'cmake_args' from command line to 'None'
[0.838s] Level 5:colcon.colcon_core.verb:set package 'scout_mini_hardware' build argument 'cmake_target' from command line to 'None'
[0.838s] Level 5:colcon.colcon_core.verb:set package 'scout_mini_hardware' build argument 'cmake_target_skip_unavailable' from command line to 'False'
[0.838s] Level 5:colcon.colcon_core.verb:set package 'scout_mini_hardware' build argument 'cmake_clean_cache' from command line to 'False'
[0.838s] Level 5:colcon.colcon_core.verb:set package 'scout_mini_hardware' build argument 'cmake_clean_first' from command line to 'False'
[0.838s] Level 5:colcon.colcon_core.verb:set package 'scout_mini_hardware' build argument 'cmake_force_configure' from command line to 'False'
[0.838s] Level 5:colcon.colcon_core.verb:set package 'scout_mini_hardware' build argument 'ament_cmake_args' from command line to 'None'
[0.838s] Level 5:colcon.colcon_core.verb:set package 'scout_mini_hardware' build argument 'catkin_cmake_args' from command line to 'None'
[0.839s] Level 5:colcon.colcon_core.verb:set package 'scout_mini_hardware' build argument 'catkin_skip_building_tests' from command line to 'False'
[0.839s] DEBUG:colcon.colcon_core.verb:Building package 'scout_mini_hardware' with the following arguments: {'ament_cmake_args': None, 'build_base': '/home/ros/scout_ws/build/scout_mini_hardware', 'catkin_cmake_args': None, 'catkin_skip_building_tests': False, 'cmake_args': None, 'cmake_clean_cache': False, 'cmake_clean_first': False, 'cmake_force_configure': False, 'cmake_target': None, 'cmake_target_skip_unavailable': False, 'install_base': '/home/ros/scout_ws/install/scout_mini_hardware', 'merge_install': False, 'path': '/home/ros/scout_ws/src/scout_mini_ros2/scout_mini_hardware', 'symlink_install': True, 'test_result_base': None}
[0.839s] Level 5:colcon.colcon_core.verb:set package 'scout_mini_msgs' build argument 'cmake_args' from command line to 'None'
[0.839s] Level 5:colcon.colcon_core.verb:set package 'scout_mini_msgs' build argument 'cmake_target' from command line to 'None'
[0.839s] Level 5:colcon.colcon_core.verb:set package 'scout_mini_msgs' build argument 'cmake_target_skip_unavailable' from command line to 'False'
[0.839s] Level 5:colcon.colcon_core.verb:set package 'scout_mini_msgs' build argument 'cmake_clean_cache' from command line to 'False'
[0.839s] Level 5:colcon.colcon_core.verb:set package 'scout_mini_msgs' build argument 'cmake_clean_first' from command line to 'False'
[0.839s] Level 5:colcon.colcon_core.verb:set package 'scout_mini_msgs' build argument 'cmake_force_configure' from command line to 'False'
[0.839s] Level 5:colcon.colcon_core.verb:set package 'scout_mini_msgs' build argument 'ament_cmake_args' from command line to 'None'
[0.840s] Level 5:colcon.colcon_core.verb:set package 'scout_mini_msgs' build argument 'catkin_cmake_args' from command line to 'None'
[0.840s] Level 5:colcon.colcon_core.verb:set package 'scout_mini_msgs' build argument 'catkin_skip_building_tests' from command line to 'False'
[0.840s] DEBUG:colcon.colcon_core.verb:Building package 'scout_mini_msgs' with the following arguments: {'ament_cmake_args': None, 'build_base': '/home/ros/scout_ws/build/scout_mini_msgs', 'catkin_cmake_args': None, 'catkin_skip_building_tests': False, 'cmake_args': None, 'cmake_clean_cache': False, 'cmake_clean_first': False, 'cmake_force_configure': False, 'cmake_target': None, 'cmake_target_skip_unavailable': False, 'install_base': '/home/ros/scout_ws/install/scout_mini_msgs', 'merge_install': False, 'path': '/home/ros/scout_ws/src/scout_mini_ros2/scout_mini_msgs', 'symlink_install': True, 'test_result_base': None}
[0.840s] Level 5:colcon.colcon_core.verb:set package 'scout_mini_ros2' build argument 'cmake_args' from command line to 'None'
[0.840s] Level 5:colcon.colcon_core.verb:set package 'scout_mini_ros2' build argument 'cmake_target' from command line to 'None'
[0.840s] Level 5:colcon.colcon_core.verb:set package 'scout_mini_ros2' build argument 'cmake_target_skip_unavailable' from command line to 'False'
[0.841s] Level 5:colcon.colcon_core.verb:set package 'scout_mini_ros2' build argument 'cmake_clean_cache' from command line to 'False'
[0.841s] Level 5:colcon.colcon_core.verb:set package 'scout_mini_ros2' build argument 'cmake_clean_first' from command line to 'False'
[0.841s] Level 5:colcon.colcon_core.verb:set package 'scout_mini_ros2' build argument 'cmake_force_configure' from command line to 'False'
[0.841s] Level 5:colcon.colcon_core.verb:set package 'scout_mini_ros2' build argument 'ament_cmake_args' from command line to 'None'
[0.841s] Level 5:colcon.colcon_core.verb:set package 'scout_mini_ros2' build argument 'catkin_cmake_args' from command line to 'None'
[0.841s] Level 5:colcon.colcon_core.verb:set package 'scout_mini_ros2' build argument 'catkin_skip_building_tests' from command line to 'False'
[0.841s] DEBUG:colcon.colcon_core.verb:Building package 'scout_mini_ros2' with the following arguments: {'ament_cmake_args': None, 'build_base': '/home/ros/scout_ws/build/scout_mini_ros2', 'catkin_cmake_args': None, 'catkin_skip_building_tests': False, 'cmake_args': None, 'cmake_clean_cache': False, 'cmake_clean_first': False, 'cmake_force_configure': False, 'cmake_target': None, 'cmake_target_skip_unavailable': False, 'install_base': '/home/ros/scout_ws/install/scout_mini_ros2', 'merge_install': False, 'path': '/home/ros/scout_ws/src/scout_mini_ros2/scout_mini_ros2', 'symlink_install': True, 'test_result_base': None}
[0.841s] INFO:colcon.colcon_core.executor:Executing jobs using 'parallel' executor
[0.844s] DEBUG:colcon.colcon_parallel_executor.executor.parallel:run_until_complete
[0.845s] INFO:colcon.colcon_ros.task.ament_cmake.build:Building ROS package in '/home/ros/scout_ws/src/scout_mini_ros2/scout_mini_base' with build type 'ament_cmake'
[0.845s] INFO:colcon.colcon_cmake.task.cmake.build:Building CMake package in '/home/ros/scout_ws/src/scout_mini_ros2/scout_mini_base'
[0.849s] INFO:colcon.colcon_core.plugin_system:Skipping extension 'colcon_core.shell.bat': Not used on non-Windows systems
[0.850s] INFO:colcon.colcon_core.shell:Skip shell extension 'powershell' for command environment: Not usable outside of PowerShell
[0.850s] DEBUG:colcon.colcon_core.shell:Skip shell extension 'dsv' for command environment
[0.865s] INFO:colcon.colcon_ros.task.ament_cmake.build:Building ROS package in '/home/ros/scout_ws/src/scout_mini_ros2/scout_mini_description' with build type 'ament_cmake'
[0.865s] INFO:colcon.colcon_cmake.task.cmake.build:Building CMake package in '/home/ros/scout_ws/src/scout_mini_ros2/scout_mini_description'
[0.865s] INFO:colcon.colcon_core.shell:Skip shell extension 'powershell' for command environment: Not usable outside of PowerShell
[0.866s] DEBUG:colcon.colcon_core.shell:Skip shell extension 'dsv' for command environment
[0.882s] INFO:colcon.colcon_ros.task.ament_cmake.build:Building ROS package in '/home/ros/scout_ws/src/scout_mini_ros2/scout_mini_hardware' with build type 'ament_cmake'
[0.883s] INFO:colcon.colcon_cmake.task.cmake.build:Building CMake package in '/home/ros/scout_ws/src/scout_mini_ros2/scout_mini_hardware'
[0.883s] INFO:colcon.colcon_core.shell:Skip shell extension 'powershell' for command environment: Not usable outside of PowerShell
[0.883s] DEBUG:colcon.colcon_core.shell:Skip shell extension 'dsv' for command environment
[0.896s] INFO:colcon.colcon_ros.task.ament_cmake.build:Building ROS package in '/home/ros/scout_ws/src/scout_mini_ros2/scout_mini_msgs' with build type 'ament_cmake'
[0.896s] INFO:colcon.colcon_cmake.task.cmake.build:Building CMake package in '/home/ros/scout_ws/src/scout_mini_ros2/scout_mini_msgs'
[0.896s] INFO:colcon.colcon_core.shell:Skip shell extension 'powershell' for command environment: Not usable outside of PowerShell
[0.896s] DEBUG:colcon.colcon_core.shell:Skip shell extension 'dsv' for command environment
[0.925s] DEBUG:colcon.colcon_core.event_handler.log_command:Invoking command in '/home/ros/scout_ws/build/scout_mini_base': CMAKE_PREFIX_PATH=${CMAKE_PREFIX_PATH}:/opt/ros/humble /usr/bin/cmake --build /home/ros/scout_ws/build/scout_mini_base -- -j6 -l6
[0.943s] DEBUG:colcon.colcon_core.event_handler.log_command:Invoking command in '/home/ros/scout_ws/build/scout_mini_description': CMAKE_PREFIX_PATH=${CMAKE_PREFIX_PATH}:/opt/ros/humble /usr/bin/cmake --build /home/ros/scout_ws/build/scout_mini_description -- -j6 -l6
[0.950s] DEBUG:colcon.colcon_core.event_handler.log_command:Invoking command in '/home/ros/scout_ws/build/scout_mini_hardware': CMAKE_PREFIX_PATH=${CMAKE_PREFIX_PATH}:/opt/ros/humble /usr/bin/cmake /home/ros/scout_ws/src/scout_mini_ros2/scout_mini_hardware -DAMENT_CMAKE_SYMLINK_INSTALL=1 -DCMAKE_INSTALL_PREFIX=/home/ros/scout_ws/install/scout_mini_hardware
[0.965s] DEBUG:colcon.colcon_core.event_handler.log_command:Invoking command in '/home/ros/scout_ws/build/scout_mini_msgs': CMAKE_PREFIX_PATH=${CMAKE_PREFIX_PATH}:/opt/ros/humble /usr/bin/cmake --build /home/ros/scout_ws/build/scout_mini_msgs -- -j6 -l6
[1.097s] DEBUG:colcon.colcon_core.event_handler.log_command:Invoked command in '/home/ros/scout_ws/build/scout_mini_base' returned '0': CMAKE_PREFIX_PATH=${CMAKE_PREFIX_PATH}:/opt/ros/humble /usr/bin/cmake --build /home/ros/scout_ws/build/scout_mini_base -- -j6 -l6
[1.147s] DEBUG:colcon.colcon_core.event_handler.log_command:Invoking command in '/home/ros/scout_ws/build/scout_mini_base': CMAKE_PREFIX_PATH=${CMAKE_PREFIX_PATH}:/opt/ros/humble /usr/bin/cmake --install /home/ros/scout_ws/build/scout_mini_base
[1.200s] DEBUG:colcon.colcon_core.event_handler.log_command:Invoked command in '/home/ros/scout_ws/build/scout_mini_description' returned '0': CMAKE_PREFIX_PATH=${CMAKE_PREFIX_PATH}:/opt/ros/humble /usr/bin/cmake --build /home/ros/scout_ws/build/scout_mini_description -- -j6 -l6
[1.215s] DEBUG:colcon.colcon_core.event_handler.log_command:Invoking command in '/home/ros/scout_ws/build/scout_mini_description': CMAKE_PREFIX_PATH=${CMAKE_PREFIX_PATH}:/opt/ros/humble /usr/bin/cmake --install /home/ros/scout_ws/build/scout_mini_description
[1.248s] Level 1:colcon.colcon_core.environment:create_environment_scripts_only(scout_mini_base)
[1.255s] DEBUG:colcon.colcon_core.event_handler.log_command:Invoked command in '/home/ros/scout_ws/build/scout_mini_base' returned '0': CMAKE_PREFIX_PATH=${CMAKE_PREFIX_PATH}:/opt/ros/humble /usr/bin/cmake --install /home/ros/scout_ws/build/scout_mini_base
[1.282s] Level 1:colcon.colcon_core.environment:checking '/home/ros/scout_ws/install/scout_mini_base' for CMake module files
[1.296s] Level 1:colcon.colcon_core.environment:checking '/home/ros/scout_ws/install/scout_mini_base' for CMake config files
[1.301s] Level 1:colcon.colcon_core.shell:create_environment_hook('scout_mini_base', 'cmake_prefix_path')
[1.301s] INFO:colcon.colcon_core.shell:Creating environment hook '/home/ros/scout_ws/install/scout_mini_base/share/scout_mini_base/hook/cmake_prefix_path.ps1'
[1.306s] INFO:colcon.colcon_core.shell:Creating environment descriptor '/home/ros/scout_ws/install/scout_mini_base/share/scout_mini_base/hook/cmake_prefix_path.dsv'
[1.315s] INFO:colcon.colcon_core.shell:Creating environment hook '/home/ros/scout_ws/install/scout_mini_base/share/scout_mini_base/hook/cmake_prefix_path.sh'
[1.317s] Level 1:colcon.colcon_core.environment:checking '/home/ros/scout_ws/install/scout_mini_base/bin'
[1.317s] Level 1:colcon.colcon_core.environment:checking '/home/ros/scout_ws/install/scout_mini_base/lib/pkgconfig/scout_mini_base.pc'
[1.317s] Level 1:colcon.colcon_core.environment:checking '/home/ros/scout_ws/install/scout_mini_base/lib/python3.10/site-packages'
[1.318s] Level 1:colcon.colcon_core.environment:checking '/home/ros/scout_ws/install/scout_mini_base/bin'
[1.318s] INFO:colcon.colcon_core.shell:Creating package script '/home/ros/scout_ws/install/scout_mini_base/share/scout_mini_base/package.ps1'
[1.322s] INFO:colcon.colcon_core.shell:Creating package descriptor '/home/ros/scout_ws/install/scout_mini_base/share/scout_mini_base/package.dsv'
[1.325s] INFO:colcon.colcon_core.shell:Creating package script '/home/ros/scout_ws/install/scout_mini_base/share/scout_mini_base/package.sh'
[1.327s] INFO:colcon.colcon_core.shell:Creating package script '/home/ros/scout_ws/install/scout_mini_base/share/scout_mini_base/package.bash'
[1.330s] INFO:colcon.colcon_core.shell:Creating package script '/home/ros/scout_ws/install/scout_mini_base/share/scout_mini_base/package.zsh'
[1.332s] Level 1:colcon.colcon_core.environment:create_file_with_runtime_dependencies(/home/ros/scout_ws/install/scout_mini_base/share/colcon-core/packages/scout_mini_base)
[1.334s] Level 1:colcon.colcon_core.environment:create_environment_scripts_only(scout_mini_base)
[1.335s] Level 1:colcon.colcon_core.environment:checking '/home/ros/scout_ws/install/scout_mini_base' for CMake module files
[1.338s] Level 1:colcon.colcon_core.environment:checking '/home/ros/scout_ws/install/scout_mini_base' for CMake config files
[1.339s] Level 1:colcon.colcon_core.shell:create_environment_hook('scout_mini_base', 'cmake_prefix_path')
[1.340s] INFO:colcon.colcon_core.shell:Creating environment hook '/home/ros/scout_ws/install/scout_mini_base/share/scout_mini_base/hook/cmake_prefix_path.ps1'
[1.342s] INFO:colcon.colcon_core.shell:Creating environment descriptor '/home/ros/scout_ws/install/scout_mini_base/share/scout_mini_base/hook/cmake_prefix_path.dsv'
[1.344s] INFO:colcon.colcon_core.shell:Creating environment hook '/home/ros/scout_ws/install/scout_mini_base/share/scout_mini_base/hook/cmake_prefix_path.sh'
[1.346s] Level 1:colcon.colcon_core.environment:checking '/home/ros/scout_ws/install/scout_mini_base/bin'
[1.348s] Level 1:colcon.colcon_core.environment:checking '/home/ros/scout_ws/install/scout_mini_base/lib/pkgconfig/scout_mini_base.pc'
[1.348s] Level 1:colcon.colcon_core.environment:checking '/home/ros/scout_ws/install/scout_mini_base/lib/python3.10/site-packages'
[1.349s] Level 1:colcon.colcon_core.environment:checking '/home/ros/scout_ws/install/scout_mini_base/bin'
[1.350s] INFO:colcon.colcon_core.shell:Creating package script '/home/ros/scout_ws/install/scout_mini_base/share/scout_mini_base/package.ps1'
[1.353s] INFO:colcon.colcon_core.shell:Creating package descriptor '/home/ros/scout_ws/install/scout_mini_base/share/scout_mini_base/package.dsv'
[1.355s] INFO:colcon.colcon_core.shell:Creating package script '/home/ros/scout_ws/install/scout_mini_base/share/scout_mini_base/package.sh'
[1.355s] INFO:colcon.colcon_core.shell:Creating package script '/home/ros/scout_ws/install/scout_mini_base/share/scout_mini_base/package.bash'
[1.356s] INFO:colcon.colcon_core.shell:Creating package script '/home/ros/scout_ws/install/scout_mini_base/share/scout_mini_base/package.zsh'
[1.357s] Level 1:colcon.colcon_core.environment:create_file_with_runtime_dependencies(/home/ros/scout_ws/install/scout_mini_base/share/colcon-core/packages/scout_mini_base)
[1.367s] Level 1:colcon.colcon_core.environment:create_environment_scripts_only(scout_mini_description)
[1.367s] Level 1:colcon.colcon_core.environment:checking '/home/ros/scout_ws/install/scout_mini_description' for CMake module files
[1.369s] DEBUG:colcon.colcon_core.event_handler.log_command:Invoked command in '/home/ros/scout_ws/build/scout_mini_description' returned '0': CMAKE_PREFIX_PATH=${CMAKE_PREFIX_PATH}:/opt/ros/humble /usr/bin/cmake --install /home/ros/scout_ws/build/scout_mini_description
[1.371s] Level 1:colcon.colcon_core.environment:checking '/home/ros/scout_ws/install/scout_mini_description' for CMake config files
[1.373s] Level 1:colcon.colcon_core.shell:create_environment_hook('scout_mini_description', 'cmake_prefix_path')
[1.374s] INFO:colcon.colcon_core.shell:Creating environment hook '/home/ros/scout_ws/install/scout_mini_description/share/scout_mini_description/hook/cmake_prefix_path.ps1'
[1.376s] INFO:colcon.colcon_core.shell:Creating environment descriptor '/home/ros/scout_ws/install/scout_mini_description/share/scout_mini_description/hook/cmake_prefix_path.dsv'
[1.378s] INFO:colcon.colcon_core.shell:Creating environment hook '/home/ros/scout_ws/install/scout_mini_description/share/scout_mini_description/hook/cmake_prefix_path.sh'
[1.379s] Level 1:colcon.colcon_core.environment:checking '/home/ros/scout_ws/install/scout_mini_description/bin'
[1.379s] Level 1:colcon.colcon_core.environment:checking '/home/ros/scout_ws/install/scout_mini_description/lib/pkgconfig/scout_mini_description.pc'
[1.380s] Level 1:colcon.colcon_core.environment:checking '/home/ros/scout_ws/install/scout_mini_description/lib/python3.10/site-packages'
[1.380s] Level 1:colcon.colcon_core.environment:checking '/home/ros/scout_ws/install/scout_mini_description/bin'
[1.381s] INFO:colcon.colcon_core.shell:Creating package script '/home/ros/scout_ws/install/scout_mini_description/share/scout_mini_description/package.ps1'
[1.382s] INFO:colcon.colcon_core.shell:Creating package descriptor '/home/ros/scout_ws/install/scout_mini_description/share/scout_mini_description/package.dsv'
[1.384s] INFO:colcon.colcon_core.shell:Creating package script '/home/ros/scout_ws/install/scout_mini_description/share/scout_mini_description/package.sh'
[1.385s] INFO:colcon.colcon_core.shell:Creating package script '/home/ros/scout_ws/install/scout_mini_description/share/scout_mini_description/package.bash'
[1.386s] INFO:colcon.colcon_core.shell:Creating package script '/home/ros/scout_ws/install/scout_mini_description/share/scout_mini_description/package.zsh'
[1.387s] Level 1:colcon.colcon_core.environment:create_file_with_runtime_dependencies(/home/ros/scout_ws/install/scout_mini_description/share/colcon-core/packages/scout_mini_description)
[1.388s] Level 1:colcon.colcon_core.environment:create_environment_scripts_only(scout_mini_description)
[1.389s] Level 1:colcon.colcon_core.environment:checking '/home/ros/scout_ws/install/scout_mini_description' for CMake module files
[1.392s] Level 1:colcon.colcon_core.environment:checking '/home/ros/scout_ws/install/scout_mini_description' for CMake config files
[1.397s] Level 1:colcon.colcon_core.shell:create_environment_hook('scout_mini_description', 'cmake_prefix_path')
[1.397s] INFO:colcon.colcon_core.shell:Creating environment hook '/home/ros/scout_ws/install/scout_mini_description/share/scout_mini_description/hook/cmake_prefix_path.ps1'
[1.398s] INFO:colcon.colcon_core.shell:Creating environment descriptor '/home/ros/scout_ws/install/scout_mini_description/share/scout_mini_description/hook/cmake_prefix_path.dsv'
[1.399s] INFO:colcon.colcon_core.shell:Creating environment hook '/home/ros/scout_ws/install/scout_mini_description/share/scout_mini_description/hook/cmake_prefix_path.sh'
[1.401s] Level 1:colcon.colcon_core.environment:checking '/home/ros/scout_ws/install/scout_mini_description/bin'
[1.401s] Level 1:colcon.colcon_core.environment:checking '/home/ros/scout_ws/install/scout_mini_description/lib/pkgconfig/scout_mini_description.pc'
[1.402s] Level 1:colcon.colcon_core.environment:checking '/home/ros/scout_ws/install/scout_mini_description/lib/python3.10/site-packages'
[1.403s] Level 1:colcon.colcon_core.environment:checking '/home/ros/scout_ws/install/scout_mini_description/bin'
[1.407s] INFO:colcon.colcon_core.shell:Creating package script '/home/ros/scout_ws/install/scout_mini_description/share/scout_mini_description/package.ps1'
[1.416s] INFO:colcon.colcon_core.shell:Creating package descriptor '/home/ros/scout_ws/install/scout_mini_description/share/scout_mini_description/package.dsv'
[1.421s] INFO:colcon.colcon_core.shell:Creating package script '/home/ros/scout_ws/install/scout_mini_description/share/scout_mini_description/package.sh'
[1.423s] INFO:colcon.colcon_core.shell:Creating package script '/home/ros/scout_ws/install/scout_mini_description/share/scout_mini_description/package.bash'
[1.424s] INFO:colcon.colcon_core.shell:Creating package script '/home/ros/scout_ws/install/scout_mini_description/share/scout_mini_description/package.zsh'
[1.425s] Level 1:colcon.colcon_core.environment:create_file_with_runtime_dependencies(/home/ros/scout_ws/install/scout_mini_description/share/colcon-core/packages/scout_mini_description)
[2.110s] DEBUG:colcon.colcon_core.event_handler.log_command:Invoked command in '/home/ros/scout_ws/build/scout_mini_msgs' returned '0': CMAKE_PREFIX_PATH=${CMAKE_PREFIX_PATH}:/opt/ros/humble /usr/bin/cmake --build /home/ros/scout_ws/build/scout_mini_msgs -- -j6 -l6
[2.117s] DEBUG:colcon.colcon_core.event_handler.log_command:Invoking command in '/home/ros/scout_ws/build/scout_mini_msgs': CMAKE_PREFIX_PATH=${CMAKE_PREFIX_PATH}:/opt/ros/humble /usr/bin/cmake --install /home/ros/scout_ws/build/scout_mini_msgs
[2.384s] DEBUG:colcon.colcon_core.event_handler.log_command:Invoked command in '/home/ros/scout_ws/build/scout_mini_hardware' returned '1': CMAKE_PREFIX_PATH=${CMAKE_PREFIX_PATH}:/opt/ros/humble /usr/bin/cmake /home/ros/scout_ws/src/scout_mini_ros2/scout_mini_hardware -DAMENT_CMAKE_SYMLINK_INSTALL=1 -DCMAKE_INSTALL_PREFIX=/home/ros/scout_ws/install/scout_mini_hardware
[2.422s] Level 1:colcon.colcon_core.environment:create_environment_scripts_only(scout_mini_hardware)
[2.423s] Level 1:colcon.colcon_core.environment:checking '/home/ros/scout_ws/install/scout_mini_hardware' for CMake module files
[2.424s] Level 1:colcon.colcon_core.environment:checking '/home/ros/scout_ws/install/scout_mini_hardware' for CMake config files
[2.425s] Level 1:colcon.colcon_core.environment:checking '/home/ros/scout_ws/install/scout_mini_hardware/bin'
[2.425s] Level 1:colcon.colcon_core.environment:checking '/home/ros/scout_ws/install/scout_mini_hardware/lib/pkgconfig/scout_mini_hardware.pc'
[2.425s] Level 1:colcon.colcon_core.environment:checking '/home/ros/scout_ws/install/scout_mini_hardware/lib/python3.10/site-packages'
[2.426s] Level 1:colcon.colcon_core.environment:checking '/home/ros/scout_ws/install/scout_mini_hardware/bin'
[2.427s] INFO:colcon.colcon_core.shell:Creating package script '/home/ros/scout_ws/install/scout_mini_hardware/share/scout_mini_hardware/package.ps1'
[2.428s] INFO:colcon.colcon_core.shell:Creating package descriptor '/home/ros/scout_ws/install/scout_mini_hardware/share/scout_mini_hardware/package.dsv'
[2.428s] INFO:colcon.colcon_core.shell:Creating package script '/home/ros/scout_ws/install/scout_mini_hardware/share/scout_mini_hardware/package.sh'
[2.429s] INFO:colcon.colcon_core.shell:Creating package script '/home/ros/scout_ws/install/scout_mini_hardware/share/scout_mini_hardware/package.bash'
[2.430s] INFO:colcon.colcon_core.shell:Creating package script '/home/ros/scout_ws/install/scout_mini_hardware/share/scout_mini_hardware/package.zsh'
[2.431s] Level 1:colcon.colcon_core.environment:create_file_with_runtime_dependencies(/home/ros/scout_ws/install/scout_mini_hardware/share/colcon-core/packages/scout_mini_hardware)
[6.393s] DEBUG:colcon.colcon_parallel_executor.executor.parallel:closing loop
[6.394s] DEBUG:colcon.colcon_parallel_executor.executor.parallel:loop closed
[6.394s] DEBUG:colcon.colcon_parallel_executor.executor.parallel:run_until_complete finished with '1'
[6.394s] DEBUG:colcon.colcon_core.event_reactor:joining thread
[6.410s] INFO:colcon.colcon_core.plugin_system:Skipping extension 'colcon_notification.desktop_notification.terminal_notifier': Not used on non-Darwin systems
[6.410s] INFO:colcon.colcon_core.plugin_system:Skipping extension 'colcon_notification.desktop_notification.win32': Not used on non-Windows systems
[6.410s] INFO:colcon.colcon_notification.desktop_notification:Sending desktop notification using 'notify2'
[6.454s] DEBUG:colcon.colcon_core.event_reactor:joined thread
[6.454s] INFO:colcon.colcon_core.shell:Creating prefix script '/home/ros/scout_ws/install/local_setup.ps1'
[6.456s] INFO:colcon.colcon_core.shell:Creating prefix util module '/home/ros/scout_ws/install/_local_setup_util_ps1.py'
[6.458s] INFO:colcon.colcon_core.shell:Creating prefix chain script '/home/ros/scout_ws/install/setup.ps1'
[6.461s] INFO:colcon.colcon_core.shell:Creating prefix script '/home/ros/scout_ws/install/local_setup.sh'
[6.463s] INFO:colcon.colcon_core.shell:Creating prefix util module '/home/ros/scout_ws/install/_local_setup_util_sh.py'
[6.464s] INFO:colcon.colcon_core.shell:Creating prefix chain script '/home/ros/scout_ws/install/setup.sh'
[6.467s] INFO:colcon.colcon_core.shell:Creating prefix script '/home/ros/scout_ws/install/local_setup.bash'
[6.468s] INFO:colcon.colcon_core.shell:Creating prefix chain script '/home/ros/scout_ws/install/setup.bash'
[6.471s] INFO:colcon.colcon_core.shell:Creating prefix script '/home/ros/scout_ws/install/local_setup.zsh'
[6.472s] INFO:colcon.colcon_core.shell:Creating prefix chain script '/home/ros/scout_ws/install/setup.zsh'
