[0.116s] Invoking command in '/home/ros/scout_ws/build/scout_mini_hardware': CMAKE_PREFIX_PATH=${CMAKE_PREFIX_PATH}:/opt/ros/humble /usr/bin/cmake /home/ros/scout_ws/src/scout_mini_ros2/scout_mini_hardware -DAMENT_CMAKE_SYMLINK_INSTALL=1 -DCMAKE_INSTALL_PREFIX=/home/ros/scout_ws/install/scout_mini_hardware
[0.762s] -- The C compiler identification is GNU 11.4.0
[1.273s] -- The CXX compiler identification is GNU 11.4.0
[1.307s] -- Detecting C compiler ABI info
[1.676s] -- Detecting C compiler ABI info - done
[1.692s] -- Check for working C compiler: /usr/bin/cc - skipped
[1.696s] -- Detecting C compile features
[1.696s] -- Detecting C compile features - done
[1.705s] -- Detecting CXX compiler ABI info
[2.107s] -- Detecting CXX compiler ABI info - done
[2.123s] -- Check for working CXX compiler: /usr/bin/c++ - skipped
[2.124s] -- Detecting CXX compile features
[2.126s] -- Detecting CXX compile features - done
[2.139s] -- Found ament_cmake: 1.3.12 (/opt/ros/humble/share/ament_cmake/cmake)
[2.623s] -- Found Python3: /usr/bin/python3 (found version "3.10.12") found components: Interpreter 
[2.812s] -- Override CMake install command with custom implementation using symlinks instead of copying resources
[2.925s] -- Found rclcpp: 16.0.17 (/opt/ros/humble/share/rclcpp/cmake)
[3.109s] -- Found rosidl_generator_c: 3.1.8 (/opt/ros/humble/share/rosidl_generator_c/cmake)
[3.128s] -- Found rosidl_adapter: 3.1.8 (/opt/ros/humble/share/rosidl_adapter/cmake)
[3.162s] -- Found rosidl_generator_cpp: 3.1.8 (/opt/ros/humble/share/rosidl_generator_cpp/cmake)
[3.208s] -- Using all available rosidl_typesupport_c: rosidl_typesupport_fastrtps_c;rosidl_typesupport_introspection_c
[3.270s] -- Using all available rosidl_typesupport_cpp: rosidl_typesupport_fastrtps_cpp;rosidl_typesupport_introspection_cpp
[3.437s] -- Found rmw_implementation_cmake: 6.1.2 (/opt/ros/humble/share/rmw_implementation_cmake/cmake)
[3.464s] -- Found rmw_fastrtps_cpp: 6.2.9 (/opt/ros/humble/share/rmw_fastrtps_cpp/cmake)
[3.816s] -- Found OpenSSL: /usr/lib/x86_64-linux-gnu/libcrypto.so (found version "3.0.2")  
[3.901s] -- Found FastRTPS: /opt/ros/humble/include  
[4.038s] -- Using RMW implementation 'rmw_fastrtps_cpp' as default
[4.074s] -- Looking for pthread.h
[4.401s] -- Looking for pthread.h - found
[4.408s] -- Performing Test CMAKE_HAVE_LIBC_PTHREAD
[4.750s] -- Performing Test CMAKE_HAVE_LIBC_PTHREAD - Success
[4.765s] -- Found Threads: TRUE  
[4.901s] -- Found hardware_interface: 2.53.0 (/opt/ros/humble/share/hardware_interface/cmake)
[5.396s] -- Found realtime_tools: 2.15.0 (/opt/ros/humble/share/realtime_tools/cmake)
[5.442s] -- Found can_msgs: 2.0.0 (/opt/ros/humble/share/can_msgs/cmake)
[5.504s] -- Found ros2_socketcan: 1.3.0 (/opt/ros/humble/share/ros2_socketcan/cmake)
[5.645s] [31mCMake Error at CMakeLists.txt:27 (find_package):
[5.645s]   By not providing "Findscout_mini_msgs.cmake" in CMAKE_MODULE_PATH this
[5.646s]   project has asked CMake to find a package configuration file provided by
[5.646s]   "scout_mini_msgs", but CMake did not find one.
[5.647s] 
[5.647s]   Could not find a package configuration file provided by "scout_mini_msgs"
[5.647s]   with any of the following names:
[5.647s] 
[5.647s]     scout_mini_msgsConfig.cmake
[5.647s]     scout_mini_msgs-config.cmake
[5.648s] 
[5.648s]   Add the installation prefix of "scout_mini_msgs" to CMAKE_PREFIX_PATH or
[5.648s]   set "scout_mini_msgs_DIR" to a directory containing one of the above files.
[5.648s]   If "scout_mini_msgs" provides a separate development package or SDK, be
[5.648s]   sure it has been installed.
[5.648s] 
[5.648s] [0m
[5.649s] -- Configuring incomplete, errors occurred!
[5.649s] See also "/home/ros/scout_ws/build/scout_mini_hardware/CMakeFiles/CMakeOutput.log".
[5.689s] Invoked command in '/home/ros/scout_ws/build/scout_mini_hardware' returned '1': CMAKE_PREFIX_PATH=${CMAKE_PREFIX_PATH}:/opt/ros/humble /usr/bin/cmake /home/ros/scout_ws/src/scout_mini_ros2/scout_mini_hardware -DAMENT_CMAKE_SYMLINK_INSTALL=1 -DCMAKE_INSTALL_PREFIX=/home/ros/scout_ws/install/scout_mini_hardware
