-- Found ament_cmake: 1.3.12 (/opt/ros/humble/share/ament_cmake/cmake)
-- Override CMake install command with custom implementation using symlinks instead of copying resources
-- Found urdf: 2.6.1 (/opt/ros/humble/share/urdf/cmake)
-- Found rviz2: 11.2.25 (/opt/ros/humble/share/rviz2/cmake)
-- Found robot_state_publisher: 3.0.3 (/opt/ros/humble/share/robot_state_publisher/cmake)
-- Found rosidl_generator_c: 3.1.8 (/opt/ros/humble/share/rosidl_generator_c/cmake)
-- Found rosidl_adapter: 3.1.8 (/opt/ros/humble/share/rosidl_adapter/cmake)
-- Found rosidl_generator_cpp: 3.1.8 (/opt/ros/humble/share/rosidl_generator_cpp/cmake)
-- Using all available rosidl_typesupport_c: rosidl_typesupport_fastrtps_c;rosidl_typesupport_introspection_c
-- Using all available rosidl_typesupport_cpp: rosidl_typesupport_fastrtps_cpp;rosidl_typesupport_introspection_cpp
-- Found eigen3_cmake_module: 0.1.1 (/opt/ros/humble/share/eigen3_cmake_module/cmake)
-- Ensuring Eigen3 include directory is part of orocos-kdl CMake target
-- Found rmw_implementation_cmake: 6.1.2 (/opt/ros/humble/share/rmw_implementation_cmake/cmake)
-- Found rmw_fastrtps_cpp: 6.2.9 (/opt/ros/humble/share/rmw_fastrtps_cpp/cmake)
-- Found TinyXML2 via Config file: TinyXML2_DIR-NOTFOUND
-- Found TinyXML2 via Config file: TinyXML2_DIR-NOTFOUND
-- Found TinyXML2 via Config file: TinyXML2_DIR-NOTFOUND
-- Found TinyXML2 via Config file: TinyXML2_DIR-NOTFOUND
-- Using RMW implementation 'rmw_fastrtps_cpp' as default
-- Configuring done
-- Generating done
-- Build files have been written to: /home/ros/scout_ws/build/scout_mini_description
-- Install configuration: ""
-- Execute custom install script
-- Symlinking: /home/ros/scout_ws/install/scout_mini_description/share/scout_mini_description/launch/build/.built_by
-- Symlinking: /home/ros/scout_ws/install/scout_mini_description/share/scout_mini_description/launch/build/COLCON_IGNORE
-- Symlinking: /home/ros/scout_ws/install/scout_mini_description/share/scout_mini_description/launch/cartographer.launch.py
-- Symlinking: /home/ros/scout_ws/install/scout_mini_description/share/scout_mini_description/launch/description_launch.py
-- Symlinking: /home/ros/scout_ws/install/scout_mini_description/share/scout_mini_description/launch/headless_sim_launch.py
-- Symlinking: /home/ros/scout_ws/install/scout_mini_description/share/scout_mini_description/launch/install/.colcon_install_layout
-- Symlinking: /home/ros/scout_ws/install/scout_mini_description/share/scout_mini_description/launch/install/COLCON_IGNORE
-- Symlinking: /home/ros/scout_ws/install/scout_mini_description/share/scout_mini_description/launch/install/_local_setup_util_ps1.py
-- Symlinking: /home/ros/scout_ws/install/scout_mini_description/share/scout_mini_description/launch/install/_local_setup_util_sh.py
-- Symlinking: /home/ros/scout_ws/install/scout_mini_description/share/scout_mini_description/launch/install/local_setup.bash
-- Symlinking: /home/ros/scout_ws/install/scout_mini_description/share/scout_mini_description/launch/install/local_setup.ps1
-- Symlinking: /home/ros/scout_ws/install/scout_mini_description/share/scout_mini_description/launch/install/local_setup.sh
-- Symlinking: /home/ros/scout_ws/install/scout_mini_description/share/scout_mini_description/launch/install/local_setup.zsh
-- Symlinking: /home/ros/scout_ws/install/scout_mini_description/share/scout_mini_description/launch/install/setup.bash
-- Symlinking: /home/ros/scout_ws/install/scout_mini_description/share/scout_mini_description/launch/install/setup.ps1
-- Symlinking: /home/ros/scout_ws/install/scout_mini_description/share/scout_mini_description/launch/install/setup.sh
-- Symlinking: /home/ros/scout_ws/install/scout_mini_description/share/scout_mini_description/launch/install/setup.zsh
-- Symlinking: /home/ros/scout_ws/install/scout_mini_description/share/scout_mini_description/launch/log/COLCON_IGNORE
-- Symlinking: /home/ros/scout_ws/install/scout_mini_description/share/scout_mini_description/launch/log/build_2026-02-06_18-03-30/events.log
-- Symlinking: /home/ros/scout_ws/install/scout_mini_description/share/scout_mini_description/launch/log/build_2026-02-06_18-03-30/logger_all.log
-- Symlinking: /home/ros/scout_ws/install/scout_mini_description/share/scout_mini_description/launch/log/build_2026-02-06_18-03-59/events.log
-- Symlinking: /home/ros/scout_ws/install/scout_mini_description/share/scout_mini_description/launch/log/build_2026-02-06_18-03-59/logger_all.log
-- Up-to-date symlink: /home/ros/scout_ws/install/scout_mini_description/share/scout_mini_description/launch/log/latest/events.log
-- Up-to-date symlink: /home/ros/scout_ws/install/scout_mini_description/share/scout_mini_description/launch/log/latest/logger_all.log
-- Up-to-date symlink: /home/ros/scout_ws/install/scout_mini_description/share/scout_mini_description/launch/log/latest_build/events.log
-- Up-to-date symlink: /home/ros/scout_ws/install/scout_mini_description/share/scout_mini_description/launch/log/latest_build/logger_all.log
-- Symlinking: /home/ros/scout_ws/install/scout_mini_description/share/scout_mini_description/launch/navigation.launch.py
-- Symlinking: /home/ros/scout_ws/install/scout_mini_description/share/scout_mini_description/launch/rviz2_launch.py
-- Symlinking: /home/ros/scout_ws/install/scout_mini_description/share/scout_mini_description/launch/scout_auto.launch.py
-- Symlinking: /home/ros/scout_ws/install/scout_mini_description/share/scout_mini_description/meshes/body.dae
-- Symlinking: /home/ros/scout_ws/install/scout_mini_description/share/scout_mini_description/meshes/wheel.dae
-- Symlinking: /home/ros/scout_ws/install/scout_mini_description/share/scout_mini_description/rviz/scout_mini.rviz
-- Symlinking: /home/ros/scout_ws/install/scout_mini_description/share/scout_mini_description/urdf/scout_mini.urdf.xacro
-- Symlinking: /home/ros/scout_ws/install/scout_mini_description/share/scout_mini_description/urdf/scout_mini.urdf.xacro.bak
-- Symlinking: /home/ros/scout_ws/install/scout_mini_description/share/scout_mini_description/config/scout_cartographer.lua
-- Symlinking: /home/ros/scout_ws/install/scout_mini_description/share/scout_mini_description/config/scout_nav2.yaml
-- Symlinking: /home/ros/scout_ws/install/scout_mini_description/share/scout_mini_description/worlds/turtlebot3_slow.world
-- Symlinking: /home/ros/scout_ws/install/scout_mini_description/share/scout_mini_description/maps/my_scout_map.pgm
-- Symlinking: /home/ros/scout_ws/install/scout_mini_description/share/scout_mini_description/maps/my_scout_map.yaml
-- Symlinking: /home/ros/scout_ws/install/scout_mini_description/share/ament_index/resource_index/package_run_dependencies/scout_mini_description
-- Symlinking: /home/ros/scout_ws/install/scout_mini_description/share/ament_index/resource_index/parent_prefix_path/scout_mini_description
-- Symlinking: /home/ros/scout_ws/install/scout_mini_description/share/scout_mini_description/environment/ament_prefix_path.sh
-- Symlinking: /home/ros/scout_ws/install/scout_mini_description/share/scout_mini_description/environment/ament_prefix_path.dsv
-- Symlinking: /home/ros/scout_ws/install/scout_mini_description/share/scout_mini_description/environment/path.sh
-- Symlinking: /home/ros/scout_ws/install/scout_mini_description/share/scout_mini_description/environment/path.dsv
-- Symlinking: /home/ros/scout_ws/install/scout_mini_description/share/scout_mini_description/local_setup.bash
-- Symlinking: /home/ros/scout_ws/install/scout_mini_description/share/scout_mini_description/local_setup.sh
-- Symlinking: /home/ros/scout_ws/install/scout_mini_description/share/scout_mini_description/local_setup.zsh
-- Symlinking: /home/ros/scout_ws/install/scout_mini_description/share/scout_mini_description/local_setup.dsv
-- Symlinking: /home/ros/scout_ws/install/scout_mini_description/share/scout_mini_description/package.dsv
-- Symlinking: /home/ros/scout_ws/install/scout_mini_description/share/ament_index/resource_index/packages/scout_mini_description
-- Symlinking: /home/ros/scout_ws/install/scout_mini_description/share/scout_mini_description/cmake/scout_mini_descriptionConfig.cmake
-- Symlinking: /home/ros/scout_ws/install/scout_mini_description/share/scout_mini_description/cmake/scout_mini_descriptionConfig-version.cmake
-- Symlinking: /home/ros/scout_ws/install/scout_mini_description/share/scout_mini_description/package.xml
