[0.065s] Invoking command in '/home/ros/scout_ws/build/scout_mini_hardware': CMAKE_PREFIX_PATH=${CMAKE_PREFIX_PATH}:/opt/ros/humble /usr/bin/cmake /home/ros/scout_ws/src/scout_mini_ros2/scout_mini_hardware -DAMENT_CMAKE_SYMLINK_INSTALL=1 -DCMAKE_INSTALL_PREFIX=/home/ros/scout_ws/install/scout_mini_hardware
[0.110s] -- Found ament_cmake: 1.3.12 (/opt/ros/humble/share/ament_cmake/cmake)
[0.549s] -- Override CMake install command with custom implementation using symlinks instead of copying resources
[0.572s] -- Found rclcpp: 16.0.17 (/opt/ros/humble/share/rclcpp/cmake)
[0.637s] -- Found rosidl_generator_c: 3.1.8 (/opt/ros/humble/share/rosidl_generator_c/cmake)
[0.643s] -- Found rosidl_adapter: 3.1.8 (/opt/ros/humble/share/rosidl_adapter/cmake)
[0.659s] -- Found rosidl_generator_cpp: 3.1.8 (/opt/ros/humble/share/rosidl_generator_cpp/cmake)
[0.679s] -- Using all available rosidl_typesupport_c: rosidl_typesupport_fastrtps_c;rosidl_typesupport_introspection_c
[0.708s] -- Using all available rosidl_typesupport_cpp: rosidl_typesupport_fastrtps_cpp;rosidl_typesupport_introspection_cpp
[0.778s] -- Found rmw_implementation_cmake: 6.1.2 (/opt/ros/humble/share/rmw_implementation_cmake/cmake)
[0.782s] -- Found rmw_fastrtps_cpp: 6.2.9 (/opt/ros/humble/share/rmw_fastrtps_cpp/cmake)
[1.041s] -- Using RMW implementation 'rmw_fastrtps_cpp' as default
[1.119s] -- Found hardware_interface: 2.53.0 (/opt/ros/humble/share/hardware_interface/cmake)
[1.361s] -- Found realtime_tools: 2.15.0 (/opt/ros/humble/share/realtime_tools/cmake)
[1.378s] -- Found can_msgs: 2.0.0 (/opt/ros/humble/share/can_msgs/cmake)
[1.399s] -- Found ros2_socketcan: 1.3.0 (/opt/ros/humble/share/ros2_socketcan/cmake)
[1.480s] -- Configuring incomplete, errors occurred!
[1.481s] See also "/home/ros/scout_ws/build/scout_mini_hardware/CMakeFiles/CMakeOutput.log".
[1.482s] [31mCMake Error at CMakeLists.txt:27 (find_package):
[1.482s]   By not providing "Findscout_mini_msgs.cmake" in CMAKE_MODULE_PATH this
[1.482s]   project has asked CMake to find a package configuration file provided by
[1.482s]   "scout_mini_msgs", but CMake did not find one.
[1.482s] 
[1.483s]   Could not find a package configuration file provided by "scout_mini_msgs"
[1.483s]   with any of the following names:
[1.483s] 
[1.483s]     scout_mini_msgsConfig.cmake
[1.483s]     scout_mini_msgs-config.cmake
[1.484s] 
[1.484s]   Add the installation prefix of "scout_mini_msgs" to CMAKE_PREFIX_PATH or
[1.484s]   set "scout_mini_msgs_DIR" to a directory containing one of the above files.
[1.484s]   If "scout_mini_msgs" provides a separate development package or SDK, be
[1.484s]   sure it has been installed.
[1.485s] 
[1.485s] [0m
[1.499s] Invoked command in '/home/ros/scout_ws/build/scout_mini_hardware' returned '1': CMAKE_PREFIX_PATH=${CMAKE_PREFIX_PATH}:/opt/ros/humble /usr/bin/cmake /home/ros/scout_ws/src/scout_mini_ros2/scout_mini_hardware -DAMENT_CMAKE_SYMLINK_INSTALL=1 -DCMAKE_INSTALL_PREFIX=/home/ros/scout_ws/install/scout_mini_hardware
