[35m[1mConsolidate compiler generated dependencies of target scout_mini_msgs__rosidl_generator_c[0m
[  1%] Built target scout_mini_msgs__cpp
[ 12%] Built target scout_mini_msgs__rosidl_generator_c
[35m[1mConsolidate compiler generated dependencies of target scout_mini_msgs__rosidl_typesupport_fastrtps_cpp[0m
[ 12%] Built target ament_cmake_python_symlink_scout_mini_msgs
[35m[1mConsolidate compiler generated dependencies of target scout_mini_msgs__rosidl_typesupport_cpp[0m
[35m[1mConsolidate compiler generated dependencies of target scout_mini_msgs__rosidl_typesupport_introspection_cpp[0m
[35m[1mConsolidate compiler generated dependencies of target scout_mini_msgs__rosidl_typesupport_introspection_c[0m
[35m[1mConsolidate compiler generated dependencies of target scout_mini_msgs__rosidl_typesupport_fastrtps_c[0m
[35m[1mConsolidate compiler generated dependencies of target scout_mini_msgs__rosidl_typesupport_c[0m
[ 23%] Built target scout_mini_msgs__rosidl_typesupport_fastrtps_cpp
[ 35%] Built target scout_mini_msgs__rosidl_typesupport_cpp
[ 46%] Built target scout_mini_msgs__rosidl_typesupport_introspection_c
[ 57%] Built target scout_mini_msgs__rosidl_typesupport_introspection_cpp
[ 69%] Built target scout_mini_msgs__rosidl_typesupport_fastrtps_c
[ 80%] Built target scout_mini_msgs__rosidl_typesupport_c
[ 80%] Built target scout_mini_msgs
[ 81%] Built target scout_mini_msgs__py
[35m[1mConsolidate compiler generated dependencies of target scout_mini_msgs__rosidl_generator_py[0m
[ 91%] Built target scout_mini_msgs__rosidl_generator_py
[35m[1mConsolidate compiler generated dependencies of target scout_mini_msgs__rosidl_typesupport_fastrtps_c__pyext[0m
[35m[1mConsolidate compiler generated dependencies of target scout_mini_msgs__rosidl_typesupport_introspection_c__pyext[0m
[35m[1mConsolidate compiler generated dependencies of target scout_mini_msgs__rosidl_typesupport_c__pyext[0m
[ 94%] Built target scout_mini_msgs__rosidl_typesupport_fastrtps_c__pyext
[ 97%] Built target scout_mini_msgs__rosidl_typesupport_introspection_c__pyext
[100%] Built target scout_mini_msgs__rosidl_typesupport_c__pyext
running egg_info
writing scout_mini_msgs.egg-info/PKG-INFO
writing dependency_links to scout_mini_msgs.egg-info/dependency_links.txt
writing top-level names to scout_mini_msgs.egg-info/top_level.txt
reading manifest file 'scout_mini_msgs.egg-info/SOURCES.txt'
writing manifest file 'scout_mini_msgs.egg-info/SOURCES.txt'
[100%] Built target ament_cmake_python_build_scout_mini_msgs_egg
-- Install configuration: ""
-- Execute custom install script
-- Symlinking: /home/ros/scout_ws/install/scout_mini_msgs/share/ament_index/resource_index/rosidl_interfaces/scout_mini_msgs
-- Symlinking: /home/ros/scout_ws/install/scout_mini_msgs/include/scout_mini_msgs/scout_mini_msgs/msg/detail/driver_state__functions.h
-- Symlinking: /home/ros/scout_ws/install/scout_mini_msgs/include/scout_mini_msgs/scout_mini_msgs/msg/detail/driver_state__struct.h
-- Symlinking: /home/ros/scout_ws/install/scout_mini_msgs/include/scout_mini_msgs/scout_mini_msgs/msg/detail/driver_state__type_support.h
-- Symlinking: /home/ros/scout_ws/install/scout_mini_msgs/include/scout_mini_msgs/scout_mini_msgs/msg/detail/fault_state__functions.h
-- Symlinking: /home/ros/scout_ws/install/scout_mini_msgs/include/scout_mini_msgs/scout_mini_msgs/msg/detail/fault_state__struct.h
-- Symlinking: /home/ros/scout_ws/install/scout_mini_msgs/include/scout_mini_msgs/scout_mini_msgs/msg/detail/fault_state__type_support.h
-- Symlinking: /home/ros/scout_ws/install/scout_mini_msgs/include/scout_mini_msgs/scout_mini_msgs/msg/detail/light_command__functions.h
-- Symlinking: /home/ros/scout_ws/install/scout_mini_msgs/include/scout_mini_msgs/scout_mini_msgs/msg/detail/light_command__struct.h
-- Symlinking: /home/ros/scout_ws/install/scout_mini_msgs/include/scout_mini_msgs/scout_mini_msgs/msg/detail/light_command__type_support.h
-- Symlinking: /home/ros/scout_ws/install/scout_mini_msgs/include/scout_mini_msgs/scout_mini_msgs/msg/detail/light_state__functions.h
-- Symlinking: /home/ros/scout_ws/install/scout_mini_msgs/include/scout_mini_msgs/scout_mini_msgs/msg/detail/light_state__struct.h
-- Symlinking: /home/ros/scout_ws/install/scout_mini_msgs/include/scout_mini_msgs/scout_mini_msgs/msg/detail/light_state__type_support.h
-- Symlinking: /home/ros/scout_ws/install/scout_mini_msgs/include/scout_mini_msgs/scout_mini_msgs/msg/detail/motor_state__functions.h
-- Symlinking: /home/ros/scout_ws/install/scout_mini_msgs/include/scout_mini_msgs/scout_mini_msgs/msg/detail/motor_state__struct.h
-- Symlinking: /home/ros/scout_ws/install/scout_mini_msgs/include/scout_mini_msgs/scout_mini_msgs/msg/detail/motor_state__type_support.h
-- Symlinking: /home/ros/scout_ws/install/scout_mini_msgs/include/scout_mini_msgs/scout_mini_msgs/msg/detail/robot_state__functions.h
-- Symlinking: /home/ros/scout_ws/install/scout_mini_msgs/include/scout_mini_msgs/scout_mini_msgs/msg/detail/robot_state__struct.h
-- Symlinking: /home/ros/scout_ws/install/scout_mini_msgs/include/scout_mini_msgs/scout_mini_msgs/msg/detail/robot_state__type_support.h
-- Symlinking: /home/ros/scout_ws/install/scout_mini_msgs/include/scout_mini_msgs/scout_mini_msgs/msg/driver_state.h
-- Symlinking: /home/ros/scout_ws/install/scout_mini_msgs/include/scout_mini_msgs/scout_mini_msgs/msg/fault_state.h
-- Symlinking: /home/ros/scout_ws/install/scout_mini_msgs/include/scout_mini_msgs/scout_mini_msgs/msg/light_command.h
-- Symlinking: /home/ros/scout_ws/install/scout_mini_msgs/include/scout_mini_msgs/scout_mini_msgs/msg/light_state.h
-- Symlinking: /home/ros/scout_ws/install/scout_mini_msgs/include/scout_mini_msgs/scout_mini_msgs/msg/motor_state.h
-- Symlinking: /home/ros/scout_ws/install/scout_mini_msgs/include/scout_mini_msgs/scout_mini_msgs/msg/robot_state.h
-- Symlinking: /home/ros/scout_ws/install/scout_mini_msgs/include/scout_mini_msgs/scout_mini_msgs/msg/rosidl_generator_c__visibility_control.h
-- Symlinking: /home/ros/scout_ws/install/scout_mini_msgs/share/scout_mini_msgs/environment/library_path.sh
-- Symlinking: /home/ros/scout_ws/install/scout_mini_msgs/share/scout_mini_msgs/environment/library_path.dsv
-- Symlinking: /home/ros/scout_ws/install/scout_mini_msgs/include/scout_mini_msgs/scout_mini_msgs/msg/detail/driver_state__rosidl_typesupport_fastrtps_c.h
-- Symlinking: /home/ros/scout_ws/install/scout_mini_msgs/include/scout_mini_msgs/scout_mini_msgs/msg/detail/fault_state__rosidl_typesupport_fastrtps_c.h
-- Symlinking: /home/ros/scout_ws/install/scout_mini_msgs/include/scout_mini_msgs/scout_mini_msgs/msg/detail/light_command__rosidl_typesupport_fastrtps_c.h
-- Symlinking: /home/ros/scout_ws/install/scout_mini_msgs/include/scout_mini_msgs/scout_mini_msgs/msg/detail/light_state__rosidl_typesupport_fastrtps_c.h
-- Symlinking: /home/ros/scout_ws/install/scout_mini_msgs/include/scout_mini_msgs/scout_mini_msgs/msg/detail/motor_state__rosidl_typesupport_fastrtps_c.h
-- Symlinking: /home/ros/scout_ws/install/scout_mini_msgs/include/scout_mini_msgs/scout_mini_msgs/msg/detail/robot_state__rosidl_typesupport_fastrtps_c.h
-- Symlinking: /home/ros/scout_ws/install/scout_mini_msgs/include/scout_mini_msgs/scout_mini_msgs/msg/rosidl_typesupport_fastrtps_c__visibility_control.h
-- Symlinking: /home/ros/scout_ws/install/scout_mini_msgs/include/scout_mini_msgs/scout_mini_msgs/msg/detail/driver_state__rosidl_typesupport_introspection_c.h
-- Symlinking: /home/ros/scout_ws/install/scout_mini_msgs/include/scout_mini_msgs/scout_mini_msgs/msg/detail/fault_state__rosidl_typesupport_introspection_c.h
-- Symlinking: /home/ros/scout_ws/install/scout_mini_msgs/include/scout_mini_msgs/scout_mini_msgs/msg/detail/light_command__rosidl_typesupport_introspection_c.h
-- Symlinking: /home/ros/scout_ws/install/scout_mini_msgs/include/scout_mini_msgs/scout_mini_msgs/msg/detail/light_state__rosidl_typesupport_introspection_c.h
-- Symlinking: /home/ros/scout_ws/install/scout_mini_msgs/include/scout_mini_msgs/scout_mini_msgs/msg/detail/motor_state__rosidl_typesupport_introspection_c.h
-- Symlinking: /home/ros/scout_ws/install/scout_mini_msgs/include/scout_mini_msgs/scout_mini_msgs/msg/detail/robot_state__rosidl_typesupport_introspection_c.h
-- Symlinking: /home/ros/scout_ws/install/scout_mini_msgs/include/scout_mini_msgs/scout_mini_msgs/msg/rosidl_typesupport_introspection_c__visibility_control.h
-- Symlinking: /home/ros/scout_ws/install/scout_mini_msgs/include/scout_mini_msgs/scout_mini_msgs/msg/detail/driver_state__builder.hpp
-- Symlinking: /home/ros/scout_ws/install/scout_mini_msgs/include/scout_mini_msgs/scout_mini_msgs/msg/detail/driver_state__struct.hpp
-- Symlinking: /home/ros/scout_ws/install/scout_mini_msgs/include/scout_mini_msgs/scout_mini_msgs/msg/detail/driver_state__traits.hpp
-- Symlinking: /home/ros/scout_ws/install/scout_mini_msgs/include/scout_mini_msgs/scout_mini_msgs/msg/detail/driver_state__type_support.hpp
-- Symlinking: /home/ros/scout_ws/install/scout_mini_msgs/include/scout_mini_msgs/scout_mini_msgs/msg/detail/fault_state__builder.hpp
-- Symlinking: /home/ros/scout_ws/install/scout_mini_msgs/include/scout_mini_msgs/scout_mini_msgs/msg/detail/fault_state__struct.hpp
-- Symlinking: /home/ros/scout_ws/install/scout_mini_msgs/include/scout_mini_msgs/scout_mini_msgs/msg/detail/fault_state__traits.hpp
-- Symlinking: /home/ros/scout_ws/install/scout_mini_msgs/include/scout_mini_msgs/scout_mini_msgs/msg/detail/fault_state__type_support.hpp
-- Symlinking: /home/ros/scout_ws/install/scout_mini_msgs/include/scout_mini_msgs/scout_mini_msgs/msg/detail/light_command__builder.hpp
-- Symlinking: /home/ros/scout_ws/install/scout_mini_msgs/include/scout_mini_msgs/scout_mini_msgs/msg/detail/light_command__struct.hpp
-- Symlinking: /home/ros/scout_ws/install/scout_mini_msgs/include/scout_mini_msgs/scout_mini_msgs/msg/detail/light_command__traits.hpp
-- Symlinking: /home/ros/scout_ws/install/scout_mini_msgs/include/scout_mini_msgs/scout_mini_msgs/msg/detail/light_command__type_support.hpp
-- Symlinking: /home/ros/scout_ws/install/scout_mini_msgs/include/scout_mini_msgs/scout_mini_msgs/msg/detail/light_state__builder.hpp
-- Symlinking: /home/ros/scout_ws/install/scout_mini_msgs/include/scout_mini_msgs/scout_mini_msgs/msg/detail/light_state__struct.hpp
-- Symlinking: /home/ros/scout_ws/install/scout_mini_msgs/include/scout_mini_msgs/scout_mini_msgs/msg/detail/light_state__traits.hpp
-- Symlinking: /home/ros/scout_ws/install/scout_mini_msgs/include/scout_mini_msgs/scout_mini_msgs/msg/detail/light_state__type_support.hpp
-- Symlinking: /home/ros/scout_ws/install/scout_mini_msgs/include/scout_mini_msgs/scout_mini_msgs/msg/detail/motor_state__builder.hpp
-- Symlinking: /home/ros/scout_ws/install/scout_mini_msgs/include/scout_mini_msgs/scout_mini_msgs/msg/detail/motor_state__struct.hpp
-- Symlinking: /home/ros/scout_ws/install/scout_mini_msgs/include/scout_mini_msgs/scout_mini_msgs/msg/detail/motor_state__traits.hpp
-- Symlinking: /home/ros/scout_ws/install/scout_mini_msgs/include/scout_mini_msgs/scout_mini_msgs/msg/detail/motor_state__type_support.hpp
-- Symlinking: /home/ros/scout_ws/install/scout_mini_msgs/include/scout_mini_msgs/scout_mini_msgs/msg/detail/robot_state__builder.hpp
-- Symlinking: /home/ros/scout_ws/install/scout_mini_msgs/include/scout_mini_msgs/scout_mini_msgs/msg/detail/robot_state__struct.hpp
-- Symlinking: /home/ros/scout_ws/install/scout_mini_msgs/include/scout_mini_msgs/scout_mini_msgs/msg/detail/robot_state__traits.hpp
-- Symlinking: /home/ros/scout_ws/install/scout_mini_msgs/include/scout_mini_msgs/scout_mini_msgs/msg/detail/robot_state__type_support.hpp
-- Symlinking: /home/ros/scout_ws/install/scout_mini_msgs/include/scout_mini_msgs/scout_mini_msgs/msg/driver_state.hpp
-- Symlinking: /home/ros/scout_ws/install/scout_mini_msgs/include/scout_mini_msgs/scout_mini_msgs/msg/fault_state.hpp
-- Symlinking: /home/ros/scout_ws/install/scout_mini_msgs/include/scout_mini_msgs/scout_mini_msgs/msg/light_command.hpp
-- Symlinking: /home/ros/scout_ws/install/scout_mini_msgs/include/scout_mini_msgs/scout_mini_msgs/msg/light_state.hpp
-- Symlinking: /home/ros/scout_ws/install/scout_mini_msgs/include/scout_mini_msgs/scout_mini_msgs/msg/motor_state.hpp
-- Symlinking: /home/ros/scout_ws/install/scout_mini_msgs/include/scout_mini_msgs/scout_mini_msgs/msg/robot_state.hpp
-- Symlinking: /home/ros/scout_ws/install/scout_mini_msgs/include/scout_mini_msgs/scout_mini_msgs/msg/rosidl_generator_cpp__visibility_control.hpp
-- Symlinking: /home/ros/scout_ws/install/scout_mini_msgs/include/scout_mini_msgs/scout_mini_msgs/msg/detail/driver_state__rosidl_typesupport_fastrtps_cpp.hpp
-- Symlinking: /home/ros/scout_ws/install/scout_mini_msgs/include/scout_mini_msgs/scout_mini_msgs/msg/detail/fault_state__rosidl_typesupport_fastrtps_cpp.hpp
-- Symlinking: /home/ros/scout_ws/install/scout_mini_msgs/include/scout_mini_msgs/scout_mini_msgs/msg/detail/light_command__rosidl_typesupport_fastrtps_cpp.hpp
-- Symlinking: /home/ros/scout_ws/install/scout_mini_msgs/include/scout_mini_msgs/scout_mini_msgs/msg/detail/light_state__rosidl_typesupport_fastrtps_cpp.hpp
-- Symlinking: /home/ros/scout_ws/install/scout_mini_msgs/include/scout_mini_msgs/scout_mini_msgs/msg/detail/motor_state__rosidl_typesupport_fastrtps_cpp.hpp
-- Symlinking: /home/ros/scout_ws/install/scout_mini_msgs/include/scout_mini_msgs/scout_mini_msgs/msg/detail/robot_state__rosidl_typesupport_fastrtps_cpp.hpp
-- Symlinking: /home/ros/scout_ws/install/scout_mini_msgs/include/scout_mini_msgs/scout_mini_msgs/msg/rosidl_typesupport_fastrtps_cpp__visibility_control.h
-- Symlinking: /home/ros/scout_ws/install/scout_mini_msgs/include/scout_mini_msgs/scout_mini_msgs/msg/detail/driver_state__rosidl_typesupport_introspection_cpp.hpp
-- Symlinking: /home/ros/scout_ws/install/scout_mini_msgs/include/scout_mini_msgs/scout_mini_msgs/msg/detail/fault_state__rosidl_typesupport_introspection_cpp.hpp
-- Symlinking: /home/ros/scout_ws/install/scout_mini_msgs/include/scout_mini_msgs/scout_mini_msgs/msg/detail/light_command__rosidl_typesupport_introspection_cpp.hpp
-- Symlinking: /home/ros/scout_ws/install/scout_mini_msgs/include/scout_mini_msgs/scout_mini_msgs/msg/detail/light_state__rosidl_typesupport_introspection_cpp.hpp
-- Symlinking: /home/ros/scout_ws/install/scout_mini_msgs/include/scout_mini_msgs/scout_mini_msgs/msg/detail/motor_state__rosidl_typesupport_introspection_cpp.hpp
-- Symlinking: /home/ros/scout_ws/install/scout_mini_msgs/include/scout_mini_msgs/scout_mini_msgs/msg/detail/robot_state__rosidl_typesupport_introspection_cpp.hpp
-- Symlinking: /home/ros/scout_ws/install/scout_mini_msgs/share/scout_mini_msgs/environment/pythonpath.sh
-- Symlinking: /home/ros/scout_ws/install/scout_mini_msgs/share/scout_mini_msgs/environment/pythonpath.dsv
-- Symlinking: /home/ros/scout_ws/install/scout_mini_msgs/local/lib/python3.10/dist-packages/scout_mini_msgs-0.1.0-py3.10.egg-info/PKG-INFO
-- Symlinking: /home/ros/scout_ws/install/scout_mini_msgs/local/lib/python3.10/dist-packages/scout_mini_msgs-0.1.0-py3.10.egg-info/SOURCES.txt
-- Symlinking: /home/ros/scout_ws/install/scout_mini_msgs/local/lib/python3.10/dist-packages/scout_mini_msgs-0.1.0-py3.10.egg-info/dependency_links.txt
-- Symlinking: /home/ros/scout_ws/install/scout_mini_msgs/local/lib/python3.10/dist-packages/scout_mini_msgs-0.1.0-py3.10.egg-info/top_level.txt
-- Symlinking: /home/ros/scout_ws/install/scout_mini_msgs/local/lib/python3.10/dist-packages/scout_mini_msgs/__init__.py
-- Symlinking: /home/ros/scout_ws/install/scout_mini_msgs/local/lib/python3.10/dist-packages/scout_mini_msgs/_scout_mini_msgs_s.ep.rosidl_typesupport_c.c
-- Symlinking: /home/ros/scout_ws/install/scout_mini_msgs/local/lib/python3.10/dist-packages/scout_mini_msgs/_scout_mini_msgs_s.ep.rosidl_typesupport_fastrtps_c.c
-- Symlinking: /home/ros/scout_ws/install/scout_mini_msgs/local/lib/python3.10/dist-packages/scout_mini_msgs/_scout_mini_msgs_s.ep.rosidl_typesupport_introspection_c.c
-- Symlinking: /home/ros/scout_ws/install/scout_mini_msgs/local/lib/python3.10/dist-packages/scout_mini_msgs/libscout_mini_msgs__rosidl_generator_py.so
-- Symlinking: /home/ros/scout_ws/install/scout_mini_msgs/local/lib/python3.10/dist-packages/scout_mini_msgs/msg/__init__.py
-- Symlinking: /home/ros/scout_ws/install/scout_mini_msgs/local/lib/python3.10/dist-packages/scout_mini_msgs/msg/_driver_state.py
-- Symlinking: /home/ros/scout_ws/install/scout_mini_msgs/local/lib/python3.10/dist-packages/scout_mini_msgs/msg/_driver_state_s.c
-- Symlinking: /home/ros/scout_ws/install/scout_mini_msgs/local/lib/python3.10/dist-packages/scout_mini_msgs/msg/_fault_state.py
-- Symlinking: /home/ros/scout_ws/install/scout_mini_msgs/local/lib/python3.10/dist-packages/scout_mini_msgs/msg/_fault_state_s.c
-- Symlinking: /home/ros/scout_ws/install/scout_mini_msgs/local/lib/python3.10/dist-packages/scout_mini_msgs/msg/_light_command.py
-- Symlinking: /home/ros/scout_ws/install/scout_mini_msgs/local/lib/python3.10/dist-packages/scout_mini_msgs/msg/_light_command_s.c
-- Symlinking: /home/ros/scout_ws/install/scout_mini_msgs/local/lib/python3.10/dist-packages/scout_mini_msgs/msg/_light_state.py
-- Symlinking: /home/ros/scout_ws/install/scout_mini_msgs/local/lib/python3.10/dist-packages/scout_mini_msgs/msg/_light_state_s.c
-- Symlinking: /home/ros/scout_ws/install/scout_mini_msgs/local/lib/python3.10/dist-packages/scout_mini_msgs/msg/_motor_state.py
-- Symlinking: /home/ros/scout_ws/install/scout_mini_msgs/local/lib/python3.10/dist-packages/scout_mini_msgs/msg/_motor_state_s.c
-- Symlinking: /home/ros/scout_ws/install/scout_mini_msgs/local/lib/python3.10/dist-packages/scout_mini_msgs/msg/_robot_state.py
-- Symlinking: /home/ros/scout_ws/install/scout_mini_msgs/local/lib/python3.10/dist-packages/scout_mini_msgs/msg/_robot_state_s.c
-- Symlinking: /home/ros/scout_ws/install/scout_mini_msgs/local/lib/python3.10/dist-packages/scout_mini_msgs/scout_mini_msgs_s__rosidl_typesupport_c.cpython-310-x86_64-linux-gnu.so
-- Symlinking: /home/ros/scout_ws/install/scout_mini_msgs/local/lib/python3.10/dist-packages/scout_mini_msgs/scout_mini_msgs_s__rosidl_typesupport_fastrtps_c.cpython-310-x86_64-linux-gnu.so
-- Symlinking: /home/ros/scout_ws/install/scout_mini_msgs/local/lib/python3.10/dist-packages/scout_mini_msgs/scout_mini_msgs_s__rosidl_typesupport_introspection_c.cpython-310-x86_64-linux-gnu.so
-- Up-to-date symlink: /home/ros/scout_ws/install/scout_mini_msgs/local/lib/python3.10/dist-packages/scout_mini_msgs/scout_mini_msgs_s__rosidl_typesupport_fastrtps_c.cpython-310-x86_64-linux-gnu.so
-- Up-to-date symlink: /home/ros/scout_ws/install/scout_mini_msgs/local/lib/python3.10/dist-packages/scout_mini_msgs/scout_mini_msgs_s__rosidl_typesupport_introspection_c.cpython-310-x86_64-linux-gnu.so
-- Up-to-date symlink: /home/ros/scout_ws/install/scout_mini_msgs/local/lib/python3.10/dist-packages/scout_mini_msgs/scout_mini_msgs_s__rosidl_typesupport_c.cpython-310-x86_64-linux-gnu.so
-- Symlinking: /home/ros/scout_ws/install/scout_mini_msgs/share/scout_mini_msgs/msg/DriverState.idl
-- Symlinking: /home/ros/scout_ws/install/scout_mini_msgs/share/scout_mini_msgs/msg/FaultState.idl
-- Symlinking: /home/ros/scout_ws/install/scout_mini_msgs/share/scout_mini_msgs/msg/LightCommand.idl
-- Symlinking: /home/ros/scout_ws/install/scout_mini_msgs/share/scout_mini_msgs/msg/LightState.idl
-- Symlinking: /home/ros/scout_ws/install/scout_mini_msgs/share/scout_mini_msgs/msg/MotorState.idl
-- Symlinking: /home/ros/scout_ws/install/scout_mini_msgs/share/scout_mini_msgs/msg/RobotState.idl
-- Symlinking: /home/ros/scout_ws/install/scout_mini_msgs/share/scout_mini_msgs/msg/DriverState.msg
-- Symlinking: /home/ros/scout_ws/install/scout_mini_msgs/share/scout_mini_msgs/msg/FaultState.msg
-- Symlinking: /home/ros/scout_ws/install/scout_mini_msgs/share/scout_mini_msgs/msg/LightCommand.msg
-- Symlinking: /home/ros/scout_ws/install/scout_mini_msgs/share/scout_mini_msgs/msg/LightState.msg
-- Symlinking: /home/ros/scout_ws/install/scout_mini_msgs/share/scout_mini_msgs/msg/MotorState.msg
-- Symlinking: /home/ros/scout_ws/install/scout_mini_msgs/share/scout_mini_msgs/msg/RobotState.msg
-- Symlinking: /home/ros/scout_ws/install/scout_mini_msgs/share/ament_index/resource_index/package_run_dependencies/scout_mini_msgs
-- Symlinking: /home/ros/scout_ws/install/scout_mini_msgs/share/ament_index/resource_index/parent_prefix_path/scout_mini_msgs
-- Symlinking: /home/ros/scout_ws/install/scout_mini_msgs/share/scout_mini_msgs/environment/ament_prefix_path.sh
-- Symlinking: /home/ros/scout_ws/install/scout_mini_msgs/share/scout_mini_msgs/environment/ament_prefix_path.dsv
-- Symlinking: /home/ros/scout_ws/install/scout_mini_msgs/share/scout_mini_msgs/environment/path.sh
-- Symlinking: /home/ros/scout_ws/install/scout_mini_msgs/share/scout_mini_msgs/environment/path.dsv
-- Symlinking: /home/ros/scout_ws/install/scout_mini_msgs/share/scout_mini_msgs/local_setup.bash
-- Symlinking: /home/ros/scout_ws/install/scout_mini_msgs/share/scout_mini_msgs/local_setup.sh
-- Symlinking: /home/ros/scout_ws/install/scout_mini_msgs/share/scout_mini_msgs/local_setup.zsh
-- Symlinking: /home/ros/scout_ws/install/scout_mini_msgs/share/scout_mini_msgs/local_setup.dsv
-- Symlinking: /home/ros/scout_ws/install/scout_mini_msgs/share/scout_mini_msgs/package.dsv
-- Symlinking: /home/ros/scout_ws/install/scout_mini_msgs/share/ament_index/resource_index/packages/scout_mini_msgs
-- Symlinking: /home/ros/scout_ws/install/scout_mini_msgs/share/scout_mini_msgs/cmake/rosidl_cmake-extras.cmake
-- Symlinking: /home/ros/scout_ws/install/scout_mini_msgs/share/scout_mini_msgs/cmake/ament_cmake_export_dependencies-extras.cmake
-- Symlinking: /home/ros/scout_ws/install/scout_mini_msgs/share/scout_mini_msgs/cmake/ament_cmake_export_include_directories-extras.cmake
-- Symlinking: /home/ros/scout_ws/install/scout_mini_msgs/share/scout_mini_msgs/cmake/ament_cmake_export_libraries-extras.cmake
-- Symlinking: /home/ros/scout_ws/install/scout_mini_msgs/share/scout_mini_msgs/cmake/ament_cmake_export_targets-extras.cmake
-- Symlinking: /home/ros/scout_ws/install/scout_mini_msgs/share/scout_mini_msgs/cmake/rosidl_cmake_export_typesupport_targets-extras.cmake
-- Symlinking: /home/ros/scout_ws/install/scout_mini_msgs/share/scout_mini_msgs/cmake/rosidl_cmake_export_typesupport_libraries-extras.cmake
-- Symlinking: /home/ros/scout_ws/install/scout_mini_msgs/share/scout_mini_msgs/cmake/scout_mini_msgsConfig.cmake
-- Symlinking: /home/ros/scout_ws/install/scout_mini_msgs/share/scout_mini_msgs/cmake/scout_mini_msgsConfig-version.cmake
-- Symlinking: /home/ros/scout_ws/install/scout_mini_msgs/share/scout_mini_msgs/package.xml
-- Installing: /home/ros/scout_ws/install/scout_mini_msgs/lib/libscout_mini_msgs__rosidl_generator_c.so
-- Set runtime path of "/home/ros/scout_ws/install/scout_mini_msgs/lib/libscout_mini_msgs__rosidl_generator_c.so" to ""
-- Installing: /home/ros/scout_ws/install/scout_mini_msgs/lib/libscout_mini_msgs__rosidl_typesupport_fastrtps_c.so
-- Set runtime path of "/home/ros/scout_ws/install/scout_mini_msgs/lib/libscout_mini_msgs__rosidl_typesupport_fastrtps_c.so" to ""
-- Installing: /home/ros/scout_ws/install/scout_mini_msgs/lib/libscout_mini_msgs__rosidl_typesupport_introspection_c.so
-- Set runtime path of "/home/ros/scout_ws/install/scout_mini_msgs/lib/libscout_mini_msgs__rosidl_typesupport_introspection_c.so" to ""
-- Installing: /home/ros/scout_ws/install/scout_mini_msgs/lib/libscout_mini_msgs__rosidl_typesupport_c.so
-- Set runtime path of "/home/ros/scout_ws/install/scout_mini_msgs/lib/libscout_mini_msgs__rosidl_typesupport_c.so" to ""
-- Installing: /home/ros/scout_ws/install/scout_mini_msgs/lib/libscout_mini_msgs__rosidl_typesupport_fastrtps_cpp.so
-- Set runtime path of "/home/ros/scout_ws/install/scout_mini_msgs/lib/libscout_mini_msgs__rosidl_typesupport_fastrtps_cpp.so" to ""
-- Installing: /home/ros/scout_ws/install/scout_mini_msgs/lib/libscout_mini_msgs__rosidl_typesupport_introspection_cpp.so
-- Set runtime path of "/home/ros/scout_ws/install/scout_mini_msgs/lib/libscout_mini_msgs__rosidl_typesupport_introspection_cpp.so" to ""
-- Installing: /home/ros/scout_ws/install/scout_mini_msgs/lib/libscout_mini_msgs__rosidl_typesupport_cpp.so
-- Set runtime path of "/home/ros/scout_ws/install/scout_mini_msgs/lib/libscout_mini_msgs__rosidl_typesupport_cpp.so" to ""
Listing '/home/ros/scout_ws/install/scout_mini_msgs/local/lib/python3.10/dist-packages/scout_mini_msgs'...
Compiling '/home/ros/scout_ws/install/scout_mini_msgs/local/lib/python3.10/dist-packages/scout_mini_msgs/__init__.py'...
Listing '/home/ros/scout_ws/install/scout_mini_msgs/local/lib/python3.10/dist-packages/scout_mini_msgs/msg'...
Compiling '/home/ros/scout_ws/install/scout_mini_msgs/local/lib/python3.10/dist-packages/scout_mini_msgs/msg/__init__.py'...
Compiling '/home/ros/scout_ws/install/scout_mini_msgs/local/lib/python3.10/dist-packages/scout_mini_msgs/msg/_driver_state.py'...
Compiling '/home/ros/scout_ws/install/scout_mini_msgs/local/lib/python3.10/dist-packages/scout_mini_msgs/msg/_fault_state.py'...
Compiling '/home/ros/scout_ws/install/scout_mini_msgs/local/lib/python3.10/dist-packages/scout_mini_msgs/msg/_light_command.py'...
Compiling '/home/ros/scout_ws/install/scout_mini_msgs/local/lib/python3.10/dist-packages/scout_mini_msgs/msg/_light_state.py'...
Compiling '/home/ros/scout_ws/install/scout_mini_msgs/local/lib/python3.10/dist-packages/scout_mini_msgs/msg/_motor_state.py'...
Compiling '/home/ros/scout_ws/install/scout_mini_msgs/local/lib/python3.10/dist-packages/scout_mini_msgs/msg/_robot_state.py'...
-- Installing: /home/ros/scout_ws/install/scout_mini_msgs/lib/libscout_mini_msgs__rosidl_generator_py.so
-- Set runtime path of "/home/ros/scout_ws/install/scout_mini_msgs/lib/libscout_mini_msgs__rosidl_generator_py.so" to ""
-- Installing: /home/ros/scout_ws/install/scout_mini_msgs/share/scout_mini_msgs/cmake/export_scout_mini_msgs__rosidl_generator_cExport.cmake
-- Installing: /home/ros/scout_ws/install/scout_mini_msgs/share/scout_mini_msgs/cmake/export_scout_mini_msgs__rosidl_generator_cExport-noconfig.cmake
-- Installing: /home/ros/scout_ws/install/scout_mini_msgs/share/scout_mini_msgs/cmake/export_scout_mini_msgs__rosidl_typesupport_fastrtps_cExport.cmake
-- Installing: /home/ros/scout_ws/install/scout_mini_msgs/share/scout_mini_msgs/cmake/export_scout_mini_msgs__rosidl_typesupport_fastrtps_cExport-noconfig.cmake
-- Installing: /home/ros/scout_ws/install/scout_mini_msgs/share/scout_mini_msgs/cmake/scout_mini_msgs__rosidl_typesupport_introspection_cExport.cmake
-- Installing: /home/ros/scout_ws/install/scout_mini_msgs/share/scout_mini_msgs/cmake/scout_mini_msgs__rosidl_typesupport_introspection_cExport-noconfig.cmake
-- Installing: /home/ros/scout_ws/install/scout_mini_msgs/share/scout_mini_msgs/cmake/scout_mini_msgs__rosidl_typesupport_cExport.cmake
-- Installing: /home/ros/scout_ws/install/scout_mini_msgs/share/scout_mini_msgs/cmake/scout_mini_msgs__rosidl_typesupport_cExport-noconfig.cmake
-- Installing: /home/ros/scout_ws/install/scout_mini_msgs/share/scout_mini_msgs/cmake/export_scout_mini_msgs__rosidl_generator_cppExport.cmake
-- Installing: /home/ros/scout_ws/install/scout_mini_msgs/share/scout_mini_msgs/cmake/export_scout_mini_msgs__rosidl_typesupport_fastrtps_cppExport.cmake
-- Installing: /home/ros/scout_ws/install/scout_mini_msgs/share/scout_mini_msgs/cmake/export_scout_mini_msgs__rosidl_typesupport_fastrtps_cppExport-noconfig.cmake
-- Installing: /home/ros/scout_ws/install/scout_mini_msgs/share/scout_mini_msgs/cmake/scout_mini_msgs__rosidl_typesupport_introspection_cppExport.cmake
-- Installing: /home/ros/scout_ws/install/scout_mini_msgs/share/scout_mini_msgs/cmake/scout_mini_msgs__rosidl_typesupport_introspection_cppExport-noconfig.cmake
-- Installing: /home/ros/scout_ws/install/scout_mini_msgs/share/scout_mini_msgs/cmake/scout_mini_msgs__rosidl_typesupport_cppExport.cmake
-- Installing: /home/ros/scout_ws/install/scout_mini_msgs/share/scout_mini_msgs/cmake/scout_mini_msgs__rosidl_typesupport_cppExport-noconfig.cmake
-- Installing: /home/ros/scout_ws/install/scout_mini_msgs/share/scout_mini_msgs/cmake/export_scout_mini_msgs__rosidl_generator_pyExport.cmake
-- Installing: /home/ros/scout_ws/install/scout_mini_msgs/share/scout_mini_msgs/cmake/export_scout_mini_msgs__rosidl_generator_pyExport-noconfig.cmake
