[0.124s] Invoking command in '/home/ros/scout_ws/build/scout_mini_base': CMAKE_PREFIX_PATH=${CMAKE_PREFIX_PATH}:/opt/ros/humble /usr/bin/cmake /home/ros/scout_ws/src/scout_mini_ros2/scout_mini_base -DAMENT_CMAKE_SYMLINK_INSTALL=1 -DCMAKE_INSTALL_PREFIX=/home/ros/scout_ws/install/scout_mini_base
[0.809s] -- The C compiler identification is GNU 11.4.0
[1.349s] -- The CXX compiler identification is GNU 11.4.0
[1.384s] -- Detecting C compiler ABI info
[1.747s] -- Detecting C compiler ABI info - done
[1.758s] -- Check for working C compiler: /usr/bin/cc - skipped
[1.758s] -- Detecting C compile features
[1.759s] -- Detecting C compile features - done
[1.770s] -- Detecting CXX compiler ABI info
[2.128s] -- Detecting CXX compiler ABI info - done
[2.148s] -- Check for working CXX compiler: /usr/bin/c++ - skipped
[2.149s] -- Detecting CXX compile features
[2.149s] -- Detecting CXX compile features - done
[2.167s] -- Found ament_cmake: 1.3.12 (/opt/ros/humble/share/ament_cmake/cmake)
[2.655s] -- Found Python3: /usr/bin/python3 (found version "3.10.12") found components: Interpreter 
[2.815s] -- Override CMake install command with custom implementation using symlinks instead of copying resources
[2.944s] -- Found ros2_control: 2.53.0 (/opt/ros/humble/share/ros2_control/cmake)
[2.950s] -- Found ros2_controllers: 2.52.0 (/opt/ros/humble/share/ros2_controllers/cmake)
[2.963s] -- Found twist_mux: 4.3.0 (/opt/ros/humble/share/twist_mux/cmake)
[3.129s] -- Found rosidl_generator_c: 3.1.8 (/opt/ros/humble/share/rosidl_generator_c/cmake)
[3.145s] -- Found rosidl_adapter: 3.1.8 (/opt/ros/humble/share/rosidl_adapter/cmake)
[3.181s] -- Found rosidl_generator_cpp: 3.1.8 (/opt/ros/humble/share/rosidl_generator_cpp/cmake)
[3.224s] -- Using all available rosidl_typesupport_c: rosidl_typesupport_fastrtps_c;rosidl_typesupport_introspection_c
[3.277s] -- Using all available rosidl_typesupport_cpp: rosidl_typesupport_fastrtps_cpp;rosidl_typesupport_introspection_cpp
[3.445s] -- Found rmw_implementation_cmake: 6.1.2 (/opt/ros/humble/share/rmw_implementation_cmake/cmake)
[3.450s] -- Found rmw_fastrtps_cpp: 6.2.9 (/opt/ros/humble/share/rmw_fastrtps_cpp/cmake)
[3.813s] -- Found OpenSSL: /usr/lib/x86_64-linux-gnu/libcrypto.so (found version "3.0.2")  
[3.902s] -- Found FastRTPS: /opt/ros/humble/include  
[4.066s] -- Using RMW implementation 'rmw_fastrtps_cpp' as default
[4.097s] -- Looking for pthread.h
[4.464s] -- Looking for pthread.h - found
[4.465s] -- Performing Test CMAKE_HAVE_LIBC_PTHREAD
[4.873s] -- Performing Test CMAKE_HAVE_LIBC_PTHREAD - Success
[4.876s] -- Found Threads: TRUE  
[5.696s] -- Configuring done
[5.725s] -- Generating done
[5.731s] -- Build files have been written to: /home/ros/scout_ws/build/scout_mini_base
[5.778s] Invoked command in '/home/ros/scout_ws/build/scout_mini_base' returned '0': CMAKE_PREFIX_PATH=${CMAKE_PREFIX_PATH}:/opt/ros/humble /usr/bin/cmake /home/ros/scout_ws/src/scout_mini_ros2/scout_mini_base -DAMENT_CMAKE_SYMLINK_INSTALL=1 -DCMAKE_INSTALL_PREFIX=/home/ros/scout_ws/install/scout_mini_base
[5.780s] Invoking command in '/home/ros/scout_ws/build/scout_mini_base': CMAKE_PREFIX_PATH=${CMAKE_PREFIX_PATH}:/opt/ros/humble /usr/bin/cmake --build /home/ros/scout_ws/build/scout_mini_base -- -j6 -l6
